JobId=840019 JobName=name
   UserId=lfz080(4890) GroupId=levina(4024) MCS_label=N/A
   Priority=74985 Nice=0 Account=levina QOS=normal
   JobState=RUNNING Reason=None Dependency=(null)
   Requeue=1 Restarts=0 BatchFlag=1 Reboot=0 ExitCode=0:0
   RunTime=00:00:00 TimeLimit=3-00:00:00 TimeMin=N/A
   SubmitTime=2024-11-23T21:36:23 EligibleTime=2024-11-23T21:36:23
   AccrueTime=2024-11-23T21:36:24
   StartTime=2024-11-23T21:36:24 EndTime=2024-11-26T21:36:24 Deadline=N/A
   PreemptEligibleTime=2024-11-23T21:37:24 PreemptTime=None
   SuspendTime=None SecsPreSuspend=0 LastSchedEval=2024-11-23T21:36:24 Scheduler=Main
   Partition=2080-galvani AllocNode:Sid=galvani-slurmctl:2233703
   ReqNodeList=(null) ExcNodeList=(null)
   NodeList=galvani-cn108
   BatchHost=galvani-cn108
   NumNodes=1 NumCPUs=8 NumTasks=1 CPUs/Task=8 ReqB:S:C:T=0:0:*:*
   ReqTRES=cpu=8,mem=40G,node=1,billing=2,gres/gpu=1
   AllocTRES=cpu=8,mem=40G,node=1,billing=2,gres/gpu=1,gres/gpu:rtx2080ti=1
   Socks/Node=* NtasksPerN:B:S:C=0:0:*:* CoreSpec=*
   MinCPUsNode=8 MinMemoryNode=40G MinTmpDiskNode=0
   Features=(null) DelayBoot=00:00:00
   OverSubscribe=OK Contiguous=0 Licenses=(null) Network=(null)
   Command=/mnt/qb/home/levina/lfz080/Walka/Implementierung_Bachelorarbeit/script.sh
   WorkDir=/mnt/qb/home/levina/lfz080/Walka/Implementierung_Bachelorarbeit
   StdErr=/mnt/qb/home/levina/lfz080/Walka/Implementierung_Bachelorarbeit/slurm-840019.out
   StdIn=/dev/null
   StdOut=/mnt/qb/home/levina/lfz080/Walka/Implementierung_Bachelorarbeit/slurm-840019.out
   Power=
   TresPerNode=gres:gpu:1
   MailUser=walka37@gmail.com MailType=BEGIN,END,FAIL
   

  File "/home/levina/lfz080/Walka/Implementierung_Bachelorarbeit/tests_subset.py", line 12
    Global_act, Branching_global, Autocorrelation, Average_Activity_sub, Average_Activity_rest, Average_Alpha_sub, Average_Alpha_rest, Avalanche_Distribution, Time_Distribution, Avalanche_Distribution_sub, Avalanche_Distribution_rest = Run_Model_Subset.Run_Model_subset("AA", cons.N, cons.Seconds, h=cons.h, cons.compiled)
                                                                                                                                                                                                                                                                                                                                 ^
SyntaxError: positional argument follows keyword argument
srun: error: galvani-cn108: task 0: Exited with exit code 1
srun: Terminating StepId=840019.0
