JobId=839399 JobName=name
   UserId=lfz080(4890) GroupId=levina(4024) MCS_label=N/A
   Priority=74985 Nice=0 Account=levina QOS=normal
   JobState=RUNNING Reason=None Dependency=(null)
   Requeue=1 Restarts=0 BatchFlag=1 Reboot=0 ExitCode=0:0
   RunTime=00:00:00 TimeLimit=3-00:00:00 TimeMin=N/A
   SubmitTime=2024-11-23T09:26:43 EligibleTime=2024-11-23T09:26:43
   AccrueTime=2024-11-23T09:26:44
   StartTime=2024-11-23T09:26:44 EndTime=2024-11-26T09:26:44 Deadline=N/A
   PreemptEligibleTime=2024-11-23T09:27:44 PreemptTime=None
   SuspendTime=None SecsPreSuspend=0 LastSchedEval=2024-11-23T09:26:44 Scheduler=Main
   Partition=2080-galvani AllocNode:Sid=galvani-slurmctl:97321
   ReqNodeList=(null) ExcNodeList=(null)
   NodeList=galvani-cn126
   BatchHost=galvani-cn126
   NumNodes=1 NumCPUs=8 NumTasks=1 CPUs/Task=8 ReqB:S:C:T=0:0:*:*
   ReqTRES=cpu=8,mem=40G,node=1,billing=2,gres/gpu=1
   AllocTRES=cpu=8,mem=40G,node=1,billing=2,gres/gpu=1,gres/gpu:rtx2080ti=1
   Socks/Node=* NtasksPerN:B:S:C=0:0:*:* CoreSpec=*
   MinCPUsNode=8 MinMemoryNode=40G MinTmpDiskNode=0
   Features=(null) DelayBoot=00:00:00
   OverSubscribe=OK Contiguous=0 Licenses=(null) Network=(null)
   Command=/mnt/qb/home/levina/lfz080/Walka/Implementierung_Bachelorarbeit/script.sh
   WorkDir=/mnt/qb/home/levina/lfz080/Walka/Implementierung_Bachelorarbeit
   StdErr=/mnt/qb/home/levina/lfz080/Walka/Implementierung_Bachelorarbeit/slurm-839399.out
   StdIn=/dev/null
   StdOut=/mnt/qb/home/levina/lfz080/Walka/Implementierung_Bachelorarbeit/slurm-839399.out
   Power=
   TresPerNode=gres:gpu:1
   MailUser=walka37@gmail.com MailType=BEGIN,END,FAIL
   

/home/levina/lfz080/Walka/Implementierung_Bachelorarbeit/Ploting/AvalanchePlot.py:32: RuntimeWarning: invalid value encountered in divide
  probabilities = counts / counts.sum()
0.0 Seconds of 1
Traceback (most recent call last):
  File "/home/levina/lfz080/Walka/Implementierung_Bachelorarbeit/tests.py", line 51, in <module>
    homeo.plot_homeostatic(Average_Alpha, color, title_h, cons.N, cons.Seconds)
TypeError: plot_homeostatic() takes 4 positional arguments but 5 were given
srun: error: galvani-cn126: task 0: Exited with exit code 1
srun: Terminating StepId=839399.0
