JobId=857213 JobName=name
   UserId=lfz080(4890) GroupId=levina(4024) MCS_label=N/A
   Priority=75115 Nice=0 Account=levina QOS=normal
   JobState=RUNNING Reason=None Dependency=(null)
   Requeue=1 Restarts=0 BatchFlag=1 Reboot=0 ExitCode=0:0
   RunTime=00:00:01 TimeLimit=3-00:00:00 TimeMin=N/A
   SubmitTime=2024-11-27T19:45:15 EligibleTime=2024-11-27T19:45:15
   AccrueTime=2024-11-27T19:45:16
   StartTime=2024-11-27T19:45:16 EndTime=2024-11-30T19:45:16 Deadline=N/A
   PreemptEligibleTime=2024-11-27T19:46:16 PreemptTime=None
   SuspendTime=None SecsPreSuspend=0 LastSchedEval=2024-11-27T19:45:16 Scheduler=Main
   Partition=2080-galvani AllocNode:Sid=galvani-slurmctl:3566808
   ReqNodeList=(null) ExcNodeList=(null)
   NodeList=galvani-cn111
   BatchHost=galvani-cn111
   NumNodes=1 NumCPUs=8 NumTasks=1 CPUs/Task=8 ReqB:S:C:T=0:0:*:*
   ReqTRES=cpu=8,mem=40G,node=1,billing=2,gres/gpu=1
   AllocTRES=cpu=8,mem=40G,node=1,billing=2,gres/gpu=1,gres/gpu:rtx2080ti=1
   Socks/Node=* NtasksPerN:B:S:C=0:0:*:* CoreSpec=*
   MinCPUsNode=8 MinMemoryNode=40G MinTmpDiskNode=0
   Features=(null) DelayBoot=00:00:00
   OverSubscribe=OK Contiguous=0 Licenses=(null) Network=(null)
   Command=/mnt/qb/home/levina/lfz080/Walka/Implementierung_Bachelorarbeit/script.sh
   WorkDir=/mnt/qb/home/levina/lfz080/Walka/Implementierung_Bachelorarbeit
   StdErr=/mnt/qb/home/levina/lfz080/Walka/Implementierung_Bachelorarbeit/slurm-857213.out
   StdIn=/dev/null
   StdOut=/mnt/qb/home/levina/lfz080/Walka/Implementierung_Bachelorarbeit/slurm-857213.out
   Power=
   TresPerNode=gres:gpu:1
   MailUser=walka37@gmail.com MailType=BEGIN,END,FAIL
   

START
1732733118.9712856
0.0 Seconds of 1501
100.0 Seconds of 1501
200.0 Seconds of 1501
300.0 Seconds of 1501
400.0 Seconds of 1501
500.0 Seconds of 1501
600.0 Seconds of 1501
700.0 Seconds of 1501
800.0 Seconds of 1501
900.0 Seconds of 1501
1000.0 Seconds of 1501
1100.0 Seconds of 1501
1200.0 Seconds of 1501
1300.0 Seconds of 1501
1400.0 Seconds of 1501
1500.0 Seconds of 1501
Es hat  10099  Sekunden gebraucht
Data saved to Runtime_Data/SC_Compiled10000_15_0.1_1501_500_99.pkl

Used Modell:  SC_Compiled
Number of Neurons:  10000
Running Time:  1501
Time Step Size:  0.001
Input rate h: 0.1
Target Spiking Rate:  1
Homeostatic Constant:  1000
