JobId=859674 JobName=name
   UserId=lfz080(4890) GroupId=levina(4024) MCS_label=N/A
   Priority=75115 Nice=0 Account=levina QOS=normal
   JobState=RUNNING Reason=None Dependency=(null)
   Requeue=1 Restarts=0 BatchFlag=1 Reboot=0 ExitCode=0:0
   RunTime=00:00:01 TimeLimit=3-00:00:00 TimeMin=N/A
   SubmitTime=2024-11-28T10:37:19 EligibleTime=2024-11-28T10:37:19
   AccrueTime=2024-11-28T10:37:19
   StartTime=2024-11-28T10:37:19 EndTime=2024-12-01T10:37:19 Deadline=N/A
   PreemptEligibleTime=2024-11-28T10:38:19 PreemptTime=None
   SuspendTime=None SecsPreSuspend=0 LastSchedEval=2024-11-28T10:37:19 Scheduler=Main
   Partition=2080-galvani AllocNode:Sid=galvani-slurmctl:1637196
   ReqNodeList=(null) ExcNodeList=(null)
   NodeList=galvani-cn119
   BatchHost=galvani-cn119
   NumNodes=1 NumCPUs=8 NumTasks=1 CPUs/Task=8 ReqB:S:C:T=0:0:*:*
   ReqTRES=cpu=8,mem=40G,node=1,billing=2,gres/gpu=1
   AllocTRES=cpu=8,mem=40G,node=1,billing=2,gres/gpu=1,gres/gpu:rtx2080ti=1
   Socks/Node=* NtasksPerN:B:S:C=0:0:*:* CoreSpec=*
   MinCPUsNode=8 MinMemoryNode=40G MinTmpDiskNode=0
   Features=(null) DelayBoot=00:00:00
   OverSubscribe=OK Contiguous=0 Licenses=(null) Network=(null)
   Command=/mnt/qb/home/levina/lfz080/Walka/Implementierung_Bachelorarbeit/script.sh
   WorkDir=/mnt/qb/home/levina/lfz080/Walka/Implementierung_Bachelorarbeit
   StdErr=/mnt/qb/home/levina/lfz080/Walka/Implementierung_Bachelorarbeit/slurm-859674.out
   StdIn=/dev/null
   StdOut=/mnt/qb/home/levina/lfz080/Walka/Implementierung_Bachelorarbeit/slurm-859674.out
   Power=
   TresPerNode=gres:gpu:1
   MailUser=walka37@gmail.com MailType=BEGIN,END,FAIL
   

lalal
auch das klappt du dumme nuss
In der Funktion wird es ausgeführt....
0.0 Seconds of 2501
1.0 Seconds of 2501
2.0 Seconds of 2501
3.0 Seconds of 2501
4.0 Seconds of 2501
5.0 Seconds of 2501
6.0 Seconds of 2501
7.0 Seconds of 2501
8.0 Seconds of 2501
9.0 Seconds of 2501
10.0 Seconds of 2501
11.0 Seconds of 2501
12.0 Seconds of 2501
13.0 Seconds of 2501
14.0 Seconds of 2501
15.0 Seconds of 2501
16.0 Seconds of 2501
17.0 Seconds of 2501
18.0 Seconds of 2501
19.0 Seconds of 2501
20.0 Seconds of 2501
21.0 Seconds of 2501
22.0 Seconds of 2501
23.0 Seconds of 2501
24.0 Seconds of 2501
25.0 Seconds of 2501
26.0 Seconds of 2501
27.0 Seconds of 2501
28.0 Seconds of 2501
29.0 Seconds of 2501
30.0 Seconds of 2501
31.0 Seconds of 2501
32.0 Seconds of 2501
33.0 Seconds of 2501
34.0 Seconds of 2501
35.0 Seconds of 2501
36.0 Seconds of 2501
37.0 Seconds of 2501
38.0 Seconds of 2501
39.0 Seconds of 2501
40.0 Seconds of 2501
41.0 Seconds of 2501
42.0 Seconds of 2501
43.0 Seconds of 2501
44.0 Seconds of 2501
45.0 Seconds of 2501
46.0 Seconds of 2501
47.0 Seconds of 2501
48.0 Seconds of 2501
49.0 Seconds of 2501
50.0 Seconds of 2501
51.0 Seconds of 2501
52.0 Seconds of 2501
53.0 Seconds of 2501
54.0 Seconds of 2501
55.0 Seconds of 2501
56.0 Seconds of 2501
57.0 Seconds of 2501
58.0 Seconds of 2501
59.0 Seconds of 2501
60.0 Seconds of 2501
61.0 Seconds of 2501
62.0 Seconds of 2501
63.0 Seconds of 2501
64.0 Seconds of 2501
65.0 Seconds of 2501
66.0 Seconds of 2501
67.0 Seconds of 2501
68.0 Seconds of 2501
69.0 Seconds of 2501
70.0 Seconds of 2501
71.0 Seconds of 2501
72.0 Seconds of 2501
73.0 Seconds of 2501
74.0 Seconds of 2501
75.0 Seconds of 2501
76.0 Seconds of 2501
77.0 Seconds of 2501
78.0 Seconds of 2501
79.0 Seconds of 2501
80.0 Seconds of 2501
81.0 Seconds of 2501
82.0 Seconds of 2501
83.0 Seconds of 2501
84.0 Seconds of 2501
85.0 Seconds of 2501
86.0 Seconds of 2501
87.0 Seconds of 2501
88.0 Seconds of 2501
89.0 Seconds of 2501
90.0 Seconds of 2501
91.0 Seconds of 2501
92.0 Seconds of 2501
93.0 Seconds of 2501
94.0 Seconds of 2501
95.0 Seconds of 2501
96.0 Seconds of 2501
97.0 Seconds of 2501
98.0 Seconds of 2501
99.0 Seconds of 2501
100.0 Seconds of 2501
101.0 Seconds of 2501
102.0 Seconds of 2501
103.0 Seconds of 2501
104.0 Seconds of 2501
105.0 Seconds of 2501
106.0 Seconds of 2501
107.0 Seconds of 2501
108.0 Seconds of 2501
109.0 Seconds of 2501
110.0 Seconds of 2501
111.0 Seconds of 2501
112.0 Seconds of 2501
113.0 Seconds of 2501
114.0 Seconds of 2501
115.0 Seconds of 2501
116.0 Seconds of 2501
117.0 Seconds of 2501
118.0 Seconds of 2501
119.0 Seconds of 2501
120.0 Seconds of 2501
121.0 Seconds of 2501
122.0 Seconds of 2501
123.0 Seconds of 2501
124.0 Seconds of 2501
125.0 Seconds of 2501
126.0 Seconds of 2501
127.0 Seconds of 2501
128.0 Seconds of 2501
129.0 Seconds of 2501
130.0 Seconds of 2501
131.0 Seconds of 2501
132.0 Seconds of 2501
133.0 Seconds of 2501
134.0 Seconds of 2501
135.0 Seconds of 2501
136.0 Seconds of 2501
137.0 Seconds of 2501
138.0 Seconds of 2501
139.0 Seconds of 2501
140.0 Seconds of 2501
141.0 Seconds of 2501
142.0 Seconds of 2501
143.0 Seconds of 2501
144.0 Seconds of 2501
145.0 Seconds of 2501
146.0 Seconds of 2501
147.0 Seconds of 2501
148.0 Seconds of 2501
149.0 Seconds of 2501
150.0 Seconds of 2501
151.0 Seconds of 2501
152.0 Seconds of 2501
153.0 Seconds of 2501
154.0 Seconds of 2501
155.0 Seconds of 2501
156.0 Seconds of 2501
157.0 Seconds of 2501
158.0 Seconds of 2501
159.0 Seconds of 2501
160.0 Seconds of 2501
161.0 Seconds of 2501
162.0 Seconds of 2501
163.0 Seconds of 2501
164.0 Seconds of 2501
165.0 Seconds of 2501
166.0 Seconds of 2501
167.0 Seconds of 2501
168.0 Seconds of 2501
169.0 Seconds of 2501
170.0 Seconds of 2501
171.0 Seconds of 2501
172.0 Seconds of 2501
173.0 Seconds of 2501
174.0 Seconds of 2501
175.0 Seconds of 2501
176.0 Seconds of 2501
177.0 Seconds of 2501
178.0 Seconds of 2501
179.0 Seconds of 2501
180.0 Seconds of 2501
181.0 Seconds of 2501
182.0 Seconds of 2501
183.0 Seconds of 2501
184.0 Seconds of 2501
185.0 Seconds of 2501
186.0 Seconds of 2501
187.0 Seconds of 2501
188.0 Seconds of 2501
189.0 Seconds of 2501
190.0 Seconds of 2501
191.0 Seconds of 2501
192.0 Seconds of 2501
193.0 Seconds of 2501
194.0 Seconds of 2501
195.0 Seconds of 2501
196.0 Seconds of 2501
197.0 Seconds of 2501
198.0 Seconds of 2501
199.0 Seconds of 2501
200.0 Seconds of 2501
201.0 Seconds of 2501
202.0 Seconds of 2501
203.0 Seconds of 2501
204.0 Seconds of 2501
205.0 Seconds of 2501
206.0 Seconds of 2501
207.0 Seconds of 2501
208.0 Seconds of 2501
209.0 Seconds of 2501
210.0 Seconds of 2501
211.0 Seconds of 2501
212.0 Seconds of 2501
213.0 Seconds of 2501
214.0 Seconds of 2501
215.0 Seconds of 2501
216.0 Seconds of 2501
217.0 Seconds of 2501
218.0 Seconds of 2501
219.0 Seconds of 2501
220.0 Seconds of 2501
221.0 Seconds of 2501
222.0 Seconds of 2501
223.0 Seconds of 2501
224.0 Seconds of 2501
225.0 Seconds of 2501
226.0 Seconds of 2501
227.0 Seconds of 2501
228.0 Seconds of 2501
229.0 Seconds of 2501
230.0 Seconds of 2501
231.0 Seconds of 2501
232.0 Seconds of 2501
233.0 Seconds of 2501
234.0 Seconds of 2501
235.0 Seconds of 2501
236.0 Seconds of 2501
237.0 Seconds of 2501
238.0 Seconds of 2501
239.0 Seconds of 2501
240.0 Seconds of 2501
241.0 Seconds of 2501
242.0 Seconds of 2501
243.0 Seconds of 2501
244.0 Seconds of 2501
245.0 Seconds of 2501
246.0 Seconds of 2501
247.0 Seconds of 2501
248.0 Seconds of 2501
249.0 Seconds of 2501
250.0 Seconds of 2501
251.0 Seconds of 2501
252.0 Seconds of 2501
253.0 Seconds of 2501
254.0 Seconds of 2501
255.0 Seconds of 2501
256.0 Seconds of 2501
257.0 Seconds of 2501
258.0 Seconds of 2501
259.0 Seconds of 2501
260.0 Seconds of 2501
261.0 Seconds of 2501
262.0 Seconds of 2501
263.0 Seconds of 2501
264.0 Seconds of 2501
265.0 Seconds of 2501
266.0 Seconds of 2501
267.0 Seconds of 2501
268.0 Seconds of 2501
269.0 Seconds of 2501
270.0 Seconds of 2501
271.0 Seconds of 2501
272.0 Seconds of 2501
273.0 Seconds of 2501
274.0 Seconds of 2501
275.0 Seconds of 2501
276.0 Seconds of 2501
277.0 Seconds of 2501
278.0 Seconds of 2501
279.0 Seconds of 2501
280.0 Seconds of 2501
281.0 Seconds of 2501
282.0 Seconds of 2501
283.0 Seconds of 2501
284.0 Seconds of 2501
285.0 Seconds of 2501
286.0 Seconds of 2501
287.0 Seconds of 2501
288.0 Seconds of 2501
289.0 Seconds of 2501
290.0 Seconds of 2501
291.0 Seconds of 2501
292.0 Seconds of 2501
293.0 Seconds of 2501
294.0 Seconds of 2501
295.0 Seconds of 2501
296.0 Seconds of 2501
297.0 Seconds of 2501
298.0 Seconds of 2501
299.0 Seconds of 2501
300.0 Seconds of 2501
301.0 Seconds of 2501
302.0 Seconds of 2501
303.0 Seconds of 2501
304.0 Seconds of 2501
305.0 Seconds of 2501
306.0 Seconds of 2501
307.0 Seconds of 2501
308.0 Seconds of 2501
309.0 Seconds of 2501
310.0 Seconds of 2501
311.0 Seconds of 2501
312.0 Seconds of 2501
313.0 Seconds of 2501
314.0 Seconds of 2501
315.0 Seconds of 2501
316.0 Seconds of 2501
317.0 Seconds of 2501
318.0 Seconds of 2501
319.0 Seconds of 2501
320.0 Seconds of 2501
321.0 Seconds of 2501
322.0 Seconds of 2501
323.0 Seconds of 2501
324.0 Seconds of 2501
325.0 Seconds of 2501
326.0 Seconds of 2501
327.0 Seconds of 2501
328.0 Seconds of 2501
329.0 Seconds of 2501
330.0 Seconds of 2501
331.0 Seconds of 2501
332.0 Seconds of 2501
333.0 Seconds of 2501
334.0 Seconds of 2501
335.0 Seconds of 2501
336.0 Seconds of 2501
337.0 Seconds of 2501
338.0 Seconds of 2501
339.0 Seconds of 2501
340.0 Seconds of 2501
341.0 Seconds of 2501
342.0 Seconds of 2501
343.0 Seconds of 2501
344.0 Seconds of 2501
345.0 Seconds of 2501
346.0 Seconds of 2501
347.0 Seconds of 2501
348.0 Seconds of 2501
349.0 Seconds of 2501
350.0 Seconds of 2501
351.0 Seconds of 2501
352.0 Seconds of 2501
353.0 Seconds of 2501
354.0 Seconds of 2501
355.0 Seconds of 2501
356.0 Seconds of 2501
357.0 Seconds of 2501
358.0 Seconds of 2501
359.0 Seconds of 2501
360.0 Seconds of 2501
361.0 Seconds of 2501
362.0 Seconds of 2501
363.0 Seconds of 2501
364.0 Seconds of 2501
365.0 Seconds of 2501
366.0 Seconds of 2501
367.0 Seconds of 2501
368.0 Seconds of 2501
369.0 Seconds of 2501
370.0 Seconds of 2501
371.0 Seconds of 2501
372.0 Seconds of 2501
373.0 Seconds of 2501
374.0 Seconds of 2501
375.0 Seconds of 2501
376.0 Seconds of 2501
377.0 Seconds of 2501
378.0 Seconds of 2501
379.0 Seconds of 2501
380.0 Seconds of 2501
381.0 Seconds of 2501
382.0 Seconds of 2501
383.0 Seconds of 2501
384.0 Seconds of 2501
385.0 Seconds of 2501
386.0 Seconds of 2501
387.0 Seconds of 2501
388.0 Seconds of 2501
389.0 Seconds of 2501
390.0 Seconds of 2501
391.0 Seconds of 2501
392.0 Seconds of 2501
393.0 Seconds of 2501
394.0 Seconds of 2501
395.0 Seconds of 2501
396.0 Seconds of 2501
397.0 Seconds of 2501
398.0 Seconds of 2501
399.0 Seconds of 2501
400.0 Seconds of 2501
401.0 Seconds of 2501
402.0 Seconds of 2501
403.0 Seconds of 2501
404.0 Seconds of 2501
405.0 Seconds of 2501
406.0 Seconds of 2501
407.0 Seconds of 2501
408.0 Seconds of 2501
409.0 Seconds of 2501
410.0 Seconds of 2501
411.0 Seconds of 2501
412.0 Seconds of 2501
413.0 Seconds of 2501
414.0 Seconds of 2501
415.0 Seconds of 2501
416.0 Seconds of 2501
417.0 Seconds of 2501
418.0 Seconds of 2501
419.0 Seconds of 2501
420.0 Seconds of 2501
421.0 Seconds of 2501
422.0 Seconds of 2501
423.0 Seconds of 2501
424.0 Seconds of 2501
425.0 Seconds of 2501
426.0 Seconds of 2501
427.0 Seconds of 2501
428.0 Seconds of 2501
429.0 Seconds of 2501
430.0 Seconds of 2501
431.0 Seconds of 2501
432.0 Seconds of 2501
433.0 Seconds of 2501
434.0 Seconds of 2501
435.0 Seconds of 2501
436.0 Seconds of 2501
437.0 Seconds of 2501
438.0 Seconds of 2501
439.0 Seconds of 2501
440.0 Seconds of 2501
441.0 Seconds of 2501
442.0 Seconds of 2501
443.0 Seconds of 2501
444.0 Seconds of 2501
445.0 Seconds of 2501
446.0 Seconds of 2501
447.0 Seconds of 2501
448.0 Seconds of 2501
449.0 Seconds of 2501
450.0 Seconds of 2501
451.0 Seconds of 2501
452.0 Seconds of 2501
453.0 Seconds of 2501
454.0 Seconds of 2501
455.0 Seconds of 2501
456.0 Seconds of 2501
457.0 Seconds of 2501
458.0 Seconds of 2501
459.0 Seconds of 2501
460.0 Seconds of 2501
461.0 Seconds of 2501
462.0 Seconds of 2501
463.0 Seconds of 2501
464.0 Seconds of 2501
465.0 Seconds of 2501
466.0 Seconds of 2501
467.0 Seconds of 2501
468.0 Seconds of 2501
469.0 Seconds of 2501
470.0 Seconds of 2501
471.0 Seconds of 2501
472.0 Seconds of 2501
473.0 Seconds of 2501
474.0 Seconds of 2501
475.0 Seconds of 2501
476.0 Seconds of 2501
477.0 Seconds of 2501
478.0 Seconds of 2501
479.0 Seconds of 2501
480.0 Seconds of 2501
481.0 Seconds of 2501
482.0 Seconds of 2501
483.0 Seconds of 2501
484.0 Seconds of 2501
485.0 Seconds of 2501
486.0 Seconds of 2501
487.0 Seconds of 2501
488.0 Seconds of 2501
489.0 Seconds of 2501
490.0 Seconds of 2501
491.0 Seconds of 2501
492.0 Seconds of 2501
493.0 Seconds of 2501
494.0 Seconds of 2501
495.0 Seconds of 2501
496.0 Seconds of 2501
497.0 Seconds of 2501
498.0 Seconds of 2501
499.0 Seconds of 2501
500.0 Seconds of 2501
501.0 Seconds of 2501
502.0 Seconds of 2501
503.0 Seconds of 2501
504.0 Seconds of 2501
505.0 Seconds of 2501
506.0 Seconds of 2501
507.0 Seconds of 2501
508.0 Seconds of 2501
509.0 Seconds of 2501
510.0 Seconds of 2501
511.0 Seconds of 2501
512.0 Seconds of 2501
513.0 Seconds of 2501
514.0 Seconds of 2501
515.0 Seconds of 2501
516.0 Seconds of 2501
517.0 Seconds of 2501
518.0 Seconds of 2501
519.0 Seconds of 2501
520.0 Seconds of 2501
521.0 Seconds of 2501
522.0 Seconds of 2501
523.0 Seconds of 2501
524.0 Seconds of 2501
525.0 Seconds of 2501
526.0 Seconds of 2501
527.0 Seconds of 2501
528.0 Seconds of 2501
529.0 Seconds of 2501
530.0 Seconds of 2501
531.0 Seconds of 2501
532.0 Seconds of 2501
533.0 Seconds of 2501
534.0 Seconds of 2501
535.0 Seconds of 2501
536.0 Seconds of 2501
537.0 Seconds of 2501
538.0 Seconds of 2501
539.0 Seconds of 2501
540.0 Seconds of 2501
541.0 Seconds of 2501
542.0 Seconds of 2501
543.0 Seconds of 2501
544.0 Seconds of 2501
545.0 Seconds of 2501
546.0 Seconds of 2501
547.0 Seconds of 2501
548.0 Seconds of 2501
549.0 Seconds of 2501
550.0 Seconds of 2501
551.0 Seconds of 2501
552.0 Seconds of 2501
553.0 Seconds of 2501
554.0 Seconds of 2501
555.0 Seconds of 2501
556.0 Seconds of 2501
557.0 Seconds of 2501
558.0 Seconds of 2501
559.0 Seconds of 2501
560.0 Seconds of 2501
561.0 Seconds of 2501
562.0 Seconds of 2501
563.0 Seconds of 2501
564.0 Seconds of 2501
565.0 Seconds of 2501
566.0 Seconds of 2501
567.0 Seconds of 2501
568.0 Seconds of 2501
569.0 Seconds of 2501
570.0 Seconds of 2501
571.0 Seconds of 2501
572.0 Seconds of 2501
573.0 Seconds of 2501
574.0 Seconds of 2501
575.0 Seconds of 2501
576.0 Seconds of 2501
577.0 Seconds of 2501
578.0 Seconds of 2501
579.0 Seconds of 2501
580.0 Seconds of 2501
581.0 Seconds of 2501
582.0 Seconds of 2501
583.0 Seconds of 2501
584.0 Seconds of 2501
585.0 Seconds of 2501
586.0 Seconds of 2501
587.0 Seconds of 2501
588.0 Seconds of 2501
589.0 Seconds of 2501
590.0 Seconds of 2501
591.0 Seconds of 2501
592.0 Seconds of 2501
593.0 Seconds of 2501
594.0 Seconds of 2501
595.0 Seconds of 2501
596.0 Seconds of 2501
597.0 Seconds of 2501
598.0 Seconds of 2501
599.0 Seconds of 2501
600.0 Seconds of 2501
601.0 Seconds of 2501
602.0 Seconds of 2501
603.0 Seconds of 2501
604.0 Seconds of 2501
605.0 Seconds of 2501
606.0 Seconds of 2501
607.0 Seconds of 2501
608.0 Seconds of 2501
609.0 Seconds of 2501
610.0 Seconds of 2501
611.0 Seconds of 2501
612.0 Seconds of 2501
613.0 Seconds of 2501
614.0 Seconds of 2501
615.0 Seconds of 2501
616.0 Seconds of 2501
617.0 Seconds of 2501
618.0 Seconds of 2501
619.0 Seconds of 2501
620.0 Seconds of 2501
621.0 Seconds of 2501
622.0 Seconds of 2501
623.0 Seconds of 2501
624.0 Seconds of 2501
625.0 Seconds of 2501
626.0 Seconds of 2501
627.0 Seconds of 2501
628.0 Seconds of 2501
629.0 Seconds of 2501
630.0 Seconds of 2501
631.0 Seconds of 2501
632.0 Seconds of 2501
633.0 Seconds of 2501
634.0 Seconds of 2501
635.0 Seconds of 2501
636.0 Seconds of 2501
637.0 Seconds of 2501
638.0 Seconds of 2501
639.0 Seconds of 2501
640.0 Seconds of 2501
641.0 Seconds of 2501
642.0 Seconds of 2501
643.0 Seconds of 2501
644.0 Seconds of 2501
645.0 Seconds of 2501
646.0 Seconds of 2501
647.0 Seconds of 2501
648.0 Seconds of 2501
649.0 Seconds of 2501
650.0 Seconds of 2501
651.0 Seconds of 2501
652.0 Seconds of 2501
653.0 Seconds of 2501
654.0 Seconds of 2501
655.0 Seconds of 2501
656.0 Seconds of 2501
657.0 Seconds of 2501
658.0 Seconds of 2501
659.0 Seconds of 2501
660.0 Seconds of 2501
661.0 Seconds of 2501
662.0 Seconds of 2501
663.0 Seconds of 2501
664.0 Seconds of 2501
665.0 Seconds of 2501
666.0 Seconds of 2501
667.0 Seconds of 2501
668.0 Seconds of 2501
669.0 Seconds of 2501
670.0 Seconds of 2501
671.0 Seconds of 2501
672.0 Seconds of 2501
673.0 Seconds of 2501
674.0 Seconds of 2501
675.0 Seconds of 2501
676.0 Seconds of 2501
677.0 Seconds of 2501
678.0 Seconds of 2501
679.0 Seconds of 2501
680.0 Seconds of 2501
681.0 Seconds of 2501
682.0 Seconds of 2501
683.0 Seconds of 2501
684.0 Seconds of 2501
685.0 Seconds of 2501
686.0 Seconds of 2501
687.0 Seconds of 2501
688.0 Seconds of 2501
689.0 Seconds of 2501
690.0 Seconds of 2501
691.0 Seconds of 2501
692.0 Seconds of 2501
693.0 Seconds of 2501
694.0 Seconds of 2501
695.0 Seconds of 2501
696.0 Seconds of 2501
697.0 Seconds of 2501
698.0 Seconds of 2501
699.0 Seconds of 2501
700.0 Seconds of 2501
701.0 Seconds of 2501
702.0 Seconds of 2501
703.0 Seconds of 2501
704.0 Seconds of 2501
705.0 Seconds of 2501
706.0 Seconds of 2501
707.0 Seconds of 2501
708.0 Seconds of 2501
709.0 Seconds of 2501
710.0 Seconds of 2501
711.0 Seconds of 2501
712.0 Seconds of 2501
713.0 Seconds of 2501
714.0 Seconds of 2501
715.0 Seconds of 2501
716.0 Seconds of 2501
717.0 Seconds of 2501
718.0 Seconds of 2501
719.0 Seconds of 2501
720.0 Seconds of 2501
721.0 Seconds of 2501
722.0 Seconds of 2501
723.0 Seconds of 2501
724.0 Seconds of 2501
725.0 Seconds of 2501
726.0 Seconds of 2501
727.0 Seconds of 2501
728.0 Seconds of 2501
729.0 Seconds of 2501
730.0 Seconds of 2501
731.0 Seconds of 2501
732.0 Seconds of 2501
733.0 Seconds of 2501
734.0 Seconds of 2501
735.0 Seconds of 2501
736.0 Seconds of 2501
737.0 Seconds of 2501
738.0 Seconds of 2501
739.0 Seconds of 2501
740.0 Seconds of 2501
741.0 Seconds of 2501
742.0 Seconds of 2501
743.0 Seconds of 2501
744.0 Seconds of 2501
745.0 Seconds of 2501
746.0 Seconds of 2501
747.0 Seconds of 2501
748.0 Seconds of 2501
749.0 Seconds of 2501
750.0 Seconds of 2501
751.0 Seconds of 2501
752.0 Seconds of 2501
753.0 Seconds of 2501
754.0 Seconds of 2501
755.0 Seconds of 2501
756.0 Seconds of 2501
757.0 Seconds of 2501
758.0 Seconds of 2501
759.0 Seconds of 2501
760.0 Seconds of 2501
761.0 Seconds of 2501
762.0 Seconds of 2501
763.0 Seconds of 2501
764.0 Seconds of 2501
765.0 Seconds of 2501
766.0 Seconds of 2501
767.0 Seconds of 2501
768.0 Seconds of 2501
769.0 Seconds of 2501
770.0 Seconds of 2501
771.0 Seconds of 2501
772.0 Seconds of 2501
773.0 Seconds of 2501
774.0 Seconds of 2501
775.0 Seconds of 2501
776.0 Seconds of 2501
777.0 Seconds of 2501
778.0 Seconds of 2501
779.0 Seconds of 2501
780.0 Seconds of 2501
781.0 Seconds of 2501
782.0 Seconds of 2501
783.0 Seconds of 2501
784.0 Seconds of 2501
785.0 Seconds of 2501
786.0 Seconds of 2501
787.0 Seconds of 2501
788.0 Seconds of 2501
789.0 Seconds of 2501
790.0 Seconds of 2501
791.0 Seconds of 2501
792.0 Seconds of 2501
793.0 Seconds of 2501
794.0 Seconds of 2501
795.0 Seconds of 2501
796.0 Seconds of 2501
797.0 Seconds of 2501
798.0 Seconds of 2501
799.0 Seconds of 2501
800.0 Seconds of 2501
801.0 Seconds of 2501
802.0 Seconds of 2501
803.0 Seconds of 2501
804.0 Seconds of 2501
805.0 Seconds of 2501
806.0 Seconds of 2501
807.0 Seconds of 2501
808.0 Seconds of 2501
809.0 Seconds of 2501
810.0 Seconds of 2501
811.0 Seconds of 2501
812.0 Seconds of 2501
813.0 Seconds of 2501
814.0 Seconds of 2501
815.0 Seconds of 2501
816.0 Seconds of 2501
817.0 Seconds of 2501
818.0 Seconds of 2501
819.0 Seconds of 2501
820.0 Seconds of 2501
821.0 Seconds of 2501
822.0 Seconds of 2501
823.0 Seconds of 2501
824.0 Seconds of 2501
825.0 Seconds of 2501
826.0 Seconds of 2501
827.0 Seconds of 2501
828.0 Seconds of 2501
829.0 Seconds of 2501
830.0 Seconds of 2501
831.0 Seconds of 2501
832.0 Seconds of 2501
833.0 Seconds of 2501
834.0 Seconds of 2501
835.0 Seconds of 2501
836.0 Seconds of 2501
837.0 Seconds of 2501
838.0 Seconds of 2501
839.0 Seconds of 2501
840.0 Seconds of 2501
841.0 Seconds of 2501
842.0 Seconds of 2501
843.0 Seconds of 2501
844.0 Seconds of 2501
845.0 Seconds of 2501
846.0 Seconds of 2501
847.0 Seconds of 2501
848.0 Seconds of 2501
849.0 Seconds of 2501
850.0 Seconds of 2501
851.0 Seconds of 2501
852.0 Seconds of 2501
853.0 Seconds of 2501
854.0 Seconds of 2501
855.0 Seconds of 2501
856.0 Seconds of 2501
857.0 Seconds of 2501
858.0 Seconds of 2501
859.0 Seconds of 2501
860.0 Seconds of 2501
861.0 Seconds of 2501
862.0 Seconds of 2501
863.0 Seconds of 2501
864.0 Seconds of 2501
865.0 Seconds of 2501
866.0 Seconds of 2501
867.0 Seconds of 2501
868.0 Seconds of 2501
869.0 Seconds of 2501
870.0 Seconds of 2501
871.0 Seconds of 2501
872.0 Seconds of 2501
873.0 Seconds of 2501
874.0 Seconds of 2501
875.0 Seconds of 2501
876.0 Seconds of 2501
877.0 Seconds of 2501
878.0 Seconds of 2501
879.0 Seconds of 2501
880.0 Seconds of 2501
881.0 Seconds of 2501
882.0 Seconds of 2501
883.0 Seconds of 2501
884.0 Seconds of 2501
885.0 Seconds of 2501
886.0 Seconds of 2501
887.0 Seconds of 2501
888.0 Seconds of 2501
889.0 Seconds of 2501
890.0 Seconds of 2501
891.0 Seconds of 2501
892.0 Seconds of 2501
893.0 Seconds of 2501
894.0 Seconds of 2501
895.0 Seconds of 2501
896.0 Seconds of 2501
897.0 Seconds of 2501
898.0 Seconds of 2501
899.0 Seconds of 2501
900.0 Seconds of 2501
901.0 Seconds of 2501
902.0 Seconds of 2501
903.0 Seconds of 2501
904.0 Seconds of 2501
905.0 Seconds of 2501
906.0 Seconds of 2501
907.0 Seconds of 2501
908.0 Seconds of 2501
909.0 Seconds of 2501
910.0 Seconds of 2501
911.0 Seconds of 2501
912.0 Seconds of 2501
913.0 Seconds of 2501
914.0 Seconds of 2501
915.0 Seconds of 2501
916.0 Seconds of 2501
917.0 Seconds of 2501
918.0 Seconds of 2501
919.0 Seconds of 2501
920.0 Seconds of 2501
921.0 Seconds of 2501
922.0 Seconds of 2501
923.0 Seconds of 2501
924.0 Seconds of 2501
925.0 Seconds of 2501
926.0 Seconds of 2501
927.0 Seconds of 2501
928.0 Seconds of 2501
929.0 Seconds of 2501
930.0 Seconds of 2501
931.0 Seconds of 2501
932.0 Seconds of 2501
933.0 Seconds of 2501
934.0 Seconds of 2501
935.0 Seconds of 2501
936.0 Seconds of 2501
937.0 Seconds of 2501
938.0 Seconds of 2501
939.0 Seconds of 2501
940.0 Seconds of 2501
941.0 Seconds of 2501
942.0 Seconds of 2501
943.0 Seconds of 2501
944.0 Seconds of 2501
945.0 Seconds of 2501
946.0 Seconds of 2501
947.0 Seconds of 2501
948.0 Seconds of 2501
949.0 Seconds of 2501
950.0 Seconds of 2501
951.0 Seconds of 2501
952.0 Seconds of 2501
953.0 Seconds of 2501
954.0 Seconds of 2501
955.0 Seconds of 2501
956.0 Seconds of 2501
957.0 Seconds of 2501
958.0 Seconds of 2501
959.0 Seconds of 2501
960.0 Seconds of 2501
961.0 Seconds of 2501
962.0 Seconds of 2501
963.0 Seconds of 2501
964.0 Seconds of 2501
965.0 Seconds of 2501
966.0 Seconds of 2501
967.0 Seconds of 2501
968.0 Seconds of 2501
969.0 Seconds of 2501
970.0 Seconds of 2501
971.0 Seconds of 2501
972.0 Seconds of 2501
973.0 Seconds of 2501
974.0 Seconds of 2501
975.0 Seconds of 2501
976.0 Seconds of 2501
977.0 Seconds of 2501
978.0 Seconds of 2501
979.0 Seconds of 2501
980.0 Seconds of 2501
981.0 Seconds of 2501
982.0 Seconds of 2501
983.0 Seconds of 2501
984.0 Seconds of 2501
985.0 Seconds of 2501
986.0 Seconds of 2501
987.0 Seconds of 2501
988.0 Seconds of 2501
989.0 Seconds of 2501
990.0 Seconds of 2501
991.0 Seconds of 2501
992.0 Seconds of 2501
993.0 Seconds of 2501
994.0 Seconds of 2501
995.0 Seconds of 2501
996.0 Seconds of 2501
997.0 Seconds of 2501
998.0 Seconds of 2501
999.0 Seconds of 2501
1000.0 Seconds of 2501
1001.0 Seconds of 2501
1002.0 Seconds of 2501
1003.0 Seconds of 2501
1004.0 Seconds of 2501
1005.0 Seconds of 2501
1006.0 Seconds of 2501
1007.0 Seconds of 2501
1008.0 Seconds of 2501
1009.0 Seconds of 2501
1010.0 Seconds of 2501
1011.0 Seconds of 2501
1012.0 Seconds of 2501
1013.0 Seconds of 2501
1014.0 Seconds of 2501
1015.0 Seconds of 2501
1016.0 Seconds of 2501
1017.0 Seconds of 2501
1018.0 Seconds of 2501
1019.0 Seconds of 2501
1020.0 Seconds of 2501
1021.0 Seconds of 2501
1022.0 Seconds of 2501
1023.0 Seconds of 2501
1024.0 Seconds of 2501
1025.0 Seconds of 2501
1026.0 Seconds of 2501
1027.0 Seconds of 2501
1028.0 Seconds of 2501
1029.0 Seconds of 2501
1030.0 Seconds of 2501
1031.0 Seconds of 2501
1032.0 Seconds of 2501
1033.0 Seconds of 2501
1034.0 Seconds of 2501
1035.0 Seconds of 2501
1036.0 Seconds of 2501
1037.0 Seconds of 2501
1038.0 Seconds of 2501
1039.0 Seconds of 2501
1040.0 Seconds of 2501
1041.0 Seconds of 2501
1042.0 Seconds of 2501
1043.0 Seconds of 2501
1044.0 Seconds of 2501
1045.0 Seconds of 2501
1046.0 Seconds of 2501
1047.0 Seconds of 2501
1048.0 Seconds of 2501
1049.0 Seconds of 2501
1050.0 Seconds of 2501
1051.0 Seconds of 2501
1052.0 Seconds of 2501
1053.0 Seconds of 2501
1054.0 Seconds of 2501
1055.0 Seconds of 2501
1056.0 Seconds of 2501
1057.0 Seconds of 2501
1058.0 Seconds of 2501
1059.0 Seconds of 2501
1060.0 Seconds of 2501
1061.0 Seconds of 2501
1062.0 Seconds of 2501
1063.0 Seconds of 2501
1064.0 Seconds of 2501
1065.0 Seconds of 2501
1066.0 Seconds of 2501
1067.0 Seconds of 2501
1068.0 Seconds of 2501
1069.0 Seconds of 2501
1070.0 Seconds of 2501
1071.0 Seconds of 2501
1072.0 Seconds of 2501
1073.0 Seconds of 2501
1074.0 Seconds of 2501
1075.0 Seconds of 2501
1076.0 Seconds of 2501
1077.0 Seconds of 2501
1078.0 Seconds of 2501
1079.0 Seconds of 2501
1080.0 Seconds of 2501
1081.0 Seconds of 2501
1082.0 Seconds of 2501
1083.0 Seconds of 2501
1084.0 Seconds of 2501
1085.0 Seconds of 2501
1086.0 Seconds of 2501
1087.0 Seconds of 2501
1088.0 Seconds of 2501
1089.0 Seconds of 2501
1090.0 Seconds of 2501
1091.0 Seconds of 2501
1092.0 Seconds of 2501
1093.0 Seconds of 2501
1094.0 Seconds of 2501
1095.0 Seconds of 2501
1096.0 Seconds of 2501
1097.0 Seconds of 2501
1098.0 Seconds of 2501
1099.0 Seconds of 2501
1100.0 Seconds of 2501
1101.0 Seconds of 2501
1102.0 Seconds of 2501
1103.0 Seconds of 2501
1104.0 Seconds of 2501
1105.0 Seconds of 2501
1106.0 Seconds of 2501
1107.0 Seconds of 2501
1108.0 Seconds of 2501
1109.0 Seconds of 2501
1110.0 Seconds of 2501
1111.0 Seconds of 2501
1112.0 Seconds of 2501
1113.0 Seconds of 2501
1114.0 Seconds of 2501
1115.0 Seconds of 2501
1116.0 Seconds of 2501
1117.0 Seconds of 2501
1118.0 Seconds of 2501
1119.0 Seconds of 2501
1120.0 Seconds of 2501
1121.0 Seconds of 2501
1122.0 Seconds of 2501
1123.0 Seconds of 2501
1124.0 Seconds of 2501
1125.0 Seconds of 2501
1126.0 Seconds of 2501
1127.0 Seconds of 2501
1128.0 Seconds of 2501
1129.0 Seconds of 2501
1130.0 Seconds of 2501
1131.0 Seconds of 2501
1132.0 Seconds of 2501
1133.0 Seconds of 2501
1134.0 Seconds of 2501
1135.0 Seconds of 2501
1136.0 Seconds of 2501
1137.0 Seconds of 2501
1138.0 Seconds of 2501
1139.0 Seconds of 2501
1140.0 Seconds of 2501
1141.0 Seconds of 2501
1142.0 Seconds of 2501
1143.0 Seconds of 2501
1144.0 Seconds of 2501
1145.0 Seconds of 2501
1146.0 Seconds of 2501
1147.0 Seconds of 2501
1148.0 Seconds of 2501
1149.0 Seconds of 2501
1150.0 Seconds of 2501
1151.0 Seconds of 2501
1152.0 Seconds of 2501
1153.0 Seconds of 2501
1154.0 Seconds of 2501
1155.0 Seconds of 2501
1156.0 Seconds of 2501
1157.0 Seconds of 2501
1158.0 Seconds of 2501
1159.0 Seconds of 2501
1160.0 Seconds of 2501
1161.0 Seconds of 2501
1162.0 Seconds of 2501
1163.0 Seconds of 2501
1164.0 Seconds of 2501
1165.0 Seconds of 2501
1166.0 Seconds of 2501
1167.0 Seconds of 2501
1168.0 Seconds of 2501
1169.0 Seconds of 2501
1170.0 Seconds of 2501
1171.0 Seconds of 2501
1172.0 Seconds of 2501
1173.0 Seconds of 2501
1174.0 Seconds of 2501
1175.0 Seconds of 2501
1176.0 Seconds of 2501
1177.0 Seconds of 2501
1178.0 Seconds of 2501
1179.0 Seconds of 2501
1180.0 Seconds of 2501
1181.0 Seconds of 2501
1182.0 Seconds of 2501
1183.0 Seconds of 2501
1184.0 Seconds of 2501
1185.0 Seconds of 2501
1186.0 Seconds of 2501
1187.0 Seconds of 2501
1188.0 Seconds of 2501
1189.0 Seconds of 2501
1190.0 Seconds of 2501
1191.0 Seconds of 2501
1192.0 Seconds of 2501
1193.0 Seconds of 2501
1194.0 Seconds of 2501
1195.0 Seconds of 2501
1196.0 Seconds of 2501
1197.0 Seconds of 2501
1198.0 Seconds of 2501
1199.0 Seconds of 2501
1200.0 Seconds of 2501
1201.0 Seconds of 2501
1202.0 Seconds of 2501
1203.0 Seconds of 2501
1204.0 Seconds of 2501
1205.0 Seconds of 2501
1206.0 Seconds of 2501
1207.0 Seconds of 2501
1208.0 Seconds of 2501
1209.0 Seconds of 2501
1210.0 Seconds of 2501
1211.0 Seconds of 2501
1212.0 Seconds of 2501
1213.0 Seconds of 2501
1214.0 Seconds of 2501
1215.0 Seconds of 2501
1216.0 Seconds of 2501
1217.0 Seconds of 2501
1218.0 Seconds of 2501
1219.0 Seconds of 2501
1220.0 Seconds of 2501
1221.0 Seconds of 2501
1222.0 Seconds of 2501
1223.0 Seconds of 2501
1224.0 Seconds of 2501
1225.0 Seconds of 2501
1226.0 Seconds of 2501
1227.0 Seconds of 2501
1228.0 Seconds of 2501
1229.0 Seconds of 2501
1230.0 Seconds of 2501
1231.0 Seconds of 2501
1232.0 Seconds of 2501
1233.0 Seconds of 2501
1234.0 Seconds of 2501
1235.0 Seconds of 2501
1236.0 Seconds of 2501
1237.0 Seconds of 2501
1238.0 Seconds of 2501
1239.0 Seconds of 2501
1240.0 Seconds of 2501
1241.0 Seconds of 2501
1242.0 Seconds of 2501
1243.0 Seconds of 2501
1244.0 Seconds of 2501
1245.0 Seconds of 2501
1246.0 Seconds of 2501
1247.0 Seconds of 2501
1248.0 Seconds of 2501
1249.0 Seconds of 2501
1250.0 Seconds of 2501
1251.0 Seconds of 2501
1252.0 Seconds of 2501
1253.0 Seconds of 2501
1254.0 Seconds of 2501
1255.0 Seconds of 2501
1256.0 Seconds of 2501
1257.0 Seconds of 2501
1258.0 Seconds of 2501
1259.0 Seconds of 2501
1260.0 Seconds of 2501
1261.0 Seconds of 2501
1262.0 Seconds of 2501
1263.0 Seconds of 2501
1264.0 Seconds of 2501
1265.0 Seconds of 2501
1266.0 Seconds of 2501
1267.0 Seconds of 2501
1268.0 Seconds of 2501
1269.0 Seconds of 2501
1270.0 Seconds of 2501
1271.0 Seconds of 2501
1272.0 Seconds of 2501
1273.0 Seconds of 2501
1274.0 Seconds of 2501
1275.0 Seconds of 2501
1276.0 Seconds of 2501
1277.0 Seconds of 2501
1278.0 Seconds of 2501
1279.0 Seconds of 2501
1280.0 Seconds of 2501
1281.0 Seconds of 2501
1282.0 Seconds of 2501
1283.0 Seconds of 2501
1284.0 Seconds of 2501
1285.0 Seconds of 2501
1286.0 Seconds of 2501
1287.0 Seconds of 2501
1288.0 Seconds of 2501
1289.0 Seconds of 2501
1290.0 Seconds of 2501
1291.0 Seconds of 2501
1292.0 Seconds of 2501
1293.0 Seconds of 2501
1294.0 Seconds of 2501
1295.0 Seconds of 2501
1296.0 Seconds of 2501
1297.0 Seconds of 2501
1298.0 Seconds of 2501
1299.0 Seconds of 2501
1300.0 Seconds of 2501
1301.0 Seconds of 2501
1302.0 Seconds of 2501
1303.0 Seconds of 2501
1304.0 Seconds of 2501
1305.0 Seconds of 2501
1306.0 Seconds of 2501
1307.0 Seconds of 2501
1308.0 Seconds of 2501
1309.0 Seconds of 2501
1310.0 Seconds of 2501
1311.0 Seconds of 2501
1312.0 Seconds of 2501
1313.0 Seconds of 2501
1314.0 Seconds of 2501
1315.0 Seconds of 2501
1316.0 Seconds of 2501
1317.0 Seconds of 2501
1318.0 Seconds of 2501
1319.0 Seconds of 2501
1320.0 Seconds of 2501
1321.0 Seconds of 2501
1322.0 Seconds of 2501
1323.0 Seconds of 2501
1324.0 Seconds of 2501
1325.0 Seconds of 2501
1326.0 Seconds of 2501
1327.0 Seconds of 2501
1328.0 Seconds of 2501
1329.0 Seconds of 2501
1330.0 Seconds of 2501
1331.0 Seconds of 2501
1332.0 Seconds of 2501
1333.0 Seconds of 2501
1334.0 Seconds of 2501
1335.0 Seconds of 2501
1336.0 Seconds of 2501
1337.0 Seconds of 2501
1338.0 Seconds of 2501
1339.0 Seconds of 2501
1340.0 Seconds of 2501
1341.0 Seconds of 2501
1342.0 Seconds of 2501
1343.0 Seconds of 2501
1344.0 Seconds of 2501
1345.0 Seconds of 2501
1346.0 Seconds of 2501
1347.0 Seconds of 2501
1348.0 Seconds of 2501
1349.0 Seconds of 2501
1350.0 Seconds of 2501
1351.0 Seconds of 2501
1352.0 Seconds of 2501
1353.0 Seconds of 2501
1354.0 Seconds of 2501
1355.0 Seconds of 2501
1356.0 Seconds of 2501
1357.0 Seconds of 2501
1358.0 Seconds of 2501
1359.0 Seconds of 2501
1360.0 Seconds of 2501
1361.0 Seconds of 2501
1362.0 Seconds of 2501
1363.0 Seconds of 2501
1364.0 Seconds of 2501
1365.0 Seconds of 2501
1366.0 Seconds of 2501
1367.0 Seconds of 2501
1368.0 Seconds of 2501
1369.0 Seconds of 2501
1370.0 Seconds of 2501
1371.0 Seconds of 2501
1372.0 Seconds of 2501
1373.0 Seconds of 2501
1374.0 Seconds of 2501
1375.0 Seconds of 2501
1376.0 Seconds of 2501
1377.0 Seconds of 2501
1378.0 Seconds of 2501
1379.0 Seconds of 2501
1380.0 Seconds of 2501
1381.0 Seconds of 2501
1382.0 Seconds of 2501
1383.0 Seconds of 2501
1384.0 Seconds of 2501
1385.0 Seconds of 2501
1386.0 Seconds of 2501
1387.0 Seconds of 2501
1388.0 Seconds of 2501
1389.0 Seconds of 2501
1390.0 Seconds of 2501
1391.0 Seconds of 2501
1392.0 Seconds of 2501
1393.0 Seconds of 2501
1394.0 Seconds of 2501
1395.0 Seconds of 2501
1396.0 Seconds of 2501
1397.0 Seconds of 2501
1398.0 Seconds of 2501
1399.0 Seconds of 2501
1400.0 Seconds of 2501
1401.0 Seconds of 2501
1402.0 Seconds of 2501
1403.0 Seconds of 2501
1404.0 Seconds of 2501
1405.0 Seconds of 2501
1406.0 Seconds of 2501
1407.0 Seconds of 2501
1408.0 Seconds of 2501
1409.0 Seconds of 2501
1410.0 Seconds of 2501
1411.0 Seconds of 2501
1412.0 Seconds of 2501
1413.0 Seconds of 2501
1414.0 Seconds of 2501
1415.0 Seconds of 2501
1416.0 Seconds of 2501
1417.0 Seconds of 2501
1418.0 Seconds of 2501
1419.0 Seconds of 2501
1420.0 Seconds of 2501
1421.0 Seconds of 2501
1422.0 Seconds of 2501
1423.0 Seconds of 2501
1424.0 Seconds of 2501
1425.0 Seconds of 2501
1426.0 Seconds of 2501
1427.0 Seconds of 2501
1428.0 Seconds of 2501
1429.0 Seconds of 2501
1430.0 Seconds of 2501
1431.0 Seconds of 2501
1432.0 Seconds of 2501
1433.0 Seconds of 2501
1434.0 Seconds of 2501
1435.0 Seconds of 2501
1436.0 Seconds of 2501
1437.0 Seconds of 2501
1438.0 Seconds of 2501
1439.0 Seconds of 2501
1440.0 Seconds of 2501
1441.0 Seconds of 2501
1442.0 Seconds of 2501
1443.0 Seconds of 2501
1444.0 Seconds of 2501
1445.0 Seconds of 2501
1446.0 Seconds of 2501
1447.0 Seconds of 2501
1448.0 Seconds of 2501
1449.0 Seconds of 2501
1450.0 Seconds of 2501
1451.0 Seconds of 2501
1452.0 Seconds of 2501
1453.0 Seconds of 2501
1454.0 Seconds of 2501
1455.0 Seconds of 2501
1456.0 Seconds of 2501
1457.0 Seconds of 2501
1458.0 Seconds of 2501
1459.0 Seconds of 2501
1460.0 Seconds of 2501
1461.0 Seconds of 2501
1462.0 Seconds of 2501
1463.0 Seconds of 2501
1464.0 Seconds of 2501
1465.0 Seconds of 2501
1466.0 Seconds of 2501
1467.0 Seconds of 2501
1468.0 Seconds of 2501
1469.0 Seconds of 2501
1470.0 Seconds of 2501
1471.0 Seconds of 2501
1472.0 Seconds of 2501
1473.0 Seconds of 2501
1474.0 Seconds of 2501
1475.0 Seconds of 2501
1476.0 Seconds of 2501
1477.0 Seconds of 2501
1478.0 Seconds of 2501
1479.0 Seconds of 2501
1480.0 Seconds of 2501
1481.0 Seconds of 2501
1482.0 Seconds of 2501
1483.0 Seconds of 2501
1484.0 Seconds of 2501
1485.0 Seconds of 2501
1486.0 Seconds of 2501
1487.0 Seconds of 2501
1488.0 Seconds of 2501
1489.0 Seconds of 2501
1490.0 Seconds of 2501
1491.0 Seconds of 2501
1492.0 Seconds of 2501
1493.0 Seconds of 2501
1494.0 Seconds of 2501
1495.0 Seconds of 2501
1496.0 Seconds of 2501
1497.0 Seconds of 2501
1498.0 Seconds of 2501
1499.0 Seconds of 2501
1500.0 Seconds of 2501
1501.0 Seconds of 2501
1502.0 Seconds of 2501
1503.0 Seconds of 2501
1504.0 Seconds of 2501
1505.0 Seconds of 2501
1506.0 Seconds of 2501
1507.0 Seconds of 2501
1508.0 Seconds of 2501
1509.0 Seconds of 2501
1510.0 Seconds of 2501
1511.0 Seconds of 2501
1512.0 Seconds of 2501
1513.0 Seconds of 2501
1514.0 Seconds of 2501
1515.0 Seconds of 2501
1516.0 Seconds of 2501
1517.0 Seconds of 2501
1518.0 Seconds of 2501
1519.0 Seconds of 2501
1520.0 Seconds of 2501
1521.0 Seconds of 2501
1522.0 Seconds of 2501
1523.0 Seconds of 2501
1524.0 Seconds of 2501
1525.0 Seconds of 2501
1526.0 Seconds of 2501
1527.0 Seconds of 2501
1528.0 Seconds of 2501
1529.0 Seconds of 2501
1530.0 Seconds of 2501
1531.0 Seconds of 2501
1532.0 Seconds of 2501
1533.0 Seconds of 2501
1534.0 Seconds of 2501
1535.0 Seconds of 2501
1536.0 Seconds of 2501
1537.0 Seconds of 2501
1538.0 Seconds of 2501
1539.0 Seconds of 2501
1540.0 Seconds of 2501
1541.0 Seconds of 2501
1542.0 Seconds of 2501
1543.0 Seconds of 2501
1544.0 Seconds of 2501
1545.0 Seconds of 2501
1546.0 Seconds of 2501
1547.0 Seconds of 2501
1548.0 Seconds of 2501
1549.0 Seconds of 2501
1550.0 Seconds of 2501
1551.0 Seconds of 2501
1552.0 Seconds of 2501
1553.0 Seconds of 2501
1554.0 Seconds of 2501
1555.0 Seconds of 2501
1556.0 Seconds of 2501
1557.0 Seconds of 2501
1558.0 Seconds of 2501
1559.0 Seconds of 2501
1560.0 Seconds of 2501
1561.0 Seconds of 2501
1562.0 Seconds of 2501
1563.0 Seconds of 2501
1564.0 Seconds of 2501
1565.0 Seconds of 2501
1566.0 Seconds of 2501
1567.0 Seconds of 2501
1568.0 Seconds of 2501
1569.0 Seconds of 2501
1570.0 Seconds of 2501
1571.0 Seconds of 2501
1572.0 Seconds of 2501
1573.0 Seconds of 2501
1574.0 Seconds of 2501
1575.0 Seconds of 2501
1576.0 Seconds of 2501
1577.0 Seconds of 2501
1578.0 Seconds of 2501
1579.0 Seconds of 2501
1580.0 Seconds of 2501
1581.0 Seconds of 2501
1582.0 Seconds of 2501
1583.0 Seconds of 2501
1584.0 Seconds of 2501
1585.0 Seconds of 2501
1586.0 Seconds of 2501
1587.0 Seconds of 2501
1588.0 Seconds of 2501
1589.0 Seconds of 2501
1590.0 Seconds of 2501
1591.0 Seconds of 2501
1592.0 Seconds of 2501
1593.0 Seconds of 2501
1594.0 Seconds of 2501
1595.0 Seconds of 2501
1596.0 Seconds of 2501
1597.0 Seconds of 2501
1598.0 Seconds of 2501
1599.0 Seconds of 2501
1600.0 Seconds of 2501
1601.0 Seconds of 2501
1602.0 Seconds of 2501
1603.0 Seconds of 2501
1604.0 Seconds of 2501
1605.0 Seconds of 2501
1606.0 Seconds of 2501
1607.0 Seconds of 2501
1608.0 Seconds of 2501
1609.0 Seconds of 2501
1610.0 Seconds of 2501
1611.0 Seconds of 2501
1612.0 Seconds of 2501
1613.0 Seconds of 2501
1614.0 Seconds of 2501
1615.0 Seconds of 2501
1616.0 Seconds of 2501
1617.0 Seconds of 2501
1618.0 Seconds of 2501
1619.0 Seconds of 2501
1620.0 Seconds of 2501
1621.0 Seconds of 2501
1622.0 Seconds of 2501
1623.0 Seconds of 2501
1624.0 Seconds of 2501
1625.0 Seconds of 2501
1626.0 Seconds of 2501
1627.0 Seconds of 2501
1628.0 Seconds of 2501
1629.0 Seconds of 2501
1630.0 Seconds of 2501
1631.0 Seconds of 2501
1632.0 Seconds of 2501
1633.0 Seconds of 2501
1634.0 Seconds of 2501
1635.0 Seconds of 2501
1636.0 Seconds of 2501
1637.0 Seconds of 2501
1638.0 Seconds of 2501
1639.0 Seconds of 2501
1640.0 Seconds of 2501
1641.0 Seconds of 2501
1642.0 Seconds of 2501
1643.0 Seconds of 2501
1644.0 Seconds of 2501
1645.0 Seconds of 2501
1646.0 Seconds of 2501
1647.0 Seconds of 2501
1648.0 Seconds of 2501
1649.0 Seconds of 2501
1650.0 Seconds of 2501
1651.0 Seconds of 2501
1652.0 Seconds of 2501
1653.0 Seconds of 2501
1654.0 Seconds of 2501
1655.0 Seconds of 2501
1656.0 Seconds of 2501
1657.0 Seconds of 2501
1658.0 Seconds of 2501
1659.0 Seconds of 2501
1660.0 Seconds of 2501
1661.0 Seconds of 2501
1662.0 Seconds of 2501
1663.0 Seconds of 2501
1664.0 Seconds of 2501
1665.0 Seconds of 2501
1666.0 Seconds of 2501
1667.0 Seconds of 2501
1668.0 Seconds of 2501
1669.0 Seconds of 2501
1670.0 Seconds of 2501
1671.0 Seconds of 2501
1672.0 Seconds of 2501
1673.0 Seconds of 2501
1674.0 Seconds of 2501
1675.0 Seconds of 2501
1676.0 Seconds of 2501
1677.0 Seconds of 2501
1678.0 Seconds of 2501
1679.0 Seconds of 2501
1680.0 Seconds of 2501
1681.0 Seconds of 2501
1682.0 Seconds of 2501
1683.0 Seconds of 2501
1684.0 Seconds of 2501
1685.0 Seconds of 2501
1686.0 Seconds of 2501
1687.0 Seconds of 2501
1688.0 Seconds of 2501
1689.0 Seconds of 2501
1690.0 Seconds of 2501
1691.0 Seconds of 2501
1692.0 Seconds of 2501
1693.0 Seconds of 2501
1694.0 Seconds of 2501
1695.0 Seconds of 2501
1696.0 Seconds of 2501
1697.0 Seconds of 2501
1698.0 Seconds of 2501
1699.0 Seconds of 2501
1700.0 Seconds of 2501
1701.0 Seconds of 2501
1702.0 Seconds of 2501
1703.0 Seconds of 2501
1704.0 Seconds of 2501
1705.0 Seconds of 2501
1706.0 Seconds of 2501
1707.0 Seconds of 2501
1708.0 Seconds of 2501
1709.0 Seconds of 2501
1710.0 Seconds of 2501
1711.0 Seconds of 2501
1712.0 Seconds of 2501
1713.0 Seconds of 2501
1714.0 Seconds of 2501
1715.0 Seconds of 2501
1716.0 Seconds of 2501
1717.0 Seconds of 2501
1718.0 Seconds of 2501
1719.0 Seconds of 2501
1720.0 Seconds of 2501
1721.0 Seconds of 2501
1722.0 Seconds of 2501
1723.0 Seconds of 2501
1724.0 Seconds of 2501
1725.0 Seconds of 2501
1726.0 Seconds of 2501
1727.0 Seconds of 2501
1728.0 Seconds of 2501
1729.0 Seconds of 2501
1730.0 Seconds of 2501
1731.0 Seconds of 2501
1732.0 Seconds of 2501
1733.0 Seconds of 2501
1734.0 Seconds of 2501
1735.0 Seconds of 2501
1736.0 Seconds of 2501
1737.0 Seconds of 2501
1738.0 Seconds of 2501
1739.0 Seconds of 2501
1740.0 Seconds of 2501
1741.0 Seconds of 2501
1742.0 Seconds of 2501
1743.0 Seconds of 2501
1744.0 Seconds of 2501
1745.0 Seconds of 2501
1746.0 Seconds of 2501
1747.0 Seconds of 2501
1748.0 Seconds of 2501
1749.0 Seconds of 2501
1750.0 Seconds of 2501
1751.0 Seconds of 2501
1752.0 Seconds of 2501
1753.0 Seconds of 2501
1754.0 Seconds of 2501
1755.0 Seconds of 2501
1756.0 Seconds of 2501
1757.0 Seconds of 2501
1758.0 Seconds of 2501
1759.0 Seconds of 2501
1760.0 Seconds of 2501
1761.0 Seconds of 2501
1762.0 Seconds of 2501
1763.0 Seconds of 2501
1764.0 Seconds of 2501
1765.0 Seconds of 2501
1766.0 Seconds of 2501
1767.0 Seconds of 2501
1768.0 Seconds of 2501
1769.0 Seconds of 2501
1770.0 Seconds of 2501
1771.0 Seconds of 2501
1772.0 Seconds of 2501
1773.0 Seconds of 2501
1774.0 Seconds of 2501
1775.0 Seconds of 2501
1776.0 Seconds of 2501
1777.0 Seconds of 2501
1778.0 Seconds of 2501
1779.0 Seconds of 2501
1780.0 Seconds of 2501
1781.0 Seconds of 2501
1782.0 Seconds of 2501
1783.0 Seconds of 2501
1784.0 Seconds of 2501
1785.0 Seconds of 2501
1786.0 Seconds of 2501
1787.0 Seconds of 2501
1788.0 Seconds of 2501
1789.0 Seconds of 2501
1790.0 Seconds of 2501
1791.0 Seconds of 2501
1792.0 Seconds of 2501
1793.0 Seconds of 2501
1794.0 Seconds of 2501
1795.0 Seconds of 2501
1796.0 Seconds of 2501
1797.0 Seconds of 2501
1798.0 Seconds of 2501
1799.0 Seconds of 2501
1800.0 Seconds of 2501
1801.0 Seconds of 2501
1802.0 Seconds of 2501
1803.0 Seconds of 2501
1804.0 Seconds of 2501
1805.0 Seconds of 2501
1806.0 Seconds of 2501
1807.0 Seconds of 2501
1808.0 Seconds of 2501
1809.0 Seconds of 2501
1810.0 Seconds of 2501
1811.0 Seconds of 2501
1812.0 Seconds of 2501
1813.0 Seconds of 2501
1814.0 Seconds of 2501
1815.0 Seconds of 2501
1816.0 Seconds of 2501
1817.0 Seconds of 2501
1818.0 Seconds of 2501
1819.0 Seconds of 2501
1820.0 Seconds of 2501
1821.0 Seconds of 2501
1822.0 Seconds of 2501
1823.0 Seconds of 2501
1824.0 Seconds of 2501
1825.0 Seconds of 2501
1826.0 Seconds of 2501
1827.0 Seconds of 2501
1828.0 Seconds of 2501
1829.0 Seconds of 2501
1830.0 Seconds of 2501
1831.0 Seconds of 2501
1832.0 Seconds of 2501
1833.0 Seconds of 2501
1834.0 Seconds of 2501
1835.0 Seconds of 2501
1836.0 Seconds of 2501
1837.0 Seconds of 2501
1838.0 Seconds of 2501
1839.0 Seconds of 2501
1840.0 Seconds of 2501
1841.0 Seconds of 2501
1842.0 Seconds of 2501
1843.0 Seconds of 2501
1844.0 Seconds of 2501
1845.0 Seconds of 2501
1846.0 Seconds of 2501
1847.0 Seconds of 2501
1848.0 Seconds of 2501
1849.0 Seconds of 2501
1850.0 Seconds of 2501
1851.0 Seconds of 2501
1852.0 Seconds of 2501
1853.0 Seconds of 2501
1854.0 Seconds of 2501
1855.0 Seconds of 2501
1856.0 Seconds of 2501
1857.0 Seconds of 2501
1858.0 Seconds of 2501
1859.0 Seconds of 2501
1860.0 Seconds of 2501
1861.0 Seconds of 2501
1862.0 Seconds of 2501
1863.0 Seconds of 2501
1864.0 Seconds of 2501
1865.0 Seconds of 2501
1866.0 Seconds of 2501
1867.0 Seconds of 2501
1868.0 Seconds of 2501
1869.0 Seconds of 2501
1870.0 Seconds of 2501
1871.0 Seconds of 2501
1872.0 Seconds of 2501
1873.0 Seconds of 2501
1874.0 Seconds of 2501
1875.0 Seconds of 2501
1876.0 Seconds of 2501
1877.0 Seconds of 2501
1878.0 Seconds of 2501
1879.0 Seconds of 2501
1880.0 Seconds of 2501
1881.0 Seconds of 2501
1882.0 Seconds of 2501
1883.0 Seconds of 2501
1884.0 Seconds of 2501
1885.0 Seconds of 2501
1886.0 Seconds of 2501
1887.0 Seconds of 2501
1888.0 Seconds of 2501
1889.0 Seconds of 2501
1890.0 Seconds of 2501
1891.0 Seconds of 2501
1892.0 Seconds of 2501
1893.0 Seconds of 2501
1894.0 Seconds of 2501
1895.0 Seconds of 2501
1896.0 Seconds of 2501
1897.0 Seconds of 2501
1898.0 Seconds of 2501
1899.0 Seconds of 2501
1900.0 Seconds of 2501
1901.0 Seconds of 2501
1902.0 Seconds of 2501
1903.0 Seconds of 2501
1904.0 Seconds of 2501
1905.0 Seconds of 2501
1906.0 Seconds of 2501
1907.0 Seconds of 2501
1908.0 Seconds of 2501
1909.0 Seconds of 2501
1910.0 Seconds of 2501
1911.0 Seconds of 2501
1912.0 Seconds of 2501
1913.0 Seconds of 2501
1914.0 Seconds of 2501
1915.0 Seconds of 2501
1916.0 Seconds of 2501
1917.0 Seconds of 2501
1918.0 Seconds of 2501
1919.0 Seconds of 2501
1920.0 Seconds of 2501
1921.0 Seconds of 2501
1922.0 Seconds of 2501
1923.0 Seconds of 2501
1924.0 Seconds of 2501
1925.0 Seconds of 2501
1926.0 Seconds of 2501
1927.0 Seconds of 2501
1928.0 Seconds of 2501
1929.0 Seconds of 2501
1930.0 Seconds of 2501
1931.0 Seconds of 2501
1932.0 Seconds of 2501
1933.0 Seconds of 2501
1934.0 Seconds of 2501
1935.0 Seconds of 2501
1936.0 Seconds of 2501
1937.0 Seconds of 2501
1938.0 Seconds of 2501
1939.0 Seconds of 2501
1940.0 Seconds of 2501
1941.0 Seconds of 2501
1942.0 Seconds of 2501
1943.0 Seconds of 2501
1944.0 Seconds of 2501
1945.0 Seconds of 2501
1946.0 Seconds of 2501
1947.0 Seconds of 2501
1948.0 Seconds of 2501
1949.0 Seconds of 2501
1950.0 Seconds of 2501
1951.0 Seconds of 2501
1952.0 Seconds of 2501
1953.0 Seconds of 2501
1954.0 Seconds of 2501
1955.0 Seconds of 2501
1956.0 Seconds of 2501
1957.0 Seconds of 2501
1958.0 Seconds of 2501
1959.0 Seconds of 2501
1960.0 Seconds of 2501
1961.0 Seconds of 2501
1962.0 Seconds of 2501
1963.0 Seconds of 2501
1964.0 Seconds of 2501
1965.0 Seconds of 2501
1966.0 Seconds of 2501
1967.0 Seconds of 2501
1968.0 Seconds of 2501
1969.0 Seconds of 2501
1970.0 Seconds of 2501
1971.0 Seconds of 2501
1972.0 Seconds of 2501
1973.0 Seconds of 2501
1974.0 Seconds of 2501
1975.0 Seconds of 2501
1976.0 Seconds of 2501
1977.0 Seconds of 2501
1978.0 Seconds of 2501
1979.0 Seconds of 2501
1980.0 Seconds of 2501
1981.0 Seconds of 2501
1982.0 Seconds of 2501
1983.0 Seconds of 2501
1984.0 Seconds of 2501
1985.0 Seconds of 2501
1986.0 Seconds of 2501
1987.0 Seconds of 2501
1988.0 Seconds of 2501
1989.0 Seconds of 2501
1990.0 Seconds of 2501
1991.0 Seconds of 2501
1992.0 Seconds of 2501
1993.0 Seconds of 2501
1994.0 Seconds of 2501
1995.0 Seconds of 2501
1996.0 Seconds of 2501
1997.0 Seconds of 2501
1998.0 Seconds of 2501
1999.0 Seconds of 2501
2000.0 Seconds of 2501
2001.0 Seconds of 2501
2002.0 Seconds of 2501
2003.0 Seconds of 2501
2004.0 Seconds of 2501
2005.0 Seconds of 2501
2006.0 Seconds of 2501
2007.0 Seconds of 2501
2008.0 Seconds of 2501
2009.0 Seconds of 2501
2010.0 Seconds of 2501
2011.0 Seconds of 2501
2012.0 Seconds of 2501
2013.0 Seconds of 2501
2014.0 Seconds of 2501
2015.0 Seconds of 2501
2016.0 Seconds of 2501
2017.0 Seconds of 2501
2018.0 Seconds of 2501
2019.0 Seconds of 2501
2020.0 Seconds of 2501
2021.0 Seconds of 2501
2022.0 Seconds of 2501
2023.0 Seconds of 2501
2024.0 Seconds of 2501
2025.0 Seconds of 2501
2026.0 Seconds of 2501
2027.0 Seconds of 2501
2028.0 Seconds of 2501
2029.0 Seconds of 2501
2030.0 Seconds of 2501
2031.0 Seconds of 2501
2032.0 Seconds of 2501
2033.0 Seconds of 2501
2034.0 Seconds of 2501
2035.0 Seconds of 2501
2036.0 Seconds of 2501
2037.0 Seconds of 2501
2038.0 Seconds of 2501
2039.0 Seconds of 2501
2040.0 Seconds of 2501
2041.0 Seconds of 2501
2042.0 Seconds of 2501
2043.0 Seconds of 2501
2044.0 Seconds of 2501
2045.0 Seconds of 2501
2046.0 Seconds of 2501
2047.0 Seconds of 2501
2048.0 Seconds of 2501
2049.0 Seconds of 2501
2050.0 Seconds of 2501
2051.0 Seconds of 2501
2052.0 Seconds of 2501
2053.0 Seconds of 2501
2054.0 Seconds of 2501
2055.0 Seconds of 2501
2056.0 Seconds of 2501
2057.0 Seconds of 2501
2058.0 Seconds of 2501
2059.0 Seconds of 2501
2060.0 Seconds of 2501
2061.0 Seconds of 2501
2062.0 Seconds of 2501
2063.0 Seconds of 2501
2064.0 Seconds of 2501
2065.0 Seconds of 2501
2066.0 Seconds of 2501
2067.0 Seconds of 2501
2068.0 Seconds of 2501
2069.0 Seconds of 2501
2070.0 Seconds of 2501
2071.0 Seconds of 2501
2072.0 Seconds of 2501
2073.0 Seconds of 2501
2074.0 Seconds of 2501
2075.0 Seconds of 2501
2076.0 Seconds of 2501
2077.0 Seconds of 2501
2078.0 Seconds of 2501
2079.0 Seconds of 2501
2080.0 Seconds of 2501
2081.0 Seconds of 2501
2082.0 Seconds of 2501
2083.0 Seconds of 2501
2084.0 Seconds of 2501
2085.0 Seconds of 2501
2086.0 Seconds of 2501
2087.0 Seconds of 2501
2088.0 Seconds of 2501
2089.0 Seconds of 2501
2090.0 Seconds of 2501
2091.0 Seconds of 2501
2092.0 Seconds of 2501
2093.0 Seconds of 2501
2094.0 Seconds of 2501
2095.0 Seconds of 2501
2096.0 Seconds of 2501
2097.0 Seconds of 2501
2098.0 Seconds of 2501
2099.0 Seconds of 2501
2100.0 Seconds of 2501
2101.0 Seconds of 2501
2102.0 Seconds of 2501
2103.0 Seconds of 2501
2104.0 Seconds of 2501
2105.0 Seconds of 2501
2106.0 Seconds of 2501
2107.0 Seconds of 2501
2108.0 Seconds of 2501
2109.0 Seconds of 2501
2110.0 Seconds of 2501
2111.0 Seconds of 2501
2112.0 Seconds of 2501
2113.0 Seconds of 2501
2114.0 Seconds of 2501
2115.0 Seconds of 2501
2116.0 Seconds of 2501
2117.0 Seconds of 2501
2118.0 Seconds of 2501
2119.0 Seconds of 2501
2120.0 Seconds of 2501
2121.0 Seconds of 2501
2122.0 Seconds of 2501
2123.0 Seconds of 2501
2124.0 Seconds of 2501
2125.0 Seconds of 2501
2126.0 Seconds of 2501
2127.0 Seconds of 2501
2128.0 Seconds of 2501
2129.0 Seconds of 2501
2130.0 Seconds of 2501
2131.0 Seconds of 2501
2132.0 Seconds of 2501
2133.0 Seconds of 2501
2134.0 Seconds of 2501
2135.0 Seconds of 2501
2136.0 Seconds of 2501
2137.0 Seconds of 2501
2138.0 Seconds of 2501
2139.0 Seconds of 2501
2140.0 Seconds of 2501
2141.0 Seconds of 2501
2142.0 Seconds of 2501
2143.0 Seconds of 2501
2144.0 Seconds of 2501
2145.0 Seconds of 2501
2146.0 Seconds of 2501
2147.0 Seconds of 2501
2148.0 Seconds of 2501
2149.0 Seconds of 2501
2150.0 Seconds of 2501
2151.0 Seconds of 2501
2152.0 Seconds of 2501
2153.0 Seconds of 2501
2154.0 Seconds of 2501
2155.0 Seconds of 2501
2156.0 Seconds of 2501
2157.0 Seconds of 2501
2158.0 Seconds of 2501
2159.0 Seconds of 2501
2160.0 Seconds of 2501
2161.0 Seconds of 2501
2162.0 Seconds of 2501
2163.0 Seconds of 2501
2164.0 Seconds of 2501
2165.0 Seconds of 2501
2166.0 Seconds of 2501
2167.0 Seconds of 2501
2168.0 Seconds of 2501
2169.0 Seconds of 2501
2170.0 Seconds of 2501
2171.0 Seconds of 2501
2172.0 Seconds of 2501
2173.0 Seconds of 2501
2174.0 Seconds of 2501
2175.0 Seconds of 2501
2176.0 Seconds of 2501
2177.0 Seconds of 2501
2178.0 Seconds of 2501
2179.0 Seconds of 2501
2180.0 Seconds of 2501
2181.0 Seconds of 2501
2182.0 Seconds of 2501
2183.0 Seconds of 2501
2184.0 Seconds of 2501
2185.0 Seconds of 2501
2186.0 Seconds of 2501
2187.0 Seconds of 2501
2188.0 Seconds of 2501
2189.0 Seconds of 2501
2190.0 Seconds of 2501
2191.0 Seconds of 2501
2192.0 Seconds of 2501
2193.0 Seconds of 2501
2194.0 Seconds of 2501
2195.0 Seconds of 2501
2196.0 Seconds of 2501
2197.0 Seconds of 2501
2198.0 Seconds of 2501
2199.0 Seconds of 2501
2200.0 Seconds of 2501
2201.0 Seconds of 2501
2202.0 Seconds of 2501
2203.0 Seconds of 2501
2204.0 Seconds of 2501
2205.0 Seconds of 2501
2206.0 Seconds of 2501
2207.0 Seconds of 2501
2208.0 Seconds of 2501
2209.0 Seconds of 2501
2210.0 Seconds of 2501
2211.0 Seconds of 2501
2212.0 Seconds of 2501
2213.0 Seconds of 2501
2214.0 Seconds of 2501
2215.0 Seconds of 2501
2216.0 Seconds of 2501
2217.0 Seconds of 2501
2218.0 Seconds of 2501
2219.0 Seconds of 2501
2220.0 Seconds of 2501
2221.0 Seconds of 2501
2222.0 Seconds of 2501
2223.0 Seconds of 2501
2224.0 Seconds of 2501
2225.0 Seconds of 2501
2226.0 Seconds of 2501
2227.0 Seconds of 2501
2228.0 Seconds of 2501
2229.0 Seconds of 2501
2230.0 Seconds of 2501
2231.0 Seconds of 2501
2232.0 Seconds of 2501
2233.0 Seconds of 2501
2234.0 Seconds of 2501
2235.0 Seconds of 2501
2236.0 Seconds of 2501
2237.0 Seconds of 2501
2238.0 Seconds of 2501
2239.0 Seconds of 2501
2240.0 Seconds of 2501
2241.0 Seconds of 2501
2242.0 Seconds of 2501
2243.0 Seconds of 2501
2244.0 Seconds of 2501
2245.0 Seconds of 2501
2246.0 Seconds of 2501
2247.0 Seconds of 2501
2248.0 Seconds of 2501
2249.0 Seconds of 2501
2250.0 Seconds of 2501
2251.0 Seconds of 2501
2252.0 Seconds of 2501
2253.0 Seconds of 2501
2254.0 Seconds of 2501
2255.0 Seconds of 2501
2256.0 Seconds of 2501
2257.0 Seconds of 2501
2258.0 Seconds of 2501
2259.0 Seconds of 2501
2260.0 Seconds of 2501
2261.0 Seconds of 2501
2262.0 Seconds of 2501
2263.0 Seconds of 2501
2264.0 Seconds of 2501
2265.0 Seconds of 2501
2266.0 Seconds of 2501
2267.0 Seconds of 2501
2268.0 Seconds of 2501
2269.0 Seconds of 2501
2270.0 Seconds of 2501
2271.0 Seconds of 2501
2272.0 Seconds of 2501
2273.0 Seconds of 2501
2274.0 Seconds of 2501
2275.0 Seconds of 2501
2276.0 Seconds of 2501
2277.0 Seconds of 2501
2278.0 Seconds of 2501
2279.0 Seconds of 2501
2280.0 Seconds of 2501
2281.0 Seconds of 2501
2282.0 Seconds of 2501
2283.0 Seconds of 2501
2284.0 Seconds of 2501
2285.0 Seconds of 2501
2286.0 Seconds of 2501
2287.0 Seconds of 2501
2288.0 Seconds of 2501
2289.0 Seconds of 2501
2290.0 Seconds of 2501
2291.0 Seconds of 2501
2292.0 Seconds of 2501
2293.0 Seconds of 2501
2294.0 Seconds of 2501
2295.0 Seconds of 2501
2296.0 Seconds of 2501
2297.0 Seconds of 2501
2298.0 Seconds of 2501
2299.0 Seconds of 2501
2300.0 Seconds of 2501
2301.0 Seconds of 2501
2302.0 Seconds of 2501
2303.0 Seconds of 2501
2304.0 Seconds of 2501
2305.0 Seconds of 2501
2306.0 Seconds of 2501
2307.0 Seconds of 2501
2308.0 Seconds of 2501
2309.0 Seconds of 2501
2310.0 Seconds of 2501
2311.0 Seconds of 2501
2312.0 Seconds of 2501
2313.0 Seconds of 2501
2314.0 Seconds of 2501
2315.0 Seconds of 2501
2316.0 Seconds of 2501
2317.0 Seconds of 2501
2318.0 Seconds of 2501
2319.0 Seconds of 2501
2320.0 Seconds of 2501
2321.0 Seconds of 2501
2322.0 Seconds of 2501
2323.0 Seconds of 2501
2324.0 Seconds of 2501
2325.0 Seconds of 2501
2326.0 Seconds of 2501
2327.0 Seconds of 2501
2328.0 Seconds of 2501
2329.0 Seconds of 2501
2330.0 Seconds of 2501
2331.0 Seconds of 2501
2332.0 Seconds of 2501
2333.0 Seconds of 2501
2334.0 Seconds of 2501
2335.0 Seconds of 2501
2336.0 Seconds of 2501
2337.0 Seconds of 2501
2338.0 Seconds of 2501
2339.0 Seconds of 2501
2340.0 Seconds of 2501
2341.0 Seconds of 2501
2342.0 Seconds of 2501
2343.0 Seconds of 2501
2344.0 Seconds of 2501
2345.0 Seconds of 2501
2346.0 Seconds of 2501
2347.0 Seconds of 2501
2348.0 Seconds of 2501
2349.0 Seconds of 2501
2350.0 Seconds of 2501
2351.0 Seconds of 2501
2352.0 Seconds of 2501
2353.0 Seconds of 2501
2354.0 Seconds of 2501
2355.0 Seconds of 2501
2356.0 Seconds of 2501
2357.0 Seconds of 2501
2358.0 Seconds of 2501
2359.0 Seconds of 2501
2360.0 Seconds of 2501
2361.0 Seconds of 2501
2362.0 Seconds of 2501
2363.0 Seconds of 2501
2364.0 Seconds of 2501
2365.0 Seconds of 2501
2366.0 Seconds of 2501
2367.0 Seconds of 2501
2368.0 Seconds of 2501
2369.0 Seconds of 2501
2370.0 Seconds of 2501
2371.0 Seconds of 2501
2372.0 Seconds of 2501
2373.0 Seconds of 2501
2374.0 Seconds of 2501
2375.0 Seconds of 2501
2376.0 Seconds of 2501
2377.0 Seconds of 2501
2378.0 Seconds of 2501
2379.0 Seconds of 2501
2380.0 Seconds of 2501
2381.0 Seconds of 2501
2382.0 Seconds of 2501
2383.0 Seconds of 2501
2384.0 Seconds of 2501
2385.0 Seconds of 2501
2386.0 Seconds of 2501
2387.0 Seconds of 2501
2388.0 Seconds of 2501
2389.0 Seconds of 2501
2390.0 Seconds of 2501
2391.0 Seconds of 2501
2392.0 Seconds of 2501
2393.0 Seconds of 2501
2394.0 Seconds of 2501
2395.0 Seconds of 2501
2396.0 Seconds of 2501
2397.0 Seconds of 2501
2398.0 Seconds of 2501
2399.0 Seconds of 2501
2400.0 Seconds of 2501
2401.0 Seconds of 2501
2402.0 Seconds of 2501
2403.0 Seconds of 2501
2404.0 Seconds of 2501
2405.0 Seconds of 2501
2406.0 Seconds of 2501
2407.0 Seconds of 2501
2408.0 Seconds of 2501
2409.0 Seconds of 2501
2410.0 Seconds of 2501
2411.0 Seconds of 2501
2412.0 Seconds of 2501
2413.0 Seconds of 2501
2414.0 Seconds of 2501
2415.0 Seconds of 2501
2416.0 Seconds of 2501
2417.0 Seconds of 2501
2418.0 Seconds of 2501
2419.0 Seconds of 2501
2420.0 Seconds of 2501
2421.0 Seconds of 2501
2422.0 Seconds of 2501
2423.0 Seconds of 2501
2424.0 Seconds of 2501
2425.0 Seconds of 2501
2426.0 Seconds of 2501
2427.0 Seconds of 2501
2428.0 Seconds of 2501
2429.0 Seconds of 2501
2430.0 Seconds of 2501
2431.0 Seconds of 2501
2432.0 Seconds of 2501
2433.0 Seconds of 2501
2434.0 Seconds of 2501
2435.0 Seconds of 2501
2436.0 Seconds of 2501
2437.0 Seconds of 2501
2438.0 Seconds of 2501
2439.0 Seconds of 2501
2440.0 Seconds of 2501
2441.0 Seconds of 2501
2442.0 Seconds of 2501
2443.0 Seconds of 2501
2444.0 Seconds of 2501
2445.0 Seconds of 2501
2446.0 Seconds of 2501
2447.0 Seconds of 2501
2448.0 Seconds of 2501
2449.0 Seconds of 2501
2450.0 Seconds of 2501
2451.0 Seconds of 2501
2452.0 Seconds of 2501
2453.0 Seconds of 2501
2454.0 Seconds of 2501
2455.0 Seconds of 2501
2456.0 Seconds of 2501
2457.0 Seconds of 2501
2458.0 Seconds of 2501
2459.0 Seconds of 2501
2460.0 Seconds of 2501
2461.0 Seconds of 2501
2462.0 Seconds of 2501
2463.0 Seconds of 2501
2464.0 Seconds of 2501
2465.0 Seconds of 2501
2466.0 Seconds of 2501
2467.0 Seconds of 2501
2468.0 Seconds of 2501
2469.0 Seconds of 2501
2470.0 Seconds of 2501
2471.0 Seconds of 2501
2472.0 Seconds of 2501
2473.0 Seconds of 2501
2474.0 Seconds of 2501
2475.0 Seconds of 2501
2476.0 Seconds of 2501
2477.0 Seconds of 2501
2478.0 Seconds of 2501
2479.0 Seconds of 2501
2480.0 Seconds of 2501
2481.0 Seconds of 2501
2482.0 Seconds of 2501
2483.0 Seconds of 2501
2484.0 Seconds of 2501
2485.0 Seconds of 2501
2486.0 Seconds of 2501
2487.0 Seconds of 2501
2488.0 Seconds of 2501
2489.0 Seconds of 2501
2490.0 Seconds of 2501
2491.0 Seconds of 2501
2492.0 Seconds of 2501
2493.0 Seconds of 2501
2494.0 Seconds of 2501
2495.0 Seconds of 2501
2496.0 Seconds of 2501
2497.0 Seconds of 2501
2498.0 Seconds of 2501
2499.0 Seconds of 2501
2500.0 Seconds of 2501
total used time:  19724
Data saved to Runtime_Data/SC_Compiled10000_10_0.0001_2501_75.pkl

Used Modell:  SC_Compiled
Number of Neurons:  10000
Running Time:  2501
Input rate h: 0.0001
Target Spiking Rate:  1
Homeostatic Constant:  1000
Alpha init:  0.01
