JobId=856562 JobName=name
   UserId=lfz080(4890) GroupId=levina(4024) MCS_label=N/A
   Priority=75269 Nice=0 Account=levina QOS=normal
   JobState=RUNNING Reason=None Dependency=(null)
   Requeue=1 Restarts=0 BatchFlag=1 Reboot=0 ExitCode=0:0
   RunTime=00:00:04 TimeLimit=3-00:00:00 TimeMin=N/A
   SubmitTime=2024-11-27T16:00:21 EligibleTime=2024-11-27T16:00:21
   AccrueTime=2024-11-27T16:00:21
   StartTime=2024-11-27T18:37:52 EndTime=2024-11-30T18:37:52 Deadline=N/A
   PreemptEligibleTime=2024-11-27T18:38:52 PreemptTime=None
   SuspendTime=None SecsPreSuspend=0 LastSchedEval=2024-11-27T18:37:52 Scheduler=Main
   Partition=2080-galvani AllocNode:Sid=galvani-slurmctl:3044493
   ReqNodeList=(null) ExcNodeList=(null)
   NodeList=galvani-cn104
   BatchHost=galvani-cn104
   NumNodes=1 NumCPUs=8 NumTasks=1 CPUs/Task=8 ReqB:S:C:T=0:0:*:*
   ReqTRES=cpu=8,mem=40G,node=1,billing=2,gres/gpu=1
   AllocTRES=cpu=8,mem=40G,node=1,billing=2,gres/gpu=1,gres/gpu:rtx2080ti=1
   Socks/Node=* NtasksPerN:B:S:C=0:0:*:* CoreSpec=*
   MinCPUsNode=8 MinMemoryNode=40G MinTmpDiskNode=0
   Features=(null) DelayBoot=00:00:00
   OverSubscribe=OK Contiguous=0 Licenses=(null) Network=(null)
   Command=/mnt/qb/home/levina/lfz080/Walka/Implementierung_Bachelorarbeit/script.sh
   WorkDir=/mnt/qb/home/levina/lfz080/Walka/Implementierung_Bachelorarbeit
   StdErr=/mnt/qb/home/levina/lfz080/Walka/Implementierung_Bachelorarbeit/slurm-856562.out
   StdIn=/dev/null
   StdOut=/mnt/qb/home/levina/lfz080/Walka/Implementierung_Bachelorarbeit/slurm-856562.out
   Power=
   TresPerNode=gres:gpu:1
   MailUser=walka37@gmail.com MailType=BEGIN,END,FAIL
   

lalal
auch das klappt du dumme nuss
In der Funktion wird es ausgeführt....
0.0 Seconds of 1501
1.0 Seconds of 1501
2.0 Seconds of 1501
3.0 Seconds of 1501
4.0 Seconds of 1501
5.0 Seconds of 1501
6.0 Seconds of 1501
7.0 Seconds of 1501
8.0 Seconds of 1501
9.0 Seconds of 1501
10.0 Seconds of 1501
11.0 Seconds of 1501
12.0 Seconds of 1501
13.0 Seconds of 1501
14.0 Seconds of 1501
15.0 Seconds of 1501
16.0 Seconds of 1501
17.0 Seconds of 1501
18.0 Seconds of 1501
19.0 Seconds of 1501
20.0 Seconds of 1501
21.0 Seconds of 1501
22.0 Seconds of 1501
23.0 Seconds of 1501
24.0 Seconds of 1501
25.0 Seconds of 1501
26.0 Seconds of 1501
27.0 Seconds of 1501
28.0 Seconds of 1501
29.0 Seconds of 1501
30.0 Seconds of 1501
31.0 Seconds of 1501
32.0 Seconds of 1501
33.0 Seconds of 1501
34.0 Seconds of 1501
35.0 Seconds of 1501
36.0 Seconds of 1501
37.0 Seconds of 1501
38.0 Seconds of 1501
39.0 Seconds of 1501
40.0 Seconds of 1501
41.0 Seconds of 1501
42.0 Seconds of 1501
43.0 Seconds of 1501
44.0 Seconds of 1501
45.0 Seconds of 1501
46.0 Seconds of 1501
47.0 Seconds of 1501
48.0 Seconds of 1501
49.0 Seconds of 1501
50.0 Seconds of 1501
51.0 Seconds of 1501
52.0 Seconds of 1501
53.0 Seconds of 1501
54.0 Seconds of 1501
55.0 Seconds of 1501
56.0 Seconds of 1501
57.0 Seconds of 1501
58.0 Seconds of 1501
59.0 Seconds of 1501
60.0 Seconds of 1501
61.0 Seconds of 1501
62.0 Seconds of 1501
63.0 Seconds of 1501
64.0 Seconds of 1501
65.0 Seconds of 1501
66.0 Seconds of 1501
67.0 Seconds of 1501
68.0 Seconds of 1501
69.0 Seconds of 1501
70.0 Seconds of 1501
71.0 Seconds of 1501
72.0 Seconds of 1501
73.0 Seconds of 1501
74.0 Seconds of 1501
75.0 Seconds of 1501
76.0 Seconds of 1501
77.0 Seconds of 1501
78.0 Seconds of 1501
79.0 Seconds of 1501
80.0 Seconds of 1501
81.0 Seconds of 1501
82.0 Seconds of 1501
83.0 Seconds of 1501
84.0 Seconds of 1501
85.0 Seconds of 1501
86.0 Seconds of 1501
87.0 Seconds of 1501
88.0 Seconds of 1501
89.0 Seconds of 1501
90.0 Seconds of 1501
91.0 Seconds of 1501
92.0 Seconds of 1501
93.0 Seconds of 1501
94.0 Seconds of 1501
95.0 Seconds of 1501
96.0 Seconds of 1501
97.0 Seconds of 1501
98.0 Seconds of 1501
99.0 Seconds of 1501
100.0 Seconds of 1501
101.0 Seconds of 1501
102.0 Seconds of 1501
103.0 Seconds of 1501
104.0 Seconds of 1501
105.0 Seconds of 1501
106.0 Seconds of 1501
107.0 Seconds of 1501
108.0 Seconds of 1501
109.0 Seconds of 1501
110.0 Seconds of 1501
111.0 Seconds of 1501
112.0 Seconds of 1501
113.0 Seconds of 1501
114.0 Seconds of 1501
115.0 Seconds of 1501
116.0 Seconds of 1501
117.0 Seconds of 1501
118.0 Seconds of 1501
119.0 Seconds of 1501
120.0 Seconds of 1501
121.0 Seconds of 1501
122.0 Seconds of 1501
123.0 Seconds of 1501
124.0 Seconds of 1501
125.0 Seconds of 1501
126.0 Seconds of 1501
127.0 Seconds of 1501
128.0 Seconds of 1501
129.0 Seconds of 1501
130.0 Seconds of 1501
131.0 Seconds of 1501
132.0 Seconds of 1501
133.0 Seconds of 1501
134.0 Seconds of 1501
135.0 Seconds of 1501
136.0 Seconds of 1501
137.0 Seconds of 1501
138.0 Seconds of 1501
139.0 Seconds of 1501
140.0 Seconds of 1501
141.0 Seconds of 1501
142.0 Seconds of 1501
143.0 Seconds of 1501
144.0 Seconds of 1501
145.0 Seconds of 1501
146.0 Seconds of 1501
147.0 Seconds of 1501
148.0 Seconds of 1501
149.0 Seconds of 1501
150.0 Seconds of 1501
151.0 Seconds of 1501
152.0 Seconds of 1501
153.0 Seconds of 1501
154.0 Seconds of 1501
155.0 Seconds of 1501
156.0 Seconds of 1501
157.0 Seconds of 1501
158.0 Seconds of 1501
159.0 Seconds of 1501
160.0 Seconds of 1501
161.0 Seconds of 1501
162.0 Seconds of 1501
163.0 Seconds of 1501
164.0 Seconds of 1501
165.0 Seconds of 1501
166.0 Seconds of 1501
167.0 Seconds of 1501
168.0 Seconds of 1501
169.0 Seconds of 1501
170.0 Seconds of 1501
171.0 Seconds of 1501
172.0 Seconds of 1501
173.0 Seconds of 1501
174.0 Seconds of 1501
175.0 Seconds of 1501
176.0 Seconds of 1501
177.0 Seconds of 1501
178.0 Seconds of 1501
179.0 Seconds of 1501
180.0 Seconds of 1501
181.0 Seconds of 1501
182.0 Seconds of 1501
183.0 Seconds of 1501
184.0 Seconds of 1501
185.0 Seconds of 1501
186.0 Seconds of 1501
187.0 Seconds of 1501
188.0 Seconds of 1501
189.0 Seconds of 1501
190.0 Seconds of 1501
191.0 Seconds of 1501
192.0 Seconds of 1501
193.0 Seconds of 1501
194.0 Seconds of 1501
195.0 Seconds of 1501
196.0 Seconds of 1501
197.0 Seconds of 1501
198.0 Seconds of 1501
199.0 Seconds of 1501
200.0 Seconds of 1501
201.0 Seconds of 1501
202.0 Seconds of 1501
203.0 Seconds of 1501
204.0 Seconds of 1501
205.0 Seconds of 1501
206.0 Seconds of 1501
207.0 Seconds of 1501
208.0 Seconds of 1501
209.0 Seconds of 1501
210.0 Seconds of 1501
211.0 Seconds of 1501
212.0 Seconds of 1501
213.0 Seconds of 1501
214.0 Seconds of 1501
215.0 Seconds of 1501
216.0 Seconds of 1501
217.0 Seconds of 1501
218.0 Seconds of 1501
219.0 Seconds of 1501
220.0 Seconds of 1501
221.0 Seconds of 1501
222.0 Seconds of 1501
223.0 Seconds of 1501
224.0 Seconds of 1501
225.0 Seconds of 1501
226.0 Seconds of 1501
227.0 Seconds of 1501
228.0 Seconds of 1501
229.0 Seconds of 1501
230.0 Seconds of 1501
231.0 Seconds of 1501
232.0 Seconds of 1501
233.0 Seconds of 1501
234.0 Seconds of 1501
235.0 Seconds of 1501
236.0 Seconds of 1501
237.0 Seconds of 1501
238.0 Seconds of 1501
239.0 Seconds of 1501
240.0 Seconds of 1501
241.0 Seconds of 1501
242.0 Seconds of 1501
243.0 Seconds of 1501
244.0 Seconds of 1501
245.0 Seconds of 1501
246.0 Seconds of 1501
247.0 Seconds of 1501
248.0 Seconds of 1501
249.0 Seconds of 1501
250.0 Seconds of 1501
251.0 Seconds of 1501
252.0 Seconds of 1501
253.0 Seconds of 1501
254.0 Seconds of 1501
255.0 Seconds of 1501
256.0 Seconds of 1501
257.0 Seconds of 1501
258.0 Seconds of 1501
259.0 Seconds of 1501
260.0 Seconds of 1501
261.0 Seconds of 1501
262.0 Seconds of 1501
263.0 Seconds of 1501
264.0 Seconds of 1501
265.0 Seconds of 1501
266.0 Seconds of 1501
267.0 Seconds of 1501
268.0 Seconds of 1501
269.0 Seconds of 1501
270.0 Seconds of 1501
271.0 Seconds of 1501
272.0 Seconds of 1501
273.0 Seconds of 1501
274.0 Seconds of 1501
275.0 Seconds of 1501
276.0 Seconds of 1501
277.0 Seconds of 1501
278.0 Seconds of 1501
279.0 Seconds of 1501
280.0 Seconds of 1501
281.0 Seconds of 1501
282.0 Seconds of 1501
283.0 Seconds of 1501
284.0 Seconds of 1501
285.0 Seconds of 1501
286.0 Seconds of 1501
287.0 Seconds of 1501
288.0 Seconds of 1501
289.0 Seconds of 1501
290.0 Seconds of 1501
291.0 Seconds of 1501
292.0 Seconds of 1501
293.0 Seconds of 1501
294.0 Seconds of 1501
295.0 Seconds of 1501
296.0 Seconds of 1501
297.0 Seconds of 1501
298.0 Seconds of 1501
299.0 Seconds of 1501
300.0 Seconds of 1501
301.0 Seconds of 1501
302.0 Seconds of 1501
303.0 Seconds of 1501
304.0 Seconds of 1501
305.0 Seconds of 1501
306.0 Seconds of 1501
307.0 Seconds of 1501
308.0 Seconds of 1501
309.0 Seconds of 1501
310.0 Seconds of 1501
311.0 Seconds of 1501
312.0 Seconds of 1501
313.0 Seconds of 1501
314.0 Seconds of 1501
315.0 Seconds of 1501
316.0 Seconds of 1501
317.0 Seconds of 1501
318.0 Seconds of 1501
319.0 Seconds of 1501
320.0 Seconds of 1501
321.0 Seconds of 1501
322.0 Seconds of 1501
323.0 Seconds of 1501
324.0 Seconds of 1501
325.0 Seconds of 1501
326.0 Seconds of 1501
327.0 Seconds of 1501
328.0 Seconds of 1501
329.0 Seconds of 1501
330.0 Seconds of 1501
331.0 Seconds of 1501
332.0 Seconds of 1501
333.0 Seconds of 1501
334.0 Seconds of 1501
335.0 Seconds of 1501
336.0 Seconds of 1501
337.0 Seconds of 1501
338.0 Seconds of 1501
339.0 Seconds of 1501
340.0 Seconds of 1501
341.0 Seconds of 1501
342.0 Seconds of 1501
343.0 Seconds of 1501
344.0 Seconds of 1501
345.0 Seconds of 1501
346.0 Seconds of 1501
347.0 Seconds of 1501
348.0 Seconds of 1501
349.0 Seconds of 1501
350.0 Seconds of 1501
351.0 Seconds of 1501
352.0 Seconds of 1501
353.0 Seconds of 1501
354.0 Seconds of 1501
355.0 Seconds of 1501
356.0 Seconds of 1501
357.0 Seconds of 1501
358.0 Seconds of 1501
359.0 Seconds of 1501
360.0 Seconds of 1501
361.0 Seconds of 1501
362.0 Seconds of 1501
363.0 Seconds of 1501
364.0 Seconds of 1501
365.0 Seconds of 1501
366.0 Seconds of 1501
367.0 Seconds of 1501
368.0 Seconds of 1501
369.0 Seconds of 1501
370.0 Seconds of 1501
371.0 Seconds of 1501
372.0 Seconds of 1501
373.0 Seconds of 1501
374.0 Seconds of 1501
375.0 Seconds of 1501
376.0 Seconds of 1501
377.0 Seconds of 1501
378.0 Seconds of 1501
379.0 Seconds of 1501
380.0 Seconds of 1501
381.0 Seconds of 1501
382.0 Seconds of 1501
383.0 Seconds of 1501
384.0 Seconds of 1501
385.0 Seconds of 1501
386.0 Seconds of 1501
387.0 Seconds of 1501
388.0 Seconds of 1501
389.0 Seconds of 1501
390.0 Seconds of 1501
391.0 Seconds of 1501
392.0 Seconds of 1501
393.0 Seconds of 1501
394.0 Seconds of 1501
395.0 Seconds of 1501
396.0 Seconds of 1501
397.0 Seconds of 1501
398.0 Seconds of 1501
399.0 Seconds of 1501
400.0 Seconds of 1501
401.0 Seconds of 1501
402.0 Seconds of 1501
403.0 Seconds of 1501
404.0 Seconds of 1501
405.0 Seconds of 1501
406.0 Seconds of 1501
407.0 Seconds of 1501
408.0 Seconds of 1501
409.0 Seconds of 1501
410.0 Seconds of 1501
411.0 Seconds of 1501
412.0 Seconds of 1501
413.0 Seconds of 1501
414.0 Seconds of 1501
415.0 Seconds of 1501
416.0 Seconds of 1501
417.0 Seconds of 1501
418.0 Seconds of 1501
419.0 Seconds of 1501
420.0 Seconds of 1501
421.0 Seconds of 1501
422.0 Seconds of 1501
423.0 Seconds of 1501
424.0 Seconds of 1501
425.0 Seconds of 1501
426.0 Seconds of 1501
427.0 Seconds of 1501
428.0 Seconds of 1501
429.0 Seconds of 1501
430.0 Seconds of 1501
431.0 Seconds of 1501
432.0 Seconds of 1501
433.0 Seconds of 1501
434.0 Seconds of 1501
435.0 Seconds of 1501
436.0 Seconds of 1501
437.0 Seconds of 1501
438.0 Seconds of 1501
439.0 Seconds of 1501
440.0 Seconds of 1501
441.0 Seconds of 1501
442.0 Seconds of 1501
443.0 Seconds of 1501
444.0 Seconds of 1501
445.0 Seconds of 1501
446.0 Seconds of 1501
447.0 Seconds of 1501
448.0 Seconds of 1501
449.0 Seconds of 1501
450.0 Seconds of 1501
451.0 Seconds of 1501
452.0 Seconds of 1501
453.0 Seconds of 1501
454.0 Seconds of 1501
455.0 Seconds of 1501
456.0 Seconds of 1501
457.0 Seconds of 1501
458.0 Seconds of 1501
459.0 Seconds of 1501
460.0 Seconds of 1501
461.0 Seconds of 1501
462.0 Seconds of 1501
463.0 Seconds of 1501
464.0 Seconds of 1501
465.0 Seconds of 1501
466.0 Seconds of 1501
467.0 Seconds of 1501
468.0 Seconds of 1501
469.0 Seconds of 1501
470.0 Seconds of 1501
471.0 Seconds of 1501
472.0 Seconds of 1501
473.0 Seconds of 1501
474.0 Seconds of 1501
475.0 Seconds of 1501
476.0 Seconds of 1501
477.0 Seconds of 1501
478.0 Seconds of 1501
479.0 Seconds of 1501
480.0 Seconds of 1501
481.0 Seconds of 1501
482.0 Seconds of 1501
483.0 Seconds of 1501
484.0 Seconds of 1501
485.0 Seconds of 1501
486.0 Seconds of 1501
487.0 Seconds of 1501
488.0 Seconds of 1501
489.0 Seconds of 1501
490.0 Seconds of 1501
491.0 Seconds of 1501
492.0 Seconds of 1501
493.0 Seconds of 1501
494.0 Seconds of 1501
495.0 Seconds of 1501
496.0 Seconds of 1501
497.0 Seconds of 1501
498.0 Seconds of 1501
499.0 Seconds of 1501
500.0 Seconds of 1501
501.0 Seconds of 1501
502.0 Seconds of 1501
503.0 Seconds of 1501
504.0 Seconds of 1501
505.0 Seconds of 1501
506.0 Seconds of 1501
507.0 Seconds of 1501
508.0 Seconds of 1501
509.0 Seconds of 1501
510.0 Seconds of 1501
511.0 Seconds of 1501
512.0 Seconds of 1501
513.0 Seconds of 1501
514.0 Seconds of 1501
515.0 Seconds of 1501
516.0 Seconds of 1501
517.0 Seconds of 1501
518.0 Seconds of 1501
519.0 Seconds of 1501
520.0 Seconds of 1501
521.0 Seconds of 1501
522.0 Seconds of 1501
523.0 Seconds of 1501
524.0 Seconds of 1501
525.0 Seconds of 1501
526.0 Seconds of 1501
527.0 Seconds of 1501
528.0 Seconds of 1501
529.0 Seconds of 1501
530.0 Seconds of 1501
531.0 Seconds of 1501
532.0 Seconds of 1501
533.0 Seconds of 1501
534.0 Seconds of 1501
535.0 Seconds of 1501
536.0 Seconds of 1501
537.0 Seconds of 1501
538.0 Seconds of 1501
539.0 Seconds of 1501
540.0 Seconds of 1501
541.0 Seconds of 1501
542.0 Seconds of 1501
543.0 Seconds of 1501
544.0 Seconds of 1501
545.0 Seconds of 1501
546.0 Seconds of 1501
547.0 Seconds of 1501
548.0 Seconds of 1501
549.0 Seconds of 1501
550.0 Seconds of 1501
551.0 Seconds of 1501
552.0 Seconds of 1501
553.0 Seconds of 1501
554.0 Seconds of 1501
555.0 Seconds of 1501
556.0 Seconds of 1501
557.0 Seconds of 1501
558.0 Seconds of 1501
559.0 Seconds of 1501
560.0 Seconds of 1501
561.0 Seconds of 1501
562.0 Seconds of 1501
563.0 Seconds of 1501
564.0 Seconds of 1501
565.0 Seconds of 1501
566.0 Seconds of 1501
567.0 Seconds of 1501
568.0 Seconds of 1501
569.0 Seconds of 1501
570.0 Seconds of 1501
571.0 Seconds of 1501
572.0 Seconds of 1501
573.0 Seconds of 1501
574.0 Seconds of 1501
575.0 Seconds of 1501
576.0 Seconds of 1501
577.0 Seconds of 1501
578.0 Seconds of 1501
579.0 Seconds of 1501
580.0 Seconds of 1501
581.0 Seconds of 1501
582.0 Seconds of 1501
583.0 Seconds of 1501
584.0 Seconds of 1501
585.0 Seconds of 1501
586.0 Seconds of 1501
587.0 Seconds of 1501
588.0 Seconds of 1501
589.0 Seconds of 1501
590.0 Seconds of 1501
591.0 Seconds of 1501
592.0 Seconds of 1501
593.0 Seconds of 1501
594.0 Seconds of 1501
595.0 Seconds of 1501
596.0 Seconds of 1501
597.0 Seconds of 1501
598.0 Seconds of 1501
599.0 Seconds of 1501
600.0 Seconds of 1501
601.0 Seconds of 1501
602.0 Seconds of 1501
603.0 Seconds of 1501
604.0 Seconds of 1501
605.0 Seconds of 1501
606.0 Seconds of 1501
607.0 Seconds of 1501
608.0 Seconds of 1501
609.0 Seconds of 1501
610.0 Seconds of 1501
611.0 Seconds of 1501
612.0 Seconds of 1501
613.0 Seconds of 1501
614.0 Seconds of 1501
615.0 Seconds of 1501
616.0 Seconds of 1501
617.0 Seconds of 1501
618.0 Seconds of 1501
619.0 Seconds of 1501
620.0 Seconds of 1501
621.0 Seconds of 1501
622.0 Seconds of 1501
623.0 Seconds of 1501
624.0 Seconds of 1501
625.0 Seconds of 1501
626.0 Seconds of 1501
627.0 Seconds of 1501
628.0 Seconds of 1501
629.0 Seconds of 1501
630.0 Seconds of 1501
631.0 Seconds of 1501
632.0 Seconds of 1501
633.0 Seconds of 1501
634.0 Seconds of 1501
635.0 Seconds of 1501
636.0 Seconds of 1501
637.0 Seconds of 1501
638.0 Seconds of 1501
639.0 Seconds of 1501
640.0 Seconds of 1501
641.0 Seconds of 1501
642.0 Seconds of 1501
643.0 Seconds of 1501
644.0 Seconds of 1501
645.0 Seconds of 1501
646.0 Seconds of 1501
647.0 Seconds of 1501
648.0 Seconds of 1501
649.0 Seconds of 1501
650.0 Seconds of 1501
651.0 Seconds of 1501
652.0 Seconds of 1501
653.0 Seconds of 1501
654.0 Seconds of 1501
655.0 Seconds of 1501
656.0 Seconds of 1501
657.0 Seconds of 1501
658.0 Seconds of 1501
659.0 Seconds of 1501
660.0 Seconds of 1501
661.0 Seconds of 1501
662.0 Seconds of 1501
663.0 Seconds of 1501
664.0 Seconds of 1501
665.0 Seconds of 1501
666.0 Seconds of 1501
667.0 Seconds of 1501
668.0 Seconds of 1501
669.0 Seconds of 1501
670.0 Seconds of 1501
671.0 Seconds of 1501
672.0 Seconds of 1501
673.0 Seconds of 1501
674.0 Seconds of 1501
675.0 Seconds of 1501
676.0 Seconds of 1501
677.0 Seconds of 1501
678.0 Seconds of 1501
679.0 Seconds of 1501
680.0 Seconds of 1501
681.0 Seconds of 1501
682.0 Seconds of 1501
683.0 Seconds of 1501
684.0 Seconds of 1501
685.0 Seconds of 1501
686.0 Seconds of 1501
687.0 Seconds of 1501
688.0 Seconds of 1501
689.0 Seconds of 1501
690.0 Seconds of 1501
691.0 Seconds of 1501
692.0 Seconds of 1501
693.0 Seconds of 1501
694.0 Seconds of 1501
695.0 Seconds of 1501
696.0 Seconds of 1501
697.0 Seconds of 1501
698.0 Seconds of 1501
699.0 Seconds of 1501
700.0 Seconds of 1501
701.0 Seconds of 1501
702.0 Seconds of 1501
703.0 Seconds of 1501
704.0 Seconds of 1501
705.0 Seconds of 1501
706.0 Seconds of 1501
707.0 Seconds of 1501
708.0 Seconds of 1501
709.0 Seconds of 1501
710.0 Seconds of 1501
711.0 Seconds of 1501
712.0 Seconds of 1501
713.0 Seconds of 1501
714.0 Seconds of 1501
715.0 Seconds of 1501
716.0 Seconds of 1501
717.0 Seconds of 1501
718.0 Seconds of 1501
719.0 Seconds of 1501
720.0 Seconds of 1501
721.0 Seconds of 1501
722.0 Seconds of 1501
723.0 Seconds of 1501
724.0 Seconds of 1501
725.0 Seconds of 1501
726.0 Seconds of 1501
727.0 Seconds of 1501
728.0 Seconds of 1501
729.0 Seconds of 1501
730.0 Seconds of 1501
731.0 Seconds of 1501
732.0 Seconds of 1501
733.0 Seconds of 1501
734.0 Seconds of 1501
735.0 Seconds of 1501
736.0 Seconds of 1501
737.0 Seconds of 1501
738.0 Seconds of 1501
739.0 Seconds of 1501
740.0 Seconds of 1501
741.0 Seconds of 1501
742.0 Seconds of 1501
743.0 Seconds of 1501
744.0 Seconds of 1501
745.0 Seconds of 1501
746.0 Seconds of 1501
747.0 Seconds of 1501
748.0 Seconds of 1501
749.0 Seconds of 1501
750.0 Seconds of 1501
751.0 Seconds of 1501
752.0 Seconds of 1501
753.0 Seconds of 1501
754.0 Seconds of 1501
755.0 Seconds of 1501
756.0 Seconds of 1501
757.0 Seconds of 1501
758.0 Seconds of 1501
759.0 Seconds of 1501
760.0 Seconds of 1501
761.0 Seconds of 1501
762.0 Seconds of 1501
763.0 Seconds of 1501
764.0 Seconds of 1501
765.0 Seconds of 1501
766.0 Seconds of 1501
767.0 Seconds of 1501
768.0 Seconds of 1501
769.0 Seconds of 1501
770.0 Seconds of 1501
771.0 Seconds of 1501
772.0 Seconds of 1501
773.0 Seconds of 1501
774.0 Seconds of 1501
775.0 Seconds of 1501
776.0 Seconds of 1501
777.0 Seconds of 1501
778.0 Seconds of 1501
779.0 Seconds of 1501
780.0 Seconds of 1501
781.0 Seconds of 1501
782.0 Seconds of 1501
783.0 Seconds of 1501
784.0 Seconds of 1501
785.0 Seconds of 1501
786.0 Seconds of 1501
787.0 Seconds of 1501
788.0 Seconds of 1501
789.0 Seconds of 1501
790.0 Seconds of 1501
791.0 Seconds of 1501
792.0 Seconds of 1501
793.0 Seconds of 1501
794.0 Seconds of 1501
795.0 Seconds of 1501
796.0 Seconds of 1501
797.0 Seconds of 1501
798.0 Seconds of 1501
799.0 Seconds of 1501
800.0 Seconds of 1501
801.0 Seconds of 1501
802.0 Seconds of 1501
803.0 Seconds of 1501
804.0 Seconds of 1501
805.0 Seconds of 1501
806.0 Seconds of 1501
807.0 Seconds of 1501
808.0 Seconds of 1501
809.0 Seconds of 1501
810.0 Seconds of 1501
811.0 Seconds of 1501
812.0 Seconds of 1501
813.0 Seconds of 1501
814.0 Seconds of 1501
815.0 Seconds of 1501
816.0 Seconds of 1501
817.0 Seconds of 1501
818.0 Seconds of 1501
819.0 Seconds of 1501
820.0 Seconds of 1501
821.0 Seconds of 1501
822.0 Seconds of 1501
823.0 Seconds of 1501
824.0 Seconds of 1501
825.0 Seconds of 1501
826.0 Seconds of 1501
827.0 Seconds of 1501
828.0 Seconds of 1501
829.0 Seconds of 1501
830.0 Seconds of 1501
831.0 Seconds of 1501
832.0 Seconds of 1501
833.0 Seconds of 1501
834.0 Seconds of 1501
835.0 Seconds of 1501
836.0 Seconds of 1501
837.0 Seconds of 1501
838.0 Seconds of 1501
839.0 Seconds of 1501
840.0 Seconds of 1501
841.0 Seconds of 1501
842.0 Seconds of 1501
843.0 Seconds of 1501
844.0 Seconds of 1501
845.0 Seconds of 1501
846.0 Seconds of 1501
847.0 Seconds of 1501
848.0 Seconds of 1501
849.0 Seconds of 1501
850.0 Seconds of 1501
851.0 Seconds of 1501
852.0 Seconds of 1501
853.0 Seconds of 1501
854.0 Seconds of 1501
855.0 Seconds of 1501
856.0 Seconds of 1501
857.0 Seconds of 1501
858.0 Seconds of 1501
859.0 Seconds of 1501
860.0 Seconds of 1501
861.0 Seconds of 1501
862.0 Seconds of 1501
863.0 Seconds of 1501
864.0 Seconds of 1501
865.0 Seconds of 1501
866.0 Seconds of 1501
867.0 Seconds of 1501
868.0 Seconds of 1501
869.0 Seconds of 1501
870.0 Seconds of 1501
871.0 Seconds of 1501
872.0 Seconds of 1501
873.0 Seconds of 1501
874.0 Seconds of 1501
875.0 Seconds of 1501
876.0 Seconds of 1501
877.0 Seconds of 1501
878.0 Seconds of 1501
879.0 Seconds of 1501
880.0 Seconds of 1501
881.0 Seconds of 1501
882.0 Seconds of 1501
883.0 Seconds of 1501
884.0 Seconds of 1501
885.0 Seconds of 1501
886.0 Seconds of 1501
887.0 Seconds of 1501
888.0 Seconds of 1501
889.0 Seconds of 1501
890.0 Seconds of 1501
891.0 Seconds of 1501
892.0 Seconds of 1501
893.0 Seconds of 1501
894.0 Seconds of 1501
895.0 Seconds of 1501
896.0 Seconds of 1501
897.0 Seconds of 1501
898.0 Seconds of 1501
899.0 Seconds of 1501
900.0 Seconds of 1501
901.0 Seconds of 1501
902.0 Seconds of 1501
903.0 Seconds of 1501
904.0 Seconds of 1501
905.0 Seconds of 1501
906.0 Seconds of 1501
907.0 Seconds of 1501
908.0 Seconds of 1501
909.0 Seconds of 1501
910.0 Seconds of 1501
911.0 Seconds of 1501
912.0 Seconds of 1501
913.0 Seconds of 1501
914.0 Seconds of 1501
915.0 Seconds of 1501
916.0 Seconds of 1501
917.0 Seconds of 1501
918.0 Seconds of 1501
919.0 Seconds of 1501
920.0 Seconds of 1501
921.0 Seconds of 1501
922.0 Seconds of 1501
923.0 Seconds of 1501
924.0 Seconds of 1501
925.0 Seconds of 1501
926.0 Seconds of 1501
927.0 Seconds of 1501
928.0 Seconds of 1501
929.0 Seconds of 1501
930.0 Seconds of 1501
931.0 Seconds of 1501
932.0 Seconds of 1501
933.0 Seconds of 1501
934.0 Seconds of 1501
935.0 Seconds of 1501
936.0 Seconds of 1501
937.0 Seconds of 1501
938.0 Seconds of 1501
939.0 Seconds of 1501
940.0 Seconds of 1501
941.0 Seconds of 1501
942.0 Seconds of 1501
943.0 Seconds of 1501
944.0 Seconds of 1501
945.0 Seconds of 1501
946.0 Seconds of 1501
947.0 Seconds of 1501
948.0 Seconds of 1501
949.0 Seconds of 1501
950.0 Seconds of 1501
951.0 Seconds of 1501
952.0 Seconds of 1501
953.0 Seconds of 1501
954.0 Seconds of 1501
955.0 Seconds of 1501
956.0 Seconds of 1501
957.0 Seconds of 1501
958.0 Seconds of 1501
959.0 Seconds of 1501
960.0 Seconds of 1501
961.0 Seconds of 1501
962.0 Seconds of 1501
963.0 Seconds of 1501
964.0 Seconds of 1501
965.0 Seconds of 1501
966.0 Seconds of 1501
967.0 Seconds of 1501
968.0 Seconds of 1501
969.0 Seconds of 1501
970.0 Seconds of 1501
971.0 Seconds of 1501
972.0 Seconds of 1501
973.0 Seconds of 1501
974.0 Seconds of 1501
975.0 Seconds of 1501
976.0 Seconds of 1501
977.0 Seconds of 1501
978.0 Seconds of 1501
979.0 Seconds of 1501
980.0 Seconds of 1501
981.0 Seconds of 1501
982.0 Seconds of 1501
983.0 Seconds of 1501
984.0 Seconds of 1501
985.0 Seconds of 1501
986.0 Seconds of 1501
987.0 Seconds of 1501
988.0 Seconds of 1501
989.0 Seconds of 1501
990.0 Seconds of 1501
991.0 Seconds of 1501
992.0 Seconds of 1501
993.0 Seconds of 1501
994.0 Seconds of 1501
995.0 Seconds of 1501
996.0 Seconds of 1501
997.0 Seconds of 1501
998.0 Seconds of 1501
999.0 Seconds of 1501
1000.0 Seconds of 1501
1001.0 Seconds of 1501
1002.0 Seconds of 1501
1003.0 Seconds of 1501
1004.0 Seconds of 1501
1005.0 Seconds of 1501
1006.0 Seconds of 1501
1007.0 Seconds of 1501
1008.0 Seconds of 1501
1009.0 Seconds of 1501
1010.0 Seconds of 1501
1011.0 Seconds of 1501
1012.0 Seconds of 1501
1013.0 Seconds of 1501
1014.0 Seconds of 1501
1015.0 Seconds of 1501
1016.0 Seconds of 1501
1017.0 Seconds of 1501
1018.0 Seconds of 1501
1019.0 Seconds of 1501
1020.0 Seconds of 1501
1021.0 Seconds of 1501
1022.0 Seconds of 1501
1023.0 Seconds of 1501
1024.0 Seconds of 1501
1025.0 Seconds of 1501
1026.0 Seconds of 1501
1027.0 Seconds of 1501
1028.0 Seconds of 1501
1029.0 Seconds of 1501
1030.0 Seconds of 1501
1031.0 Seconds of 1501
1032.0 Seconds of 1501
1033.0 Seconds of 1501
1034.0 Seconds of 1501
1035.0 Seconds of 1501
1036.0 Seconds of 1501
1037.0 Seconds of 1501
1038.0 Seconds of 1501
1039.0 Seconds of 1501
1040.0 Seconds of 1501
1041.0 Seconds of 1501
1042.0 Seconds of 1501
1043.0 Seconds of 1501
1044.0 Seconds of 1501
1045.0 Seconds of 1501
1046.0 Seconds of 1501
1047.0 Seconds of 1501
1048.0 Seconds of 1501
1049.0 Seconds of 1501
1050.0 Seconds of 1501
1051.0 Seconds of 1501
1052.0 Seconds of 1501
1053.0 Seconds of 1501
1054.0 Seconds of 1501
1055.0 Seconds of 1501
1056.0 Seconds of 1501
1057.0 Seconds of 1501
1058.0 Seconds of 1501
1059.0 Seconds of 1501
1060.0 Seconds of 1501
1061.0 Seconds of 1501
1062.0 Seconds of 1501
1063.0 Seconds of 1501
1064.0 Seconds of 1501
1065.0 Seconds of 1501
1066.0 Seconds of 1501
1067.0 Seconds of 1501
1068.0 Seconds of 1501
1069.0 Seconds of 1501
1070.0 Seconds of 1501
1071.0 Seconds of 1501
1072.0 Seconds of 1501
1073.0 Seconds of 1501
1074.0 Seconds of 1501
1075.0 Seconds of 1501
1076.0 Seconds of 1501
1077.0 Seconds of 1501
1078.0 Seconds of 1501
1079.0 Seconds of 1501
1080.0 Seconds of 1501
1081.0 Seconds of 1501
1082.0 Seconds of 1501
1083.0 Seconds of 1501
1084.0 Seconds of 1501
1085.0 Seconds of 1501
1086.0 Seconds of 1501
1087.0 Seconds of 1501
1088.0 Seconds of 1501
1089.0 Seconds of 1501
1090.0 Seconds of 1501
1091.0 Seconds of 1501
1092.0 Seconds of 1501
1093.0 Seconds of 1501
1094.0 Seconds of 1501
1095.0 Seconds of 1501
1096.0 Seconds of 1501
1097.0 Seconds of 1501
1098.0 Seconds of 1501
1099.0 Seconds of 1501
1100.0 Seconds of 1501
1101.0 Seconds of 1501
1102.0 Seconds of 1501
1103.0 Seconds of 1501
1104.0 Seconds of 1501
1105.0 Seconds of 1501
1106.0 Seconds of 1501
1107.0 Seconds of 1501
1108.0 Seconds of 1501
1109.0 Seconds of 1501
1110.0 Seconds of 1501
1111.0 Seconds of 1501
1112.0 Seconds of 1501
1113.0 Seconds of 1501
1114.0 Seconds of 1501
1115.0 Seconds of 1501
1116.0 Seconds of 1501
1117.0 Seconds of 1501
1118.0 Seconds of 1501
1119.0 Seconds of 1501
1120.0 Seconds of 1501
1121.0 Seconds of 1501
1122.0 Seconds of 1501
1123.0 Seconds of 1501
1124.0 Seconds of 1501
1125.0 Seconds of 1501
1126.0 Seconds of 1501
1127.0 Seconds of 1501
1128.0 Seconds of 1501
1129.0 Seconds of 1501
1130.0 Seconds of 1501
1131.0 Seconds of 1501
1132.0 Seconds of 1501
1133.0 Seconds of 1501
1134.0 Seconds of 1501
1135.0 Seconds of 1501
1136.0 Seconds of 1501
1137.0 Seconds of 1501
1138.0 Seconds of 1501
1139.0 Seconds of 1501
1140.0 Seconds of 1501
1141.0 Seconds of 1501
1142.0 Seconds of 1501
1143.0 Seconds of 1501
1144.0 Seconds of 1501
1145.0 Seconds of 1501
1146.0 Seconds of 1501
1147.0 Seconds of 1501
1148.0 Seconds of 1501
1149.0 Seconds of 1501
1150.0 Seconds of 1501
1151.0 Seconds of 1501
1152.0 Seconds of 1501
1153.0 Seconds of 1501
1154.0 Seconds of 1501
1155.0 Seconds of 1501
1156.0 Seconds of 1501
1157.0 Seconds of 1501
1158.0 Seconds of 1501
1159.0 Seconds of 1501
1160.0 Seconds of 1501
1161.0 Seconds of 1501
1162.0 Seconds of 1501
1163.0 Seconds of 1501
1164.0 Seconds of 1501
1165.0 Seconds of 1501
1166.0 Seconds of 1501
1167.0 Seconds of 1501
1168.0 Seconds of 1501
1169.0 Seconds of 1501
1170.0 Seconds of 1501
1171.0 Seconds of 1501
1172.0 Seconds of 1501
1173.0 Seconds of 1501
1174.0 Seconds of 1501
1175.0 Seconds of 1501
1176.0 Seconds of 1501
1177.0 Seconds of 1501
1178.0 Seconds of 1501
1179.0 Seconds of 1501
1180.0 Seconds of 1501
1181.0 Seconds of 1501
1182.0 Seconds of 1501
1183.0 Seconds of 1501
1184.0 Seconds of 1501
1185.0 Seconds of 1501
1186.0 Seconds of 1501
1187.0 Seconds of 1501
1188.0 Seconds of 1501
1189.0 Seconds of 1501
1190.0 Seconds of 1501
1191.0 Seconds of 1501
1192.0 Seconds of 1501
1193.0 Seconds of 1501
1194.0 Seconds of 1501
1195.0 Seconds of 1501
1196.0 Seconds of 1501
1197.0 Seconds of 1501
1198.0 Seconds of 1501
1199.0 Seconds of 1501
1200.0 Seconds of 1501
1201.0 Seconds of 1501
1202.0 Seconds of 1501
1203.0 Seconds of 1501
1204.0 Seconds of 1501
1205.0 Seconds of 1501
1206.0 Seconds of 1501
1207.0 Seconds of 1501
1208.0 Seconds of 1501
1209.0 Seconds of 1501
1210.0 Seconds of 1501
1211.0 Seconds of 1501
1212.0 Seconds of 1501
1213.0 Seconds of 1501
1214.0 Seconds of 1501
1215.0 Seconds of 1501
1216.0 Seconds of 1501
1217.0 Seconds of 1501
1218.0 Seconds of 1501
1219.0 Seconds of 1501
1220.0 Seconds of 1501
1221.0 Seconds of 1501
1222.0 Seconds of 1501
1223.0 Seconds of 1501
1224.0 Seconds of 1501
1225.0 Seconds of 1501
1226.0 Seconds of 1501
1227.0 Seconds of 1501
1228.0 Seconds of 1501
1229.0 Seconds of 1501
1230.0 Seconds of 1501
1231.0 Seconds of 1501
1232.0 Seconds of 1501
1233.0 Seconds of 1501
1234.0 Seconds of 1501
1235.0 Seconds of 1501
1236.0 Seconds of 1501
1237.0 Seconds of 1501
1238.0 Seconds of 1501
1239.0 Seconds of 1501
1240.0 Seconds of 1501
1241.0 Seconds of 1501
1242.0 Seconds of 1501
1243.0 Seconds of 1501
1244.0 Seconds of 1501
1245.0 Seconds of 1501
1246.0 Seconds of 1501
1247.0 Seconds of 1501
1248.0 Seconds of 1501
1249.0 Seconds of 1501
1250.0 Seconds of 1501
1251.0 Seconds of 1501
1252.0 Seconds of 1501
1253.0 Seconds of 1501
1254.0 Seconds of 1501
1255.0 Seconds of 1501
1256.0 Seconds of 1501
1257.0 Seconds of 1501
1258.0 Seconds of 1501
1259.0 Seconds of 1501
1260.0 Seconds of 1501
1261.0 Seconds of 1501
1262.0 Seconds of 1501
1263.0 Seconds of 1501
1264.0 Seconds of 1501
1265.0 Seconds of 1501
1266.0 Seconds of 1501
1267.0 Seconds of 1501
1268.0 Seconds of 1501
1269.0 Seconds of 1501
1270.0 Seconds of 1501
1271.0 Seconds of 1501
1272.0 Seconds of 1501
1273.0 Seconds of 1501
1274.0 Seconds of 1501
1275.0 Seconds of 1501
1276.0 Seconds of 1501
1277.0 Seconds of 1501
1278.0 Seconds of 1501
1279.0 Seconds of 1501
1280.0 Seconds of 1501
1281.0 Seconds of 1501
1282.0 Seconds of 1501
1283.0 Seconds of 1501
1284.0 Seconds of 1501
1285.0 Seconds of 1501
1286.0 Seconds of 1501
1287.0 Seconds of 1501
1288.0 Seconds of 1501
1289.0 Seconds of 1501
1290.0 Seconds of 1501
1291.0 Seconds of 1501
1292.0 Seconds of 1501
1293.0 Seconds of 1501
1294.0 Seconds of 1501
1295.0 Seconds of 1501
1296.0 Seconds of 1501
1297.0 Seconds of 1501
1298.0 Seconds of 1501
1299.0 Seconds of 1501
1300.0 Seconds of 1501
1301.0 Seconds of 1501
1302.0 Seconds of 1501
1303.0 Seconds of 1501
1304.0 Seconds of 1501
1305.0 Seconds of 1501
1306.0 Seconds of 1501
1307.0 Seconds of 1501
1308.0 Seconds of 1501
1309.0 Seconds of 1501
1310.0 Seconds of 1501
1311.0 Seconds of 1501
1312.0 Seconds of 1501
1313.0 Seconds of 1501
1314.0 Seconds of 1501
1315.0 Seconds of 1501
1316.0 Seconds of 1501
1317.0 Seconds of 1501
1318.0 Seconds of 1501
1319.0 Seconds of 1501
1320.0 Seconds of 1501
1321.0 Seconds of 1501
1322.0 Seconds of 1501
1323.0 Seconds of 1501
1324.0 Seconds of 1501
1325.0 Seconds of 1501
1326.0 Seconds of 1501
1327.0 Seconds of 1501
1328.0 Seconds of 1501
1329.0 Seconds of 1501
1330.0 Seconds of 1501
1331.0 Seconds of 1501
1332.0 Seconds of 1501
1333.0 Seconds of 1501
1334.0 Seconds of 1501
1335.0 Seconds of 1501
1336.0 Seconds of 1501
1337.0 Seconds of 1501
1338.0 Seconds of 1501
1339.0 Seconds of 1501
1340.0 Seconds of 1501
1341.0 Seconds of 1501
1342.0 Seconds of 1501
1343.0 Seconds of 1501
1344.0 Seconds of 1501
1345.0 Seconds of 1501
1346.0 Seconds of 1501
1347.0 Seconds of 1501
1348.0 Seconds of 1501
1349.0 Seconds of 1501
1350.0 Seconds of 1501
1351.0 Seconds of 1501
1352.0 Seconds of 1501
1353.0 Seconds of 1501
1354.0 Seconds of 1501
1355.0 Seconds of 1501
1356.0 Seconds of 1501
1357.0 Seconds of 1501
1358.0 Seconds of 1501
1359.0 Seconds of 1501
1360.0 Seconds of 1501
1361.0 Seconds of 1501
1362.0 Seconds of 1501
1363.0 Seconds of 1501
1364.0 Seconds of 1501
1365.0 Seconds of 1501
1366.0 Seconds of 1501
1367.0 Seconds of 1501
1368.0 Seconds of 1501
1369.0 Seconds of 1501
1370.0 Seconds of 1501
1371.0 Seconds of 1501
1372.0 Seconds of 1501
1373.0 Seconds of 1501
1374.0 Seconds of 1501
1375.0 Seconds of 1501
1376.0 Seconds of 1501
1377.0 Seconds of 1501
1378.0 Seconds of 1501
1379.0 Seconds of 1501
1380.0 Seconds of 1501
1381.0 Seconds of 1501
1382.0 Seconds of 1501
1383.0 Seconds of 1501
1384.0 Seconds of 1501
1385.0 Seconds of 1501
1386.0 Seconds of 1501
1387.0 Seconds of 1501
1388.0 Seconds of 1501
1389.0 Seconds of 1501
1390.0 Seconds of 1501
1391.0 Seconds of 1501
1392.0 Seconds of 1501
1393.0 Seconds of 1501
1394.0 Seconds of 1501
1395.0 Seconds of 1501
1396.0 Seconds of 1501
1397.0 Seconds of 1501
1398.0 Seconds of 1501
1399.0 Seconds of 1501
1400.0 Seconds of 1501
1401.0 Seconds of 1501
1402.0 Seconds of 1501
1403.0 Seconds of 1501
1404.0 Seconds of 1501
1405.0 Seconds of 1501
1406.0 Seconds of 1501
1407.0 Seconds of 1501
1408.0 Seconds of 1501
1409.0 Seconds of 1501
1410.0 Seconds of 1501
1411.0 Seconds of 1501
1412.0 Seconds of 1501
1413.0 Seconds of 1501
1414.0 Seconds of 1501
1415.0 Seconds of 1501
1416.0 Seconds of 1501
1417.0 Seconds of 1501
1418.0 Seconds of 1501
1419.0 Seconds of 1501
1420.0 Seconds of 1501
1421.0 Seconds of 1501
1422.0 Seconds of 1501
1423.0 Seconds of 1501
1424.0 Seconds of 1501
1425.0 Seconds of 1501
1426.0 Seconds of 1501
1427.0 Seconds of 1501
1428.0 Seconds of 1501
1429.0 Seconds of 1501
1430.0 Seconds of 1501
1431.0 Seconds of 1501
1432.0 Seconds of 1501
1433.0 Seconds of 1501
1434.0 Seconds of 1501
1435.0 Seconds of 1501
1436.0 Seconds of 1501
1437.0 Seconds of 1501
1438.0 Seconds of 1501
1439.0 Seconds of 1501
1440.0 Seconds of 1501
1441.0 Seconds of 1501
1442.0 Seconds of 1501
1443.0 Seconds of 1501
1444.0 Seconds of 1501
1445.0 Seconds of 1501
1446.0 Seconds of 1501
1447.0 Seconds of 1501
1448.0 Seconds of 1501
1449.0 Seconds of 1501
1450.0 Seconds of 1501
1451.0 Seconds of 1501
1452.0 Seconds of 1501
1453.0 Seconds of 1501
1454.0 Seconds of 1501
1455.0 Seconds of 1501
1456.0 Seconds of 1501
1457.0 Seconds of 1501
1458.0 Seconds of 1501
1459.0 Seconds of 1501
1460.0 Seconds of 1501
1461.0 Seconds of 1501
1462.0 Seconds of 1501
1463.0 Seconds of 1501
1464.0 Seconds of 1501
1465.0 Seconds of 1501
1466.0 Seconds of 1501
1467.0 Seconds of 1501
1468.0 Seconds of 1501
1469.0 Seconds of 1501
1470.0 Seconds of 1501
1471.0 Seconds of 1501
1472.0 Seconds of 1501
1473.0 Seconds of 1501
1474.0 Seconds of 1501
1475.0 Seconds of 1501
1476.0 Seconds of 1501
1477.0 Seconds of 1501
1478.0 Seconds of 1501
1479.0 Seconds of 1501
1480.0 Seconds of 1501
1481.0 Seconds of 1501
1482.0 Seconds of 1501
1483.0 Seconds of 1501
1484.0 Seconds of 1501
1485.0 Seconds of 1501
1486.0 Seconds of 1501
1487.0 Seconds of 1501
1488.0 Seconds of 1501
1489.0 Seconds of 1501
1490.0 Seconds of 1501
1491.0 Seconds of 1501
1492.0 Seconds of 1501
1493.0 Seconds of 1501
1494.0 Seconds of 1501
1495.0 Seconds of 1501
1496.0 Seconds of 1501
1497.0 Seconds of 1501
1498.0 Seconds of 1501
1499.0 Seconds of 1501
1500.0 Seconds of 1501
total used time:  12802
Data saved to Runtime_Data/SC_Compiled10000_12_0.0001_1501_75.pkl

Used Modell:  SC_Compiled
Number of Neurons:  10000
Running Time:  1501
Input rate h: 0.0001
Target Spiking Rate:  1
Homeostatic Constant:  1000
Alpha init:  0.01
