JobId=839817 JobName=name
   UserId=lfz080(4890) GroupId=levina(4024) MCS_label=N/A
   Priority=74985 Nice=0 Account=levina QOS=normal
   JobState=RUNNING Reason=None Dependency=(null)
   Requeue=1 Restarts=0 BatchFlag=1 Reboot=0 ExitCode=0:0
   RunTime=00:00:01 TimeLimit=3-00:00:00 TimeMin=N/A
   SubmitTime=2024-11-23T16:24:35 EligibleTime=2024-11-23T16:24:35
   AccrueTime=2024-11-23T16:24:36
   StartTime=2024-11-23T16:24:36 EndTime=2024-11-26T16:24:36 Deadline=N/A
   PreemptEligibleTime=2024-11-23T16:25:36 PreemptTime=None
   SuspendTime=None SecsPreSuspend=0 LastSchedEval=2024-11-23T16:24:36 Scheduler=Main
   Partition=2080-galvani AllocNode:Sid=galvani-slurmctl:1429436
   ReqNodeList=(null) ExcNodeList=(null)
   NodeList=galvani-cn110
   BatchHost=galvani-cn110
   NumNodes=1 NumCPUs=8 NumTasks=1 CPUs/Task=8 ReqB:S:C:T=0:0:*:*
   ReqTRES=cpu=8,mem=40G,node=1,billing=2,gres/gpu=1
   AllocTRES=cpu=8,mem=40G,node=1,billing=2,gres/gpu=1,gres/gpu:rtx2080ti=1
   Socks/Node=* NtasksPerN:B:S:C=0:0:*:* CoreSpec=*
   MinCPUsNode=8 MinMemoryNode=40G MinTmpDiskNode=0
   Features=(null) DelayBoot=00:00:00
   OverSubscribe=OK Contiguous=0 Licenses=(null) Network=(null)
   Command=/mnt/qb/home/levina/lfz080/Walka/Implementierung_Bachelorarbeit/script.sh
   WorkDir=/mnt/qb/home/levina/lfz080/Walka/Implementierung_Bachelorarbeit
   StdErr=/mnt/qb/home/levina/lfz080/Walka/Implementierung_Bachelorarbeit/slurm-839817.out
   StdIn=/dev/null
   StdOut=/mnt/qb/home/levina/lfz080/Walka/Implementierung_Bachelorarbeit/slurm-839817.out
   Power=
   TresPerNode=gres:gpu:1
   MailUser=walka37@gmail.com MailType=BEGIN,END,FAIL
   

START
1732375478.5261693
0.0 Seconds of 500
1.0 Seconds of 500
2.0 Seconds of 500
3.0 Seconds of 500
4.0 Seconds of 500
5.0 Seconds of 500
6.0 Seconds of 500
7.0 Seconds of 500
8.0 Seconds of 500
9.0 Seconds of 500
10.0 Seconds of 500
11.0 Seconds of 500
12.0 Seconds of 500
13.0 Seconds of 500
14.0 Seconds of 500
15.0 Seconds of 500
16.0 Seconds of 500
17.0 Seconds of 500
18.0 Seconds of 500
19.0 Seconds of 500
20.0 Seconds of 500
21.0 Seconds of 500
22.0 Seconds of 500
23.0 Seconds of 500
24.0 Seconds of 500
25.0 Seconds of 500
26.0 Seconds of 500
27.0 Seconds of 500
28.0 Seconds of 500
29.0 Seconds of 500
30.0 Seconds of 500
31.0 Seconds of 500
32.0 Seconds of 500
33.0 Seconds of 500
34.0 Seconds of 500
35.0 Seconds of 500
36.0 Seconds of 500
37.0 Seconds of 500
38.0 Seconds of 500
39.0 Seconds of 500
40.0 Seconds of 500
41.0 Seconds of 500
42.0 Seconds of 500
43.0 Seconds of 500
44.0 Seconds of 500
45.0 Seconds of 500
46.0 Seconds of 500
47.0 Seconds of 500
48.0 Seconds of 500
49.0 Seconds of 500
50.0 Seconds of 500
51.0 Seconds of 500
52.0 Seconds of 500
53.0 Seconds of 500
54.0 Seconds of 500
55.0 Seconds of 500
56.0 Seconds of 500
57.0 Seconds of 500
58.0 Seconds of 500
59.0 Seconds of 500
60.0 Seconds of 500
61.0 Seconds of 500
62.0 Seconds of 500
63.0 Seconds of 500
64.0 Seconds of 500
65.0 Seconds of 500
66.0 Seconds of 500
67.0 Seconds of 500
68.0 Seconds of 500
69.0 Seconds of 500
70.0 Seconds of 500
71.0 Seconds of 500
72.0 Seconds of 500
73.0 Seconds of 500
74.0 Seconds of 500
75.0 Seconds of 500
76.0 Seconds of 500
77.0 Seconds of 500
78.0 Seconds of 500
79.0 Seconds of 500
80.0 Seconds of 500
81.0 Seconds of 500
82.0 Seconds of 500
83.0 Seconds of 500
84.0 Seconds of 500
85.0 Seconds of 500
86.0 Seconds of 500
87.0 Seconds of 500
88.0 Seconds of 500
89.0 Seconds of 500
90.0 Seconds of 500
91.0 Seconds of 500
92.0 Seconds of 500
93.0 Seconds of 500
94.0 Seconds of 500
95.0 Seconds of 500
96.0 Seconds of 500
97.0 Seconds of 500
98.0 Seconds of 500
99.0 Seconds of 500
100.0 Seconds of 500
101.0 Seconds of 500
102.0 Seconds of 500
103.0 Seconds of 500
104.0 Seconds of 500
105.0 Seconds of 500
106.0 Seconds of 500
107.0 Seconds of 500
108.0 Seconds of 500
109.0 Seconds of 500
110.0 Seconds of 500
111.0 Seconds of 500
112.0 Seconds of 500
113.0 Seconds of 500
114.0 Seconds of 500
115.0 Seconds of 500
116.0 Seconds of 500
117.0 Seconds of 500
118.0 Seconds of 500
119.0 Seconds of 500
120.0 Seconds of 500
121.0 Seconds of 500
122.0 Seconds of 500
123.0 Seconds of 500
124.0 Seconds of 500
125.0 Seconds of 500
126.0 Seconds of 500
127.0 Seconds of 500
128.0 Seconds of 500
129.0 Seconds of 500
130.0 Seconds of 500
131.0 Seconds of 500
132.0 Seconds of 500
133.0 Seconds of 500
134.0 Seconds of 500
135.0 Seconds of 500
136.0 Seconds of 500
137.0 Seconds of 500
138.0 Seconds of 500
139.0 Seconds of 500
140.0 Seconds of 500
141.0 Seconds of 500
142.0 Seconds of 500
143.0 Seconds of 500
144.0 Seconds of 500
145.0 Seconds of 500
146.0 Seconds of 500
147.0 Seconds of 500
148.0 Seconds of 500
149.0 Seconds of 500
150.0 Seconds of 500
151.0 Seconds of 500
152.0 Seconds of 500
153.0 Seconds of 500
154.0 Seconds of 500
155.0 Seconds of 500
156.0 Seconds of 500
157.0 Seconds of 500
158.0 Seconds of 500
159.0 Seconds of 500
160.0 Seconds of 500
161.0 Seconds of 500
162.0 Seconds of 500
163.0 Seconds of 500
164.0 Seconds of 500
165.0 Seconds of 500
166.0 Seconds of 500
167.0 Seconds of 500
168.0 Seconds of 500
169.0 Seconds of 500
170.0 Seconds of 500
171.0 Seconds of 500
172.0 Seconds of 500
173.0 Seconds of 500
174.0 Seconds of 500
175.0 Seconds of 500
176.0 Seconds of 500
177.0 Seconds of 500
178.0 Seconds of 500
179.0 Seconds of 500
180.0 Seconds of 500
181.0 Seconds of 500
182.0 Seconds of 500
183.0 Seconds of 500
184.0 Seconds of 500
185.0 Seconds of 500
186.0 Seconds of 500
187.0 Seconds of 500
188.0 Seconds of 500
189.0 Seconds of 500
190.0 Seconds of 500
191.0 Seconds of 500
192.0 Seconds of 500
193.0 Seconds of 500
194.0 Seconds of 500
195.0 Seconds of 500
196.0 Seconds of 500
197.0 Seconds of 500
198.0 Seconds of 500
199.0 Seconds of 500
200.0 Seconds of 500
201.0 Seconds of 500
202.0 Seconds of 500
203.0 Seconds of 500
204.0 Seconds of 500
205.0 Seconds of 500
206.0 Seconds of 500
207.0 Seconds of 500
208.0 Seconds of 500
209.0 Seconds of 500
210.0 Seconds of 500
211.0 Seconds of 500
212.0 Seconds of 500
213.0 Seconds of 500
214.0 Seconds of 500
215.0 Seconds of 500
216.0 Seconds of 500
217.0 Seconds of 500
218.0 Seconds of 500
219.0 Seconds of 500
220.0 Seconds of 500
221.0 Seconds of 500
222.0 Seconds of 500
223.0 Seconds of 500
224.0 Seconds of 500
225.0 Seconds of 500
226.0 Seconds of 500
227.0 Seconds of 500
228.0 Seconds of 500
229.0 Seconds of 500
230.0 Seconds of 500
231.0 Seconds of 500
232.0 Seconds of 500
233.0 Seconds of 500
234.0 Seconds of 500
235.0 Seconds of 500
236.0 Seconds of 500
237.0 Seconds of 500
238.0 Seconds of 500
239.0 Seconds of 500
240.0 Seconds of 500
241.0 Seconds of 500
242.0 Seconds of 500
243.0 Seconds of 500
244.0 Seconds of 500
245.0 Seconds of 500
246.0 Seconds of 500
247.0 Seconds of 500
248.0 Seconds of 500
249.0 Seconds of 500
250.0 Seconds of 500
251.0 Seconds of 500
252.0 Seconds of 500
253.0 Seconds of 500
254.0 Seconds of 500
255.0 Seconds of 500
256.0 Seconds of 500
257.0 Seconds of 500
258.0 Seconds of 500
259.0 Seconds of 500
260.0 Seconds of 500
261.0 Seconds of 500
262.0 Seconds of 500
263.0 Seconds of 500
264.0 Seconds of 500
265.0 Seconds of 500
266.0 Seconds of 500
267.0 Seconds of 500
268.0 Seconds of 500
269.0 Seconds of 500
270.0 Seconds of 500
271.0 Seconds of 500
272.0 Seconds of 500
273.0 Seconds of 500
274.0 Seconds of 500
275.0 Seconds of 500
276.0 Seconds of 500
277.0 Seconds of 500
278.0 Seconds of 500
279.0 Seconds of 500
280.0 Seconds of 500
281.0 Seconds of 500
282.0 Seconds of 500
283.0 Seconds of 500
284.0 Seconds of 500
285.0 Seconds of 500
286.0 Seconds of 500
287.0 Seconds of 500
288.0 Seconds of 500
289.0 Seconds of 500
290.0 Seconds of 500
291.0 Seconds of 500
292.0 Seconds of 500
293.0 Seconds of 500
294.0 Seconds of 500
295.0 Seconds of 500
296.0 Seconds of 500
297.0 Seconds of 500
298.0 Seconds of 500
299.0 Seconds of 500
300.0 Seconds of 500
301.0 Seconds of 500
302.0 Seconds of 500
303.0 Seconds of 500
304.0 Seconds of 500
305.0 Seconds of 500
306.0 Seconds of 500
307.0 Seconds of 500
308.0 Seconds of 500
309.0 Seconds of 500
310.0 Seconds of 500
311.0 Seconds of 500
312.0 Seconds of 500
313.0 Seconds of 500
314.0 Seconds of 500
315.0 Seconds of 500
316.0 Seconds of 500
317.0 Seconds of 500
318.0 Seconds of 500
319.0 Seconds of 500
320.0 Seconds of 500
321.0 Seconds of 500
322.0 Seconds of 500
323.0 Seconds of 500
324.0 Seconds of 500
325.0 Seconds of 500
326.0 Seconds of 500
327.0 Seconds of 500
328.0 Seconds of 500
329.0 Seconds of 500
330.0 Seconds of 500
331.0 Seconds of 500
332.0 Seconds of 500
333.0 Seconds of 500
334.0 Seconds of 500
335.0 Seconds of 500
336.0 Seconds of 500
337.0 Seconds of 500
338.0 Seconds of 500
339.0 Seconds of 500
340.0 Seconds of 500
341.0 Seconds of 500
342.0 Seconds of 500
343.0 Seconds of 500
344.0 Seconds of 500
345.0 Seconds of 500
346.0 Seconds of 500
347.0 Seconds of 500
348.0 Seconds of 500
349.0 Seconds of 500
350.0 Seconds of 500
351.0 Seconds of 500
352.0 Seconds of 500
353.0 Seconds of 500
354.0 Seconds of 500
355.0 Seconds of 500
356.0 Seconds of 500
357.0 Seconds of 500
358.0 Seconds of 500
359.0 Seconds of 500
360.0 Seconds of 500
361.0 Seconds of 500
362.0 Seconds of 500
363.0 Seconds of 500
364.0 Seconds of 500
365.0 Seconds of 500
366.0 Seconds of 500
367.0 Seconds of 500
368.0 Seconds of 500
369.0 Seconds of 500
370.0 Seconds of 500
371.0 Seconds of 500
372.0 Seconds of 500
373.0 Seconds of 500
374.0 Seconds of 500
375.0 Seconds of 500
376.0 Seconds of 500
377.0 Seconds of 500
378.0 Seconds of 500
379.0 Seconds of 500
380.0 Seconds of 500
381.0 Seconds of 500
382.0 Seconds of 500
383.0 Seconds of 500
384.0 Seconds of 500
385.0 Seconds of 500
386.0 Seconds of 500
387.0 Seconds of 500
388.0 Seconds of 500
389.0 Seconds of 500
390.0 Seconds of 500
391.0 Seconds of 500
392.0 Seconds of 500
393.0 Seconds of 500
394.0 Seconds of 500
395.0 Seconds of 500
396.0 Seconds of 500
397.0 Seconds of 500
398.0 Seconds of 500
399.0 Seconds of 500
400.0 Seconds of 500
401.0 Seconds of 500
402.0 Seconds of 500
403.0 Seconds of 500
404.0 Seconds of 500
405.0 Seconds of 500
406.0 Seconds of 500
407.0 Seconds of 500
408.0 Seconds of 500
409.0 Seconds of 500
410.0 Seconds of 500
411.0 Seconds of 500
412.0 Seconds of 500
413.0 Seconds of 500
414.0 Seconds of 500
415.0 Seconds of 500
416.0 Seconds of 500
417.0 Seconds of 500
418.0 Seconds of 500
419.0 Seconds of 500
420.0 Seconds of 500
421.0 Seconds of 500
422.0 Seconds of 500
423.0 Seconds of 500
424.0 Seconds of 500
425.0 Seconds of 500
426.0 Seconds of 500
427.0 Seconds of 500
428.0 Seconds of 500
429.0 Seconds of 500
430.0 Seconds of 500
431.0 Seconds of 500
432.0 Seconds of 500
433.0 Seconds of 500
434.0 Seconds of 500
435.0 Seconds of 500
436.0 Seconds of 500
437.0 Seconds of 500
438.0 Seconds of 500
439.0 Seconds of 500
440.0 Seconds of 500
441.0 Seconds of 500
442.0 Seconds of 500
443.0 Seconds of 500
444.0 Seconds of 500
445.0 Seconds of 500
446.0 Seconds of 500
447.0 Seconds of 500
448.0 Seconds of 500
449.0 Seconds of 500
450.0 Seconds of 500
451.0 Seconds of 500
452.0 Seconds of 500
453.0 Seconds of 500
454.0 Seconds of 500
455.0 Seconds of 500
456.0 Seconds of 500
457.0 Seconds of 500
458.0 Seconds of 500
459.0 Seconds of 500
460.0 Seconds of 500
461.0 Seconds of 500
462.0 Seconds of 500
463.0 Seconds of 500
464.0 Seconds of 500
465.0 Seconds of 500
466.0 Seconds of 500
467.0 Seconds of 500
468.0 Seconds of 500
469.0 Seconds of 500
470.0 Seconds of 500
471.0 Seconds of 500
472.0 Seconds of 500
473.0 Seconds of 500
474.0 Seconds of 500
475.0 Seconds of 500
476.0 Seconds of 500
477.0 Seconds of 500
478.0 Seconds of 500
479.0 Seconds of 500
480.0 Seconds of 500
481.0 Seconds of 500
482.0 Seconds of 500
483.0 Seconds of 500
484.0 Seconds of 500
485.0 Seconds of 500
486.0 Seconds of 500
487.0 Seconds of 500
488.0 Seconds of 500
489.0 Seconds of 500
490.0 Seconds of 500
491.0 Seconds of 500
492.0 Seconds of 500
493.0 Seconds of 500
494.0 Seconds of 500
495.0 Seconds of 500
496.0 Seconds of 500
497.0 Seconds of 500
498.0 Seconds of 500
499.0 Seconds of 500
Es hat  421  Sekunden gebraucht
Data saved to Runtime_Data/AA1000_75_0.1_500_100_99.pkl

Used Modell:  AA
Number of Neurons:  1000
Running Time:  500
Time Step Size:  0.001
Input rate h: 0.1
Target Spiking Rate:  1
Homeostatic Constant:  1000
