JobId=841779 JobName=name
   UserId=lfz080(4890) GroupId=levina(4024) MCS_label=N/A
   Priority=74985 Nice=0 Account=levina QOS=normal
   JobState=RUNNING Reason=None Dependency=(null)
   Requeue=1 Restarts=0 BatchFlag=1 Reboot=0 ExitCode=0:0
   RunTime=00:00:01 TimeLimit=3-00:00:00 TimeMin=N/A
   SubmitTime=2024-11-24T10:30:24 EligibleTime=2024-11-24T10:30:24
   AccrueTime=2024-11-24T10:30:25
   StartTime=2024-11-24T10:30:25 EndTime=2024-11-27T10:30:25 Deadline=N/A
   PreemptEligibleTime=2024-11-24T10:31:25 PreemptTime=None
   SuspendTime=None SecsPreSuspend=0 LastSchedEval=2024-11-24T10:30:25 Scheduler=Main
   Partition=2080-galvani AllocNode:Sid=galvani-slurmctl:4159597
   ReqNodeList=(null) ExcNodeList=(null)
   NodeList=galvani-cn105
   BatchHost=galvani-cn105
   NumNodes=1 NumCPUs=8 NumTasks=1 CPUs/Task=8 ReqB:S:C:T=0:0:*:*
   ReqTRES=cpu=8,mem=40G,node=1,billing=2,gres/gpu=1
   AllocTRES=cpu=8,mem=40G,node=1,billing=2,gres/gpu=1,gres/gpu:rtx2080ti=1
   Socks/Node=* NtasksPerN:B:S:C=0:0:*:* CoreSpec=*
   MinCPUsNode=8 MinMemoryNode=40G MinTmpDiskNode=0
   Features=(null) DelayBoot=00:00:00
   OverSubscribe=OK Contiguous=0 Licenses=(null) Network=(null)
   Command=/mnt/qb/home/levina/lfz080/Walka/Implementierung_Bachelorarbeit/script.sh
   WorkDir=/mnt/qb/home/levina/lfz080/Walka/Implementierung_Bachelorarbeit
   StdErr=/mnt/qb/home/levina/lfz080/Walka/Implementierung_Bachelorarbeit/slurm-841779.out
   StdIn=/dev/null
   StdOut=/mnt/qb/home/levina/lfz080/Walka/Implementierung_Bachelorarbeit/slurm-841779.out
   Power=
   TresPerNode=gres:gpu:1
   MailUser=walka37@gmail.com MailType=BEGIN,END,FAIL
   

Traceback (most recent call last):
  File "/home/levina/lfz080/Walka/Implementierung_Bachelorarbeit/tests_subset.py", line 1, in <module>
    import RESEARCH_Subset.Run_Model_Subset as Run_Model_Subset
  File "/home/levina/lfz080/Walka/Implementierung_Bachelorarbeit/RESEARCH_Subset/Run_Model_Subset.py", line 4, in <module>
    from Models import Erdos_Network as ER
  File "/home/levina/lfz080/Walka/Implementierung_Bachelorarbeit/Models/Erdos_Network.py", line 7, in <module>
    from Functions_Constants_Meters import Constants as cons
  File "/home/levina/lfz080/Walka/Implementierung_Bachelorarbeit/Functions_Constants_Meters/Constants.py", line 15
    model = ""Erdos_Compiled""
              ^
SyntaxError: invalid syntax
srun: error: galvani-cn105: task 0: Exited with exit code 1
srun: Terminating StepId=841779.0
