JobId=841573 JobName=name
   UserId=lfz080(4890) GroupId=levina(4024) MCS_label=N/A
   Priority=74985 Nice=0 Account=levina QOS=normal
   JobState=RUNNING Reason=None Dependency=(null)
   Requeue=1 Restarts=0 BatchFlag=1 Reboot=0 ExitCode=0:0
   RunTime=00:00:01 TimeLimit=3-00:00:00 TimeMin=N/A
   SubmitTime=2024-11-24T09:47:07 EligibleTime=2024-11-24T09:47:07
   AccrueTime=2024-11-24T09:47:07
   StartTime=2024-11-24T09:47:07 EndTime=2024-11-27T09:47:07 Deadline=N/A
   PreemptEligibleTime=2024-11-24T09:48:07 PreemptTime=None
   SuspendTime=None SecsPreSuspend=0 LastSchedEval=2024-11-24T09:47:07 Scheduler=Main
   Partition=2080-galvani AllocNode:Sid=galvani-slurmctl:4058214
   ReqNodeList=(null) ExcNodeList=(null)
   NodeList=galvani-cn127
   BatchHost=galvani-cn127
   NumNodes=1 NumCPUs=8 NumTasks=1 CPUs/Task=8 ReqB:S:C:T=0:0:*:*
   ReqTRES=cpu=8,mem=40G,node=1,billing=2,gres/gpu=1
   AllocTRES=cpu=8,mem=40G,node=1,billing=2,gres/gpu=1,gres/gpu:rtx2080ti=1
   Socks/Node=* NtasksPerN:B:S:C=0:0:*:* CoreSpec=*
   MinCPUsNode=8 MinMemoryNode=40G MinTmpDiskNode=0
   Features=(null) DelayBoot=00:00:00
   OverSubscribe=OK Contiguous=0 Licenses=(null) Network=(null)
   Command=/mnt/qb/home/levina/lfz080/Walka/Implementierung_Bachelorarbeit/script.sh
   WorkDir=/mnt/qb/home/levina/lfz080/Walka/Implementierung_Bachelorarbeit
   StdErr=/mnt/qb/home/levina/lfz080/Walka/Implementierung_Bachelorarbeit/slurm-841573.out
   StdIn=/dev/null
   StdOut=/mnt/qb/home/levina/lfz080/Walka/Implementierung_Bachelorarbeit/slurm-841573.out
   Power=
   TresPerNode=gres:gpu:1
   MailUser=walka37@gmail.com MailType=BEGIN,END,FAIL
   

srun: Job step aborted: Waiting up to 32 seconds for job step to finish.
slurmstepd: error: *** JOB 841573 ON galvani-cn127 CANCELLED AT 2024-11-24T09:48:55 ***
slurmstepd: error: *** STEP 841573.0 ON galvani-cn127 CANCELLED AT 2024-11-24T09:48:57 ***
srun: error: galvani-cn127: task 0: Terminated
srun: Terminating StepId=841573.0
