JobId=839523 JobName=name
   UserId=lfz080(4890) GroupId=levina(4024) MCS_label=N/A
   Priority=74985 Nice=0 Account=levina QOS=normal
   JobState=RUNNING Reason=None Dependency=(null)
   Requeue=1 Restarts=0 BatchFlag=1 Reboot=0 ExitCode=0:0
   RunTime=00:00:02 TimeLimit=3-00:00:00 TimeMin=N/A
   SubmitTime=2024-11-23T12:23:43 EligibleTime=2024-11-23T12:23:43
   AccrueTime=2024-11-23T12:23:43
   StartTime=2024-11-23T12:23:43 EndTime=2024-11-26T12:23:43 Deadline=N/A
   PreemptEligibleTime=2024-11-23T12:24:43 PreemptTime=None
   SuspendTime=None SecsPreSuspend=0 LastSchedEval=2024-11-23T12:23:43 Scheduler=Main
   Partition=2080-galvani AllocNode:Sid=galvani-slurmctl:478326
   ReqNodeList=(null) ExcNodeList=(null)
   NodeList=galvani-cn105
   BatchHost=galvani-cn105
   NumNodes=1 NumCPUs=8 NumTasks=1 CPUs/Task=8 ReqB:S:C:T=0:0:*:*
   ReqTRES=cpu=8,mem=40G,node=1,billing=2,gres/gpu=1
   AllocTRES=cpu=8,mem=40G,node=1,billing=2,gres/gpu=1,gres/gpu:rtx2080ti=1
   Socks/Node=* NtasksPerN:B:S:C=0:0:*:* CoreSpec=*
   MinCPUsNode=8 MinMemoryNode=40G MinTmpDiskNode=0
   Features=(null) DelayBoot=00:00:00
   OverSubscribe=OK Contiguous=0 Licenses=(null) Network=(null)
   Command=/mnt/qb/home/levina/lfz080/Walka/Implementierung_Bachelorarbeit/script.sh
   WorkDir=/mnt/qb/home/levina/lfz080/Walka/Implementierung_Bachelorarbeit
   StdErr=/mnt/qb/home/levina/lfz080/Walka/Implementierung_Bachelorarbeit/slurm-839523.out
   StdIn=/dev/null
   StdOut=/mnt/qb/home/levina/lfz080/Walka/Implementierung_Bachelorarbeit/slurm-839523.out
   Power=
   TresPerNode=gres:gpu:1
   MailUser=walka37@gmail.com MailType=BEGIN,END,FAIL
   

srun: Job step aborted: Waiting up to 32 seconds for job step to finish.
slurmstepd: error: *** STEP 839523.0 ON galvani-cn105 CANCELLED AT 2024-11-23T12:29:07 ***
slurmstepd: error: *** JOB 839523 ON galvani-cn105 CANCELLED AT 2024-11-23T12:29:07 ***
