JobId=840079 JobName=name
   UserId=lfz080(4890) GroupId=levina(4024) MCS_label=N/A
   Priority=74985 Nice=0 Account=levina QOS=normal
   JobState=RUNNING Reason=None Dependency=(null)
   Requeue=1 Restarts=0 BatchFlag=1 Reboot=0 ExitCode=0:0
   RunTime=00:00:02 TimeLimit=3-00:00:00 TimeMin=N/A
   SubmitTime=2024-11-23T22:51:14 EligibleTime=2024-11-23T22:51:14
   AccrueTime=2024-11-23T22:51:15
   StartTime=2024-11-23T22:51:15 EndTime=2024-11-26T22:51:15 Deadline=N/A
   PreemptEligibleTime=2024-11-23T22:52:15 PreemptTime=None
   SuspendTime=None SecsPreSuspend=0 LastSchedEval=2024-11-23T22:51:15 Scheduler=Main
   Partition=2080-galvani AllocNode:Sid=galvani-slurmctl:2412915
   ReqNodeList=(null) ExcNodeList=(null)
   NodeList=galvani-cn109
   BatchHost=galvani-cn109
   NumNodes=1 NumCPUs=8 NumTasks=1 CPUs/Task=8 ReqB:S:C:T=0:0:*:*
   ReqTRES=cpu=8,mem=40G,node=1,billing=2,gres/gpu=1
   AllocTRES=cpu=8,mem=40G,node=1,billing=2,gres/gpu=1,gres/gpu:rtx2080ti=1
   Socks/Node=* NtasksPerN:B:S:C=0:0:*:* CoreSpec=*
   MinCPUsNode=8 MinMemoryNode=40G MinTmpDiskNode=0
   Features=(null) DelayBoot=00:00:00
   OverSubscribe=OK Contiguous=0 Licenses=(null) Network=(null)
   Command=/mnt/qb/home/levina/lfz080/Walka/Implementierung_Bachelorarbeit/script.sh
   WorkDir=/mnt/qb/home/levina/lfz080/Walka/Implementierung_Bachelorarbeit
   StdErr=/mnt/qb/home/levina/lfz080/Walka/Implementierung_Bachelorarbeit/slurm-840079.out
   StdIn=/dev/null
   StdOut=/mnt/qb/home/levina/lfz080/Walka/Implementierung_Bachelorarbeit/slurm-840079.out
   Power=
   TresPerNode=gres:gpu:1
   MailUser=walka37@gmail.com MailType=BEGIN,END,FAIL
   

START
1732398679.3207285
0.0 Seconds of 1501
100.0 Seconds of 1501
200.0 Seconds of 1501
300.0 Seconds of 1501
400.0 Seconds of 1501
500.0 Seconds of 1501
600.0 Seconds of 1501
700.0 Seconds of 1501
800.0 Seconds of 1501
900.0 Seconds of 1501
1000.0 Seconds of 1501
1100.0 Seconds of 1501
1200.0 Seconds of 1501
1300.0 Seconds of 1501
1400.0 Seconds of 1501
1500.0 Seconds of 1501
Es hat  11105  Sekunden gebraucht
Data saved to Runtime_Data/ER_Fixed10000_75_0.01_1501_500_99.pkl

Used Modell:  ER_Fixed
Number of Neurons:  10000
Running Time:  1501
Time Step Size:  0.001
Input rate h: 0.01
Target Spiking Rate:  1
Homeostatic Constant:  1000
