JobId=856552 JobName=name
   UserId=lfz080(4890) GroupId=levina(4024) MCS_label=N/A
   Priority=75115 Nice=0 Account=levina QOS=normal
   JobState=RUNNING Reason=None Dependency=(null)
   Requeue=1 Restarts=0 BatchFlag=1 Reboot=0 ExitCode=0:0
   RunTime=00:00:01 TimeLimit=3-00:00:00 TimeMin=N/A
   SubmitTime=2024-11-27T15:56:32 EligibleTime=2024-11-27T15:56:32
   AccrueTime=2024-11-27T15:56:33
   StartTime=2024-11-27T15:56:33 EndTime=2024-11-30T15:56:33 Deadline=N/A
   PreemptEligibleTime=2024-11-27T15:57:33 PreemptTime=None
   SuspendTime=None SecsPreSuspend=0 LastSchedEval=2024-11-27T15:56:33 Scheduler=Main
   Partition=2080-galvani AllocNode:Sid=galvani-slurmctl:3044493
   ReqNodeList=(null) ExcNodeList=(null)
   NodeList=galvani-cn125
   BatchHost=galvani-cn125
   NumNodes=1 NumCPUs=8 NumTasks=1 CPUs/Task=8 ReqB:S:C:T=0:0:*:*
   ReqTRES=cpu=8,mem=40G,node=1,billing=2,gres/gpu=1
   AllocTRES=cpu=8,mem=40G,node=1,billing=2,gres/gpu=1,gres/gpu:rtx2080ti=1
   Socks/Node=* NtasksPerN:B:S:C=0:0:*:* CoreSpec=*
   MinCPUsNode=8 MinMemoryNode=40G MinTmpDiskNode=0
   Features=(null) DelayBoot=00:00:00
   OverSubscribe=OK Contiguous=0 Licenses=(null) Network=(null)
   Command=/mnt/qb/home/levina/lfz080/Walka/Implementierung_Bachelorarbeit/script.sh
   WorkDir=/mnt/qb/home/levina/lfz080/Walka/Implementierung_Bachelorarbeit
   StdErr=/mnt/qb/home/levina/lfz080/Walka/Implementierung_Bachelorarbeit/slurm-856552.out
   StdIn=/dev/null
   StdOut=/mnt/qb/home/levina/lfz080/Walka/Implementierung_Bachelorarbeit/slurm-856552.out
   Power=
   TresPerNode=gres:gpu:1
   MailUser=walka37@gmail.com MailType=BEGIN,END,FAIL
   

START
1732719396.5516813
0.0 Seconds of 1501
100.0 Seconds of 1501
200.0 Seconds of 1501
300.0 Seconds of 1501
400.0 Seconds of 1501
500.0 Seconds of 1501
600.0 Seconds of 1501
700.0 Seconds of 1501
800.0 Seconds of 1501
900.0 Seconds of 1501
1000.0 Seconds of 1501
1100.0 Seconds of 1501
1200.0 Seconds of 1501
1300.0 Seconds of 1501
1400.0 Seconds of 1501
1500.0 Seconds of 1501
Es hat  9991  Sekunden gebraucht
Data saved to Runtime_Data/SC_Compiled10000_12_0.005623413251903491_1501_500_99.pkl

Used Modell:  SC_Compiled
Number of Neurons:  10000
Running Time:  1501
Time Step Size:  0.001
Input rate h: 0.005623413251903491
Target Spiking Rate:  1
Homeostatic Constant:  1000
