JobId=856514 JobName=name
   UserId=lfz080(4890) GroupId=levina(4024) MCS_label=N/A
   Priority=75115 Nice=0 Account=levina QOS=normal
   JobState=RUNNING Reason=None Dependency=(null)
   Requeue=1 Restarts=0 BatchFlag=1 Reboot=0 ExitCode=0:0
   RunTime=00:00:01 TimeLimit=3-00:00:00 TimeMin=N/A
   SubmitTime=2024-11-27T15:27:59 EligibleTime=2024-11-27T15:27:59
   AccrueTime=2024-11-27T15:28:00
   StartTime=2024-11-27T15:28:00 EndTime=2024-11-30T15:28:00 Deadline=N/A
   PreemptEligibleTime=2024-11-27T15:29:00 PreemptTime=None
   SuspendTime=None SecsPreSuspend=0 LastSchedEval=2024-11-27T15:28:00 Scheduler=Main
   Partition=2080-galvani AllocNode:Sid=galvani-slurmctl:3044493
   ReqNodeList=(null) ExcNodeList=(null)
   NodeList=galvani-cn104
   BatchHost=galvani-cn104
   NumNodes=1 NumCPUs=8 NumTasks=1 CPUs/Task=8 ReqB:S:C:T=0:0:*:*
   ReqTRES=cpu=8,mem=40G,node=1,billing=2,gres/gpu=1
   AllocTRES=cpu=8,mem=40G,node=1,billing=2,gres/gpu=1,gres/gpu:rtx2080ti=1
   Socks/Node=* NtasksPerN:B:S:C=0:0:*:* CoreSpec=*
   MinCPUsNode=8 MinMemoryNode=40G MinTmpDiskNode=0
   Features=(null) DelayBoot=00:00:00
   OverSubscribe=OK Contiguous=0 Licenses=(null) Network=(null)
   Command=/mnt/qb/home/levina/lfz080/Walka/Implementierung_Bachelorarbeit/script.sh
   WorkDir=/mnt/qb/home/levina/lfz080/Walka/Implementierung_Bachelorarbeit
   StdErr=/mnt/qb/home/levina/lfz080/Walka/Implementierung_Bachelorarbeit/slurm-856514.out
   StdIn=/dev/null
   StdOut=/mnt/qb/home/levina/lfz080/Walka/Implementierung_Bachelorarbeit/slurm-856514.out
   Power=
   TresPerNode=gres:gpu:1
   MailUser=walka37@gmail.com MailType=BEGIN,END,FAIL
   

START
1732717683.0138674
0.0 Seconds of 1001
100.0 Seconds of 1001
200.0 Seconds of 1001
300.0 Seconds of 1001
400.0 Seconds of 1001
500.0 Seconds of 1001
600.0 Seconds of 1001
700.0 Seconds of 1001
800.0 Seconds of 1001
900.0 Seconds of 1001
1000.0 Seconds of 1001
Es hat  642  Sekunden gebraucht
Data saved to Runtime_Data/ER1000_0.0075_0.01_1001_500_99.pkl

Used Modell:  ER
Number of Neurons:  1000
Running Time:  1001
Time Step Size:  0.001
Input rate h: 0.01
Target Spiking Rate:  1
Homeostatic Constant:  1
