JobId=839496 JobName=name
   UserId=lfz080(4890) GroupId=levina(4024) MCS_label=N/A
   Priority=74985 Nice=0 Account=levina QOS=normal
   JobState=RUNNING Reason=None Dependency=(null)
   Requeue=1 Restarts=0 BatchFlag=1 Reboot=0 ExitCode=0:0
   RunTime=00:00:04 TimeLimit=3-00:00:00 TimeMin=N/A
   SubmitTime=2024-11-23T11:50:24 EligibleTime=2024-11-23T11:50:24
   AccrueTime=2024-11-23T11:50:25
   StartTime=2024-11-23T11:50:25 EndTime=2024-11-26T11:50:25 Deadline=N/A
   PreemptEligibleTime=2024-11-23T11:51:25 PreemptTime=None
   SuspendTime=None SecsPreSuspend=0 LastSchedEval=2024-11-23T11:50:25 Scheduler=Main
   Partition=2080-galvani AllocNode:Sid=galvani-slurmctl:478326
   ReqNodeList=(null) ExcNodeList=(null)
   NodeList=galvani-cn106
   BatchHost=galvani-cn106
   NumNodes=1 NumCPUs=8 NumTasks=1 CPUs/Task=8 ReqB:S:C:T=0:0:*:*
   ReqTRES=cpu=8,mem=40G,node=1,billing=2,gres/gpu=1
   AllocTRES=cpu=8,mem=40G,node=1,billing=2,gres/gpu=1,gres/gpu:rtx2080ti=1
   Socks/Node=* NtasksPerN:B:S:C=0:0:*:* CoreSpec=*
   MinCPUsNode=8 MinMemoryNode=40G MinTmpDiskNode=0
   Features=(null) DelayBoot=00:00:00
   OverSubscribe=OK Contiguous=0 Licenses=(null) Network=(null)
   Command=/mnt/qb/home/levina/lfz080/Walka/Implementierung_Bachelorarbeit/script.sh
   WorkDir=/mnt/qb/home/levina/lfz080/Walka/Implementierung_Bachelorarbeit
   StdErr=/mnt/qb/home/levina/lfz080/Walka/Implementierung_Bachelorarbeit/slurm-839496.out
   StdIn=/dev/null
   StdOut=/mnt/qb/home/levina/lfz080/Walka/Implementierung_Bachelorarbeit/slurm-839496.out
   Power=
   TresPerNode=gres:gpu:1
   MailUser=walka37@gmail.com MailType=BEGIN,END,FAIL
   

es liegt also an den imports
auch das klappt du dumme nuss
0.0 Seconds of 1
Data saved to Runtime_Data/AA10000_75_0.1_1_95.pkl

Used Modell:  AA
Number of Neurons:  10000
Running Time:  1
Input rate h: 0.1
Target Spiking Rate:  1
Homeostatic Constant:  1000
Alpha init:  0.05
