JobId=841786 JobName=name
   UserId=lfz080(4890) GroupId=levina(4024) MCS_label=N/A
   Priority=75107 Nice=0 Account=levina QOS=normal
   JobState=RUNNING Reason=None Dependency=(null)
   Requeue=1 Restarts=0 BatchFlag=1 Reboot=0 ExitCode=0:0
   RunTime=00:00:01 TimeLimit=3-00:00:00 TimeMin=N/A
   SubmitTime=2024-11-24T10:32:24 EligibleTime=2024-11-24T10:32:24
   AccrueTime=2024-11-24T10:32:25
   StartTime=2024-11-24T12:36:48 EndTime=2024-11-27T12:36:48 Deadline=N/A
   PreemptEligibleTime=2024-11-24T12:37:48 PreemptTime=None
   SuspendTime=None SecsPreSuspend=0 LastSchedEval=2024-11-24T12:36:48 Scheduler=Main
   Partition=2080-galvani AllocNode:Sid=galvani-slurmctl:4159597
   ReqNodeList=(null) ExcNodeList=(null)
   NodeList=galvani-cn126
   BatchHost=galvani-cn126
   NumNodes=1 NumCPUs=8 NumTasks=1 CPUs/Task=8 ReqB:S:C:T=0:0:*:*
   ReqTRES=cpu=8,mem=40G,node=1,billing=2,gres/gpu=1
   AllocTRES=cpu=8,mem=40G,node=1,billing=2,gres/gpu=1,gres/gpu:rtx2080ti=1
   Socks/Node=* NtasksPerN:B:S:C=0:0:*:* CoreSpec=*
   MinCPUsNode=8 MinMemoryNode=40G MinTmpDiskNode=0
   Features=(null) DelayBoot=00:00:00
   OverSubscribe=OK Contiguous=0 Licenses=(null) Network=(null)
   Command=/mnt/qb/home/levina/lfz080/Walka/Implementierung_Bachelorarbeit/script.sh
   WorkDir=/mnt/qb/home/levina/lfz080/Walka/Implementierung_Bachelorarbeit
   StdErr=/mnt/qb/home/levina/lfz080/Walka/Implementierung_Bachelorarbeit/slurm-841786.out
   StdIn=/dev/null
   StdOut=/mnt/qb/home/levina/lfz080/Walka/Implementierung_Bachelorarbeit/slurm-841786.out
   Power=
   TresPerNode=gres:gpu:1
   MailUser=walka37@gmail.com MailType=BEGIN,END,FAIL
   

lalal
auch das klappt du dumme nuss
In der Funktion wird es ausgeführt....
0.0 Seconds of 1501
1.0 Seconds of 1501
2.0 Seconds of 1501
3.0 Seconds of 1501
4.0 Seconds of 1501
5.0 Seconds of 1501
6.0 Seconds of 1501
7.0 Seconds of 1501
8.0 Seconds of 1501
9.0 Seconds of 1501
10.0 Seconds of 1501
11.0 Seconds of 1501
12.0 Seconds of 1501
13.0 Seconds of 1501
14.0 Seconds of 1501
15.0 Seconds of 1501
16.0 Seconds of 1501
17.0 Seconds of 1501
18.0 Seconds of 1501
19.0 Seconds of 1501
20.0 Seconds of 1501
21.0 Seconds of 1501
22.0 Seconds of 1501
23.0 Seconds of 1501
24.0 Seconds of 1501
25.0 Seconds of 1501
26.0 Seconds of 1501
27.0 Seconds of 1501
28.0 Seconds of 1501
29.0 Seconds of 1501
30.0 Seconds of 1501
31.0 Seconds of 1501
32.0 Seconds of 1501
33.0 Seconds of 1501
34.0 Seconds of 1501
35.0 Seconds of 1501
36.0 Seconds of 1501
37.0 Seconds of 1501
38.0 Seconds of 1501
39.0 Seconds of 1501
40.0 Seconds of 1501
41.0 Seconds of 1501
42.0 Seconds of 1501
43.0 Seconds of 1501
44.0 Seconds of 1501
45.0 Seconds of 1501
46.0 Seconds of 1501
47.0 Seconds of 1501
48.0 Seconds of 1501
49.0 Seconds of 1501
50.0 Seconds of 1501
51.0 Seconds of 1501
52.0 Seconds of 1501
53.0 Seconds of 1501
54.0 Seconds of 1501
55.0 Seconds of 1501
56.0 Seconds of 1501
57.0 Seconds of 1501
58.0 Seconds of 1501
59.0 Seconds of 1501
60.0 Seconds of 1501
61.0 Seconds of 1501
62.0 Seconds of 1501
63.0 Seconds of 1501
64.0 Seconds of 1501
65.0 Seconds of 1501
66.0 Seconds of 1501
67.0 Seconds of 1501
68.0 Seconds of 1501
69.0 Seconds of 1501
70.0 Seconds of 1501
71.0 Seconds of 1501
72.0 Seconds of 1501
73.0 Seconds of 1501
74.0 Seconds of 1501
75.0 Seconds of 1501
76.0 Seconds of 1501
77.0 Seconds of 1501
78.0 Seconds of 1501
79.0 Seconds of 1501
80.0 Seconds of 1501
81.0 Seconds of 1501
82.0 Seconds of 1501
83.0 Seconds of 1501
84.0 Seconds of 1501
85.0 Seconds of 1501
86.0 Seconds of 1501
87.0 Seconds of 1501
88.0 Seconds of 1501
89.0 Seconds of 1501
90.0 Seconds of 1501
91.0 Seconds of 1501
92.0 Seconds of 1501
93.0 Seconds of 1501
94.0 Seconds of 1501
95.0 Seconds of 1501
96.0 Seconds of 1501
97.0 Seconds of 1501
98.0 Seconds of 1501
99.0 Seconds of 1501
100.0 Seconds of 1501
101.0 Seconds of 1501
102.0 Seconds of 1501
103.0 Seconds of 1501
104.0 Seconds of 1501
105.0 Seconds of 1501
106.0 Seconds of 1501
107.0 Seconds of 1501
108.0 Seconds of 1501
109.0 Seconds of 1501
110.0 Seconds of 1501
111.0 Seconds of 1501
112.0 Seconds of 1501
113.0 Seconds of 1501
114.0 Seconds of 1501
115.0 Seconds of 1501
116.0 Seconds of 1501
117.0 Seconds of 1501
118.0 Seconds of 1501
119.0 Seconds of 1501
120.0 Seconds of 1501
121.0 Seconds of 1501
122.0 Seconds of 1501
123.0 Seconds of 1501
124.0 Seconds of 1501
125.0 Seconds of 1501
126.0 Seconds of 1501
127.0 Seconds of 1501
128.0 Seconds of 1501
129.0 Seconds of 1501
130.0 Seconds of 1501
131.0 Seconds of 1501
132.0 Seconds of 1501
133.0 Seconds of 1501
134.0 Seconds of 1501
135.0 Seconds of 1501
136.0 Seconds of 1501
137.0 Seconds of 1501
138.0 Seconds of 1501
139.0 Seconds of 1501
140.0 Seconds of 1501
141.0 Seconds of 1501
142.0 Seconds of 1501
143.0 Seconds of 1501
144.0 Seconds of 1501
145.0 Seconds of 1501
146.0 Seconds of 1501
147.0 Seconds of 1501
148.0 Seconds of 1501
149.0 Seconds of 1501
150.0 Seconds of 1501
151.0 Seconds of 1501
152.0 Seconds of 1501
153.0 Seconds of 1501
154.0 Seconds of 1501
155.0 Seconds of 1501
156.0 Seconds of 1501
157.0 Seconds of 1501
158.0 Seconds of 1501
159.0 Seconds of 1501
160.0 Seconds of 1501
161.0 Seconds of 1501
162.0 Seconds of 1501
163.0 Seconds of 1501
164.0 Seconds of 1501
165.0 Seconds of 1501
166.0 Seconds of 1501
167.0 Seconds of 1501
168.0 Seconds of 1501
169.0 Seconds of 1501
170.0 Seconds of 1501
171.0 Seconds of 1501
172.0 Seconds of 1501
173.0 Seconds of 1501
174.0 Seconds of 1501
175.0 Seconds of 1501
176.0 Seconds of 1501
177.0 Seconds of 1501
178.0 Seconds of 1501
179.0 Seconds of 1501
180.0 Seconds of 1501
181.0 Seconds of 1501
182.0 Seconds of 1501
183.0 Seconds of 1501
184.0 Seconds of 1501
185.0 Seconds of 1501
186.0 Seconds of 1501
187.0 Seconds of 1501
188.0 Seconds of 1501
189.0 Seconds of 1501
190.0 Seconds of 1501
191.0 Seconds of 1501
192.0 Seconds of 1501
193.0 Seconds of 1501
194.0 Seconds of 1501
195.0 Seconds of 1501
196.0 Seconds of 1501
197.0 Seconds of 1501
198.0 Seconds of 1501
199.0 Seconds of 1501
200.0 Seconds of 1501
201.0 Seconds of 1501
202.0 Seconds of 1501
203.0 Seconds of 1501
204.0 Seconds of 1501
205.0 Seconds of 1501
206.0 Seconds of 1501
207.0 Seconds of 1501
208.0 Seconds of 1501
209.0 Seconds of 1501
210.0 Seconds of 1501
211.0 Seconds of 1501
212.0 Seconds of 1501
213.0 Seconds of 1501
214.0 Seconds of 1501
215.0 Seconds of 1501
216.0 Seconds of 1501
217.0 Seconds of 1501
218.0 Seconds of 1501
219.0 Seconds of 1501
220.0 Seconds of 1501
221.0 Seconds of 1501
222.0 Seconds of 1501
223.0 Seconds of 1501
224.0 Seconds of 1501
225.0 Seconds of 1501
226.0 Seconds of 1501
227.0 Seconds of 1501
228.0 Seconds of 1501
229.0 Seconds of 1501
230.0 Seconds of 1501
231.0 Seconds of 1501
232.0 Seconds of 1501
233.0 Seconds of 1501
234.0 Seconds of 1501
235.0 Seconds of 1501
236.0 Seconds of 1501
237.0 Seconds of 1501
238.0 Seconds of 1501
239.0 Seconds of 1501
240.0 Seconds of 1501
241.0 Seconds of 1501
242.0 Seconds of 1501
243.0 Seconds of 1501
244.0 Seconds of 1501
245.0 Seconds of 1501
246.0 Seconds of 1501
247.0 Seconds of 1501
248.0 Seconds of 1501
249.0 Seconds of 1501
250.0 Seconds of 1501
251.0 Seconds of 1501
252.0 Seconds of 1501
253.0 Seconds of 1501
254.0 Seconds of 1501
255.0 Seconds of 1501
256.0 Seconds of 1501
257.0 Seconds of 1501
258.0 Seconds of 1501
259.0 Seconds of 1501
260.0 Seconds of 1501
261.0 Seconds of 1501
262.0 Seconds of 1501
263.0 Seconds of 1501
264.0 Seconds of 1501
265.0 Seconds of 1501
266.0 Seconds of 1501
267.0 Seconds of 1501
268.0 Seconds of 1501
269.0 Seconds of 1501
270.0 Seconds of 1501
271.0 Seconds of 1501
272.0 Seconds of 1501
273.0 Seconds of 1501
274.0 Seconds of 1501
275.0 Seconds of 1501
276.0 Seconds of 1501
277.0 Seconds of 1501
278.0 Seconds of 1501
279.0 Seconds of 1501
280.0 Seconds of 1501
281.0 Seconds of 1501
282.0 Seconds of 1501
283.0 Seconds of 1501
284.0 Seconds of 1501
285.0 Seconds of 1501
286.0 Seconds of 1501
287.0 Seconds of 1501
288.0 Seconds of 1501
289.0 Seconds of 1501
290.0 Seconds of 1501
291.0 Seconds of 1501
292.0 Seconds of 1501
293.0 Seconds of 1501
294.0 Seconds of 1501
295.0 Seconds of 1501
296.0 Seconds of 1501
297.0 Seconds of 1501
298.0 Seconds of 1501
299.0 Seconds of 1501
300.0 Seconds of 1501
301.0 Seconds of 1501
302.0 Seconds of 1501
303.0 Seconds of 1501
304.0 Seconds of 1501
305.0 Seconds of 1501
306.0 Seconds of 1501
307.0 Seconds of 1501
308.0 Seconds of 1501
309.0 Seconds of 1501
310.0 Seconds of 1501
311.0 Seconds of 1501
312.0 Seconds of 1501
313.0 Seconds of 1501
314.0 Seconds of 1501
315.0 Seconds of 1501
316.0 Seconds of 1501
317.0 Seconds of 1501
318.0 Seconds of 1501
319.0 Seconds of 1501
320.0 Seconds of 1501
321.0 Seconds of 1501
322.0 Seconds of 1501
323.0 Seconds of 1501
324.0 Seconds of 1501
325.0 Seconds of 1501
326.0 Seconds of 1501
327.0 Seconds of 1501
328.0 Seconds of 1501
329.0 Seconds of 1501
330.0 Seconds of 1501
331.0 Seconds of 1501
332.0 Seconds of 1501
333.0 Seconds of 1501
334.0 Seconds of 1501
335.0 Seconds of 1501
336.0 Seconds of 1501
337.0 Seconds of 1501
338.0 Seconds of 1501
339.0 Seconds of 1501
340.0 Seconds of 1501
341.0 Seconds of 1501
342.0 Seconds of 1501
343.0 Seconds of 1501
344.0 Seconds of 1501
345.0 Seconds of 1501
346.0 Seconds of 1501
347.0 Seconds of 1501
348.0 Seconds of 1501
349.0 Seconds of 1501
350.0 Seconds of 1501
351.0 Seconds of 1501
352.0 Seconds of 1501
353.0 Seconds of 1501
354.0 Seconds of 1501
355.0 Seconds of 1501
356.0 Seconds of 1501
357.0 Seconds of 1501
358.0 Seconds of 1501
359.0 Seconds of 1501
360.0 Seconds of 1501
361.0 Seconds of 1501
362.0 Seconds of 1501
363.0 Seconds of 1501
364.0 Seconds of 1501
365.0 Seconds of 1501
366.0 Seconds of 1501
367.0 Seconds of 1501
368.0 Seconds of 1501
369.0 Seconds of 1501
370.0 Seconds of 1501
371.0 Seconds of 1501
372.0 Seconds of 1501
373.0 Seconds of 1501
374.0 Seconds of 1501
375.0 Seconds of 1501
376.0 Seconds of 1501
377.0 Seconds of 1501
378.0 Seconds of 1501
379.0 Seconds of 1501
380.0 Seconds of 1501
381.0 Seconds of 1501
382.0 Seconds of 1501
383.0 Seconds of 1501
384.0 Seconds of 1501
385.0 Seconds of 1501
386.0 Seconds of 1501
387.0 Seconds of 1501
388.0 Seconds of 1501
389.0 Seconds of 1501
390.0 Seconds of 1501
391.0 Seconds of 1501
392.0 Seconds of 1501
393.0 Seconds of 1501
394.0 Seconds of 1501
395.0 Seconds of 1501
396.0 Seconds of 1501
397.0 Seconds of 1501
398.0 Seconds of 1501
399.0 Seconds of 1501
400.0 Seconds of 1501
401.0 Seconds of 1501
402.0 Seconds of 1501
403.0 Seconds of 1501
404.0 Seconds of 1501
405.0 Seconds of 1501
406.0 Seconds of 1501
407.0 Seconds of 1501
408.0 Seconds of 1501
409.0 Seconds of 1501
410.0 Seconds of 1501
411.0 Seconds of 1501
412.0 Seconds of 1501
413.0 Seconds of 1501
414.0 Seconds of 1501
415.0 Seconds of 1501
416.0 Seconds of 1501
417.0 Seconds of 1501
418.0 Seconds of 1501
419.0 Seconds of 1501
420.0 Seconds of 1501
421.0 Seconds of 1501
422.0 Seconds of 1501
423.0 Seconds of 1501
424.0 Seconds of 1501
425.0 Seconds of 1501
426.0 Seconds of 1501
427.0 Seconds of 1501
428.0 Seconds of 1501
429.0 Seconds of 1501
430.0 Seconds of 1501
431.0 Seconds of 1501
432.0 Seconds of 1501
433.0 Seconds of 1501
434.0 Seconds of 1501
435.0 Seconds of 1501
436.0 Seconds of 1501
437.0 Seconds of 1501
438.0 Seconds of 1501
439.0 Seconds of 1501
440.0 Seconds of 1501
441.0 Seconds of 1501
442.0 Seconds of 1501
443.0 Seconds of 1501
444.0 Seconds of 1501
445.0 Seconds of 1501
446.0 Seconds of 1501
447.0 Seconds of 1501
448.0 Seconds of 1501
449.0 Seconds of 1501
450.0 Seconds of 1501
451.0 Seconds of 1501
452.0 Seconds of 1501
453.0 Seconds of 1501
454.0 Seconds of 1501
455.0 Seconds of 1501
456.0 Seconds of 1501
457.0 Seconds of 1501
458.0 Seconds of 1501
459.0 Seconds of 1501
460.0 Seconds of 1501
461.0 Seconds of 1501
462.0 Seconds of 1501
463.0 Seconds of 1501
464.0 Seconds of 1501
465.0 Seconds of 1501
466.0 Seconds of 1501
467.0 Seconds of 1501
468.0 Seconds of 1501
469.0 Seconds of 1501
470.0 Seconds of 1501
471.0 Seconds of 1501
472.0 Seconds of 1501
473.0 Seconds of 1501
474.0 Seconds of 1501
475.0 Seconds of 1501
476.0 Seconds of 1501
477.0 Seconds of 1501
478.0 Seconds of 1501
479.0 Seconds of 1501
480.0 Seconds of 1501
481.0 Seconds of 1501
482.0 Seconds of 1501
483.0 Seconds of 1501
484.0 Seconds of 1501
485.0 Seconds of 1501
486.0 Seconds of 1501
487.0 Seconds of 1501
488.0 Seconds of 1501
489.0 Seconds of 1501
490.0 Seconds of 1501
491.0 Seconds of 1501
492.0 Seconds of 1501
493.0 Seconds of 1501
494.0 Seconds of 1501
495.0 Seconds of 1501
496.0 Seconds of 1501
497.0 Seconds of 1501
498.0 Seconds of 1501
499.0 Seconds of 1501
500.0 Seconds of 1501
501.0 Seconds of 1501
502.0 Seconds of 1501
503.0 Seconds of 1501
504.0 Seconds of 1501
505.0 Seconds of 1501
506.0 Seconds of 1501
507.0 Seconds of 1501
508.0 Seconds of 1501
509.0 Seconds of 1501
510.0 Seconds of 1501
511.0 Seconds of 1501
512.0 Seconds of 1501
513.0 Seconds of 1501
514.0 Seconds of 1501
515.0 Seconds of 1501
516.0 Seconds of 1501
517.0 Seconds of 1501
518.0 Seconds of 1501
519.0 Seconds of 1501
520.0 Seconds of 1501
521.0 Seconds of 1501
522.0 Seconds of 1501
523.0 Seconds of 1501
524.0 Seconds of 1501
525.0 Seconds of 1501
526.0 Seconds of 1501
527.0 Seconds of 1501
528.0 Seconds of 1501
529.0 Seconds of 1501
530.0 Seconds of 1501
531.0 Seconds of 1501
532.0 Seconds of 1501
533.0 Seconds of 1501
534.0 Seconds of 1501
535.0 Seconds of 1501
536.0 Seconds of 1501
537.0 Seconds of 1501
538.0 Seconds of 1501
539.0 Seconds of 1501
540.0 Seconds of 1501
541.0 Seconds of 1501
542.0 Seconds of 1501
543.0 Seconds of 1501
544.0 Seconds of 1501
545.0 Seconds of 1501
546.0 Seconds of 1501
547.0 Seconds of 1501
548.0 Seconds of 1501
549.0 Seconds of 1501
550.0 Seconds of 1501
551.0 Seconds of 1501
552.0 Seconds of 1501
553.0 Seconds of 1501
554.0 Seconds of 1501
555.0 Seconds of 1501
556.0 Seconds of 1501
557.0 Seconds of 1501
558.0 Seconds of 1501
559.0 Seconds of 1501
560.0 Seconds of 1501
561.0 Seconds of 1501
562.0 Seconds of 1501
563.0 Seconds of 1501
564.0 Seconds of 1501
565.0 Seconds of 1501
566.0 Seconds of 1501
567.0 Seconds of 1501
568.0 Seconds of 1501
569.0 Seconds of 1501
570.0 Seconds of 1501
571.0 Seconds of 1501
572.0 Seconds of 1501
573.0 Seconds of 1501
574.0 Seconds of 1501
575.0 Seconds of 1501
576.0 Seconds of 1501
577.0 Seconds of 1501
578.0 Seconds of 1501
579.0 Seconds of 1501
580.0 Seconds of 1501
581.0 Seconds of 1501
582.0 Seconds of 1501
583.0 Seconds of 1501
584.0 Seconds of 1501
585.0 Seconds of 1501
586.0 Seconds of 1501
587.0 Seconds of 1501
588.0 Seconds of 1501
589.0 Seconds of 1501
590.0 Seconds of 1501
591.0 Seconds of 1501
592.0 Seconds of 1501
593.0 Seconds of 1501
594.0 Seconds of 1501
595.0 Seconds of 1501
596.0 Seconds of 1501
597.0 Seconds of 1501
598.0 Seconds of 1501
599.0 Seconds of 1501
600.0 Seconds of 1501
601.0 Seconds of 1501
602.0 Seconds of 1501
603.0 Seconds of 1501
604.0 Seconds of 1501
605.0 Seconds of 1501
606.0 Seconds of 1501
607.0 Seconds of 1501
608.0 Seconds of 1501
609.0 Seconds of 1501
610.0 Seconds of 1501
611.0 Seconds of 1501
612.0 Seconds of 1501
613.0 Seconds of 1501
614.0 Seconds of 1501
615.0 Seconds of 1501
616.0 Seconds of 1501
617.0 Seconds of 1501
618.0 Seconds of 1501
619.0 Seconds of 1501
620.0 Seconds of 1501
621.0 Seconds of 1501
622.0 Seconds of 1501
623.0 Seconds of 1501
624.0 Seconds of 1501
625.0 Seconds of 1501
626.0 Seconds of 1501
627.0 Seconds of 1501
628.0 Seconds of 1501
629.0 Seconds of 1501
630.0 Seconds of 1501
631.0 Seconds of 1501
632.0 Seconds of 1501
633.0 Seconds of 1501
634.0 Seconds of 1501
635.0 Seconds of 1501
636.0 Seconds of 1501
637.0 Seconds of 1501
638.0 Seconds of 1501
639.0 Seconds of 1501
640.0 Seconds of 1501
641.0 Seconds of 1501
642.0 Seconds of 1501
643.0 Seconds of 1501
644.0 Seconds of 1501
645.0 Seconds of 1501
646.0 Seconds of 1501
647.0 Seconds of 1501
648.0 Seconds of 1501
649.0 Seconds of 1501
650.0 Seconds of 1501
651.0 Seconds of 1501
652.0 Seconds of 1501
653.0 Seconds of 1501
654.0 Seconds of 1501
655.0 Seconds of 1501
656.0 Seconds of 1501
657.0 Seconds of 1501
658.0 Seconds of 1501
659.0 Seconds of 1501
660.0 Seconds of 1501
661.0 Seconds of 1501
662.0 Seconds of 1501
663.0 Seconds of 1501
664.0 Seconds of 1501
665.0 Seconds of 1501
666.0 Seconds of 1501
667.0 Seconds of 1501
668.0 Seconds of 1501
669.0 Seconds of 1501
670.0 Seconds of 1501
671.0 Seconds of 1501
672.0 Seconds of 1501
673.0 Seconds of 1501
674.0 Seconds of 1501
675.0 Seconds of 1501
676.0 Seconds of 1501
677.0 Seconds of 1501
678.0 Seconds of 1501
679.0 Seconds of 1501
680.0 Seconds of 1501
681.0 Seconds of 1501
682.0 Seconds of 1501
683.0 Seconds of 1501
684.0 Seconds of 1501
685.0 Seconds of 1501
686.0 Seconds of 1501
687.0 Seconds of 1501
688.0 Seconds of 1501
689.0 Seconds of 1501
690.0 Seconds of 1501
691.0 Seconds of 1501
692.0 Seconds of 1501
693.0 Seconds of 1501
694.0 Seconds of 1501
695.0 Seconds of 1501
696.0 Seconds of 1501
697.0 Seconds of 1501
698.0 Seconds of 1501
699.0 Seconds of 1501
700.0 Seconds of 1501
701.0 Seconds of 1501
702.0 Seconds of 1501
703.0 Seconds of 1501
704.0 Seconds of 1501
705.0 Seconds of 1501
706.0 Seconds of 1501
707.0 Seconds of 1501
708.0 Seconds of 1501
709.0 Seconds of 1501
710.0 Seconds of 1501
711.0 Seconds of 1501
712.0 Seconds of 1501
713.0 Seconds of 1501
714.0 Seconds of 1501
715.0 Seconds of 1501
716.0 Seconds of 1501
717.0 Seconds of 1501
718.0 Seconds of 1501
719.0 Seconds of 1501
720.0 Seconds of 1501
721.0 Seconds of 1501
722.0 Seconds of 1501
723.0 Seconds of 1501
724.0 Seconds of 1501
725.0 Seconds of 1501
726.0 Seconds of 1501
727.0 Seconds of 1501
728.0 Seconds of 1501
729.0 Seconds of 1501
730.0 Seconds of 1501
731.0 Seconds of 1501
732.0 Seconds of 1501
733.0 Seconds of 1501
734.0 Seconds of 1501
735.0 Seconds of 1501
736.0 Seconds of 1501
737.0 Seconds of 1501
738.0 Seconds of 1501
739.0 Seconds of 1501
740.0 Seconds of 1501
741.0 Seconds of 1501
742.0 Seconds of 1501
743.0 Seconds of 1501
744.0 Seconds of 1501
