JobId=839791 JobName=name
   UserId=lfz080(4890) GroupId=levina(4024) MCS_label=N/A
   Priority=74985 Nice=0 Account=levina QOS=normal
   JobState=RUNNING Reason=None Dependency=(null)
   Requeue=1 Restarts=0 BatchFlag=1 Reboot=0 ExitCode=0:0
   RunTime=00:00:01 TimeLimit=3-00:00:00 TimeMin=N/A
   SubmitTime=2024-11-23T16:11:37 EligibleTime=2024-11-23T16:11:37
   AccrueTime=2024-11-23T16:11:37
   StartTime=2024-11-23T16:11:37 EndTime=2024-11-26T16:11:37 Deadline=N/A
   PreemptEligibleTime=2024-11-23T16:12:37 PreemptTime=None
   SuspendTime=None SecsPreSuspend=0 LastSchedEval=2024-11-23T16:11:37 Scheduler=Main
   Partition=2080-galvani AllocNode:Sid=galvani-slurmctl:1429436
   ReqNodeList=(null) ExcNodeList=(null)
   NodeList=galvani-cn110
   BatchHost=galvani-cn110
   NumNodes=1 NumCPUs=8 NumTasks=1 CPUs/Task=8 ReqB:S:C:T=0:0:*:*
   ReqTRES=cpu=8,mem=40G,node=1,billing=2,gres/gpu=1
   AllocTRES=cpu=8,mem=40G,node=1,billing=2,gres/gpu=1,gres/gpu:rtx2080ti=1
   Socks/Node=* NtasksPerN:B:S:C=0:0:*:* CoreSpec=*
   MinCPUsNode=8 MinMemoryNode=40G MinTmpDiskNode=0
   Features=(null) DelayBoot=00:00:00
   OverSubscribe=OK Contiguous=0 Licenses=(null) Network=(null)
   Command=/mnt/qb/home/levina/lfz080/Walka/Implementierung_Bachelorarbeit/script.sh
   WorkDir=/mnt/qb/home/levina/lfz080/Walka/Implementierung_Bachelorarbeit
   StdErr=/mnt/qb/home/levina/lfz080/Walka/Implementierung_Bachelorarbeit/slurm-839791.out
   StdIn=/dev/null
   StdOut=/mnt/qb/home/levina/lfz080/Walka/Implementierung_Bachelorarbeit/slurm-839791.out
   Power=
   TresPerNode=gres:gpu:1
   MailUser=walka37@gmail.com MailType=BEGIN,END,FAIL
   

lalal
auch das klappt du dumme nuss
In der Funktion wird es ausgeführt....
0.0 Seconds of 10
0.01 Seconds of 10
0.02 Seconds of 10
0.03 Seconds of 10
0.04 Seconds of 10
0.05 Seconds of 10
0.06 Seconds of 10
0.07 Seconds of 10
0.08 Seconds of 10
0.09 Seconds of 10
0.1 Seconds of 10
0.11 Seconds of 10
0.12 Seconds of 10
0.13 Seconds of 10
0.14 Seconds of 10
0.15 Seconds of 10
0.16 Seconds of 10
0.17 Seconds of 10
0.18 Seconds of 10
0.19 Seconds of 10
0.2 Seconds of 10
0.21 Seconds of 10
0.22 Seconds of 10
0.23 Seconds of 10
0.24 Seconds of 10
0.25 Seconds of 10
0.26 Seconds of 10
0.27 Seconds of 10
0.28 Seconds of 10
0.29 Seconds of 10
0.3 Seconds of 10
0.31 Seconds of 10
0.32 Seconds of 10
0.33 Seconds of 10
0.34 Seconds of 10
0.35 Seconds of 10
0.36 Seconds of 10
0.37 Seconds of 10
0.38 Seconds of 10
0.39 Seconds of 10
0.4 Seconds of 10
0.41 Seconds of 10
0.42 Seconds of 10
0.43 Seconds of 10
0.44 Seconds of 10
0.45 Seconds of 10
0.46 Seconds of 10
0.47 Seconds of 10
0.48 Seconds of 10
0.49 Seconds of 10
0.5 Seconds of 10
0.51 Seconds of 10
0.52 Seconds of 10
0.53 Seconds of 10
0.54 Seconds of 10
0.55 Seconds of 10
0.56 Seconds of 10
0.57 Seconds of 10
0.58 Seconds of 10
0.59 Seconds of 10
0.6 Seconds of 10
0.61 Seconds of 10
0.62 Seconds of 10
0.63 Seconds of 10
0.64 Seconds of 10
0.65 Seconds of 10
0.66 Seconds of 10
0.67 Seconds of 10
0.68 Seconds of 10
0.69 Seconds of 10
0.7 Seconds of 10
0.71 Seconds of 10
0.72 Seconds of 10
0.73 Seconds of 10
0.74 Seconds of 10
0.75 Seconds of 10
0.76 Seconds of 10
0.77 Seconds of 10
0.78 Seconds of 10
0.79 Seconds of 10
0.8 Seconds of 10
0.81 Seconds of 10
0.82 Seconds of 10
0.83 Seconds of 10
0.84 Seconds of 10
0.85 Seconds of 10
0.86 Seconds of 10
0.87 Seconds of 10
0.88 Seconds of 10
0.89 Seconds of 10
0.9 Seconds of 10
0.91 Seconds of 10
0.92 Seconds of 10
0.93 Seconds of 10
0.94 Seconds of 10
0.95 Seconds of 10
0.96 Seconds of 10
0.97 Seconds of 10
0.98 Seconds of 10
0.99 Seconds of 10
1.0 Seconds of 10
1.01 Seconds of 10
1.02 Seconds of 10
1.03 Seconds of 10
1.04 Seconds of 10
1.05 Seconds of 10
1.06 Seconds of 10
1.07 Seconds of 10
1.08 Seconds of 10
1.09 Seconds of 10
1.1 Seconds of 10
1.11 Seconds of 10
1.12 Seconds of 10
1.13 Seconds of 10
1.14 Seconds of 10
1.15 Seconds of 10
1.16 Seconds of 10
1.17 Seconds of 10
1.18 Seconds of 10
1.19 Seconds of 10
1.2 Seconds of 10
1.21 Seconds of 10
1.22 Seconds of 10
1.23 Seconds of 10
1.24 Seconds of 10
1.25 Seconds of 10
1.26 Seconds of 10
1.27 Seconds of 10
1.28 Seconds of 10
1.29 Seconds of 10
1.3 Seconds of 10
1.31 Seconds of 10
1.32 Seconds of 10
1.33 Seconds of 10
1.34 Seconds of 10
1.35 Seconds of 10
1.36 Seconds of 10
1.37 Seconds of 10
1.38 Seconds of 10
1.39 Seconds of 10
1.4 Seconds of 10
1.41 Seconds of 10
1.42 Seconds of 10
1.43 Seconds of 10
1.44 Seconds of 10
1.45 Seconds of 10
1.46 Seconds of 10
1.47 Seconds of 10
1.48 Seconds of 10
1.49 Seconds of 10
1.5 Seconds of 10
1.51 Seconds of 10
1.52 Seconds of 10
1.53 Seconds of 10
1.54 Seconds of 10
1.55 Seconds of 10
1.56 Seconds of 10
1.57 Seconds of 10
1.58 Seconds of 10
1.59 Seconds of 10
1.6 Seconds of 10
1.61 Seconds of 10
1.62 Seconds of 10
1.63 Seconds of 10
1.64 Seconds of 10
1.65 Seconds of 10
1.66 Seconds of 10
1.67 Seconds of 10
1.68 Seconds of 10
1.69 Seconds of 10
1.7 Seconds of 10
1.71 Seconds of 10
1.72 Seconds of 10
1.73 Seconds of 10
1.74 Seconds of 10
1.75 Seconds of 10
1.76 Seconds of 10
1.77 Seconds of 10
1.78 Seconds of 10
1.79 Seconds of 10
1.8 Seconds of 10
1.81 Seconds of 10
1.82 Seconds of 10
1.83 Seconds of 10
1.84 Seconds of 10
1.85 Seconds of 10
1.86 Seconds of 10
1.87 Seconds of 10
1.88 Seconds of 10
1.89 Seconds of 10
1.9 Seconds of 10
1.91 Seconds of 10
1.92 Seconds of 10
1.93 Seconds of 10
1.94 Seconds of 10
1.95 Seconds of 10
1.96 Seconds of 10
1.97 Seconds of 10
1.98 Seconds of 10
1.99 Seconds of 10
2.0 Seconds of 10
2.01 Seconds of 10
2.02 Seconds of 10
2.03 Seconds of 10
2.04 Seconds of 10
2.05 Seconds of 10
2.06 Seconds of 10
2.07 Seconds of 10
2.08 Seconds of 10
2.09 Seconds of 10
2.1 Seconds of 10
2.11 Seconds of 10
2.12 Seconds of 10
2.13 Seconds of 10
2.14 Seconds of 10
2.15 Seconds of 10
2.16 Seconds of 10
2.17 Seconds of 10
2.18 Seconds of 10
2.19 Seconds of 10
2.2 Seconds of 10
2.21 Seconds of 10
2.22 Seconds of 10
2.23 Seconds of 10
2.24 Seconds of 10
2.25 Seconds of 10
2.26 Seconds of 10
2.27 Seconds of 10
2.28 Seconds of 10
2.29 Seconds of 10
2.3 Seconds of 10
2.31 Seconds of 10
2.32 Seconds of 10
2.33 Seconds of 10
2.34 Seconds of 10
2.35 Seconds of 10
2.36 Seconds of 10
2.37 Seconds of 10
2.38 Seconds of 10
2.39 Seconds of 10
2.4 Seconds of 10
2.41 Seconds of 10
2.42 Seconds of 10
2.43 Seconds of 10
2.44 Seconds of 10
2.45 Seconds of 10
2.46 Seconds of 10
2.47 Seconds of 10
2.48 Seconds of 10
2.49 Seconds of 10
2.5 Seconds of 10
2.51 Seconds of 10
2.52 Seconds of 10
2.53 Seconds of 10
2.54 Seconds of 10
2.55 Seconds of 10
2.56 Seconds of 10
2.57 Seconds of 10
2.58 Seconds of 10
2.59 Seconds of 10
2.6 Seconds of 10
2.61 Seconds of 10
2.62 Seconds of 10
2.63 Seconds of 10
2.64 Seconds of 10
2.65 Seconds of 10
2.66 Seconds of 10
2.67 Seconds of 10
2.68 Seconds of 10
2.69 Seconds of 10
2.7 Seconds of 10
2.71 Seconds of 10
2.72 Seconds of 10
2.73 Seconds of 10
2.74 Seconds of 10
2.75 Seconds of 10
2.76 Seconds of 10
2.77 Seconds of 10
2.78 Seconds of 10
2.79 Seconds of 10
2.8 Seconds of 10
2.81 Seconds of 10
2.82 Seconds of 10
2.83 Seconds of 10
2.84 Seconds of 10
2.85 Seconds of 10
2.86 Seconds of 10
2.87 Seconds of 10
2.88 Seconds of 10
2.89 Seconds of 10
2.9 Seconds of 10
2.91 Seconds of 10
2.92 Seconds of 10
2.93 Seconds of 10
2.94 Seconds of 10
2.95 Seconds of 10
2.96 Seconds of 10
2.97 Seconds of 10
2.98 Seconds of 10
2.99 Seconds of 10
3.0 Seconds of 10
3.01 Seconds of 10
3.02 Seconds of 10
3.03 Seconds of 10
3.04 Seconds of 10
3.05 Seconds of 10
3.06 Seconds of 10
3.07 Seconds of 10
3.08 Seconds of 10
3.09 Seconds of 10
3.1 Seconds of 10
3.11 Seconds of 10
3.12 Seconds of 10
3.13 Seconds of 10
3.14 Seconds of 10
3.15 Seconds of 10
3.16 Seconds of 10
3.17 Seconds of 10
3.18 Seconds of 10
3.19 Seconds of 10
3.2 Seconds of 10
3.21 Seconds of 10
3.22 Seconds of 10
3.23 Seconds of 10
3.24 Seconds of 10
3.25 Seconds of 10
3.26 Seconds of 10
3.27 Seconds of 10
3.28 Seconds of 10
3.29 Seconds of 10
3.3 Seconds of 10
3.31 Seconds of 10
3.32 Seconds of 10
3.33 Seconds of 10
3.34 Seconds of 10
3.35 Seconds of 10
3.36 Seconds of 10
3.37 Seconds of 10
3.38 Seconds of 10
3.39 Seconds of 10
3.4 Seconds of 10
3.41 Seconds of 10
3.42 Seconds of 10
3.43 Seconds of 10
3.44 Seconds of 10
3.45 Seconds of 10
3.46 Seconds of 10
3.47 Seconds of 10
3.48 Seconds of 10
3.49 Seconds of 10
3.5 Seconds of 10
3.51 Seconds of 10
3.52 Seconds of 10
3.53 Seconds of 10
3.54 Seconds of 10
3.55 Seconds of 10
3.56 Seconds of 10
3.57 Seconds of 10
3.58 Seconds of 10
3.59 Seconds of 10
3.6 Seconds of 10
3.61 Seconds of 10
3.62 Seconds of 10
3.63 Seconds of 10
3.64 Seconds of 10
3.65 Seconds of 10
3.66 Seconds of 10
3.67 Seconds of 10
3.68 Seconds of 10
3.69 Seconds of 10
3.7 Seconds of 10
3.71 Seconds of 10
3.72 Seconds of 10
3.73 Seconds of 10
3.74 Seconds of 10
3.75 Seconds of 10
3.76 Seconds of 10
3.77 Seconds of 10
3.78 Seconds of 10
3.79 Seconds of 10
3.8 Seconds of 10
3.81 Seconds of 10
3.82 Seconds of 10
3.83 Seconds of 10
3.84 Seconds of 10
3.85 Seconds of 10
3.86 Seconds of 10
3.87 Seconds of 10
3.88 Seconds of 10
3.89 Seconds of 10
3.9 Seconds of 10
3.91 Seconds of 10
3.92 Seconds of 10
3.93 Seconds of 10
3.94 Seconds of 10
3.95 Seconds of 10
3.96 Seconds of 10
3.97 Seconds of 10
3.98 Seconds of 10
3.99 Seconds of 10
4.0 Seconds of 10
4.01 Seconds of 10
4.02 Seconds of 10
4.03 Seconds of 10
4.04 Seconds of 10
4.05 Seconds of 10
4.06 Seconds of 10
4.07 Seconds of 10
4.08 Seconds of 10
4.09 Seconds of 10
4.1 Seconds of 10
4.11 Seconds of 10
4.12 Seconds of 10
4.13 Seconds of 10
4.14 Seconds of 10
4.15 Seconds of 10
4.16 Seconds of 10
4.17 Seconds of 10
4.18 Seconds of 10
4.19 Seconds of 10
4.2 Seconds of 10
4.21 Seconds of 10
4.22 Seconds of 10
4.23 Seconds of 10
4.24 Seconds of 10
4.25 Seconds of 10
4.26 Seconds of 10
4.27 Seconds of 10
4.28 Seconds of 10
4.29 Seconds of 10
4.3 Seconds of 10
4.31 Seconds of 10
4.32 Seconds of 10
4.33 Seconds of 10
4.34 Seconds of 10
4.35 Seconds of 10
4.36 Seconds of 10
4.37 Seconds of 10
4.38 Seconds of 10
4.39 Seconds of 10
4.4 Seconds of 10
4.41 Seconds of 10
4.42 Seconds of 10
4.43 Seconds of 10
4.44 Seconds of 10
4.45 Seconds of 10
4.46 Seconds of 10
4.47 Seconds of 10
4.48 Seconds of 10
4.49 Seconds of 10
4.5 Seconds of 10
4.51 Seconds of 10
4.52 Seconds of 10
4.53 Seconds of 10
4.54 Seconds of 10
4.55 Seconds of 10
4.56 Seconds of 10
4.57 Seconds of 10
4.58 Seconds of 10
4.59 Seconds of 10
4.6 Seconds of 10
4.61 Seconds of 10
4.62 Seconds of 10
4.63 Seconds of 10
4.64 Seconds of 10
4.65 Seconds of 10
4.66 Seconds of 10
4.67 Seconds of 10
4.68 Seconds of 10
4.69 Seconds of 10
4.7 Seconds of 10
4.71 Seconds of 10
4.72 Seconds of 10
4.73 Seconds of 10
4.74 Seconds of 10
4.75 Seconds of 10
4.76 Seconds of 10
4.77 Seconds of 10
4.78 Seconds of 10
4.79 Seconds of 10
4.8 Seconds of 10
4.81 Seconds of 10
4.82 Seconds of 10
4.83 Seconds of 10
4.84 Seconds of 10
4.85 Seconds of 10
4.86 Seconds of 10
4.87 Seconds of 10
4.88 Seconds of 10
4.89 Seconds of 10
4.9 Seconds of 10
4.91 Seconds of 10
4.92 Seconds of 10
4.93 Seconds of 10
4.94 Seconds of 10
4.95 Seconds of 10
4.96 Seconds of 10
4.97 Seconds of 10
4.98 Seconds of 10
4.99 Seconds of 10
5.0 Seconds of 10
5.01 Seconds of 10
5.02 Seconds of 10
5.03 Seconds of 10
5.04 Seconds of 10
5.05 Seconds of 10
5.06 Seconds of 10
5.07 Seconds of 10
5.08 Seconds of 10
5.09 Seconds of 10
5.1 Seconds of 10
5.11 Seconds of 10
5.12 Seconds of 10
5.13 Seconds of 10
5.14 Seconds of 10
5.15 Seconds of 10
5.16 Seconds of 10
5.17 Seconds of 10
5.18 Seconds of 10
5.19 Seconds of 10
5.2 Seconds of 10
5.21 Seconds of 10
5.22 Seconds of 10
5.23 Seconds of 10
5.24 Seconds of 10
5.25 Seconds of 10
5.26 Seconds of 10
5.27 Seconds of 10
5.28 Seconds of 10
5.29 Seconds of 10
5.3 Seconds of 10
5.31 Seconds of 10
5.32 Seconds of 10
5.33 Seconds of 10
5.34 Seconds of 10
5.35 Seconds of 10
5.36 Seconds of 10
5.37 Seconds of 10
5.38 Seconds of 10
5.39 Seconds of 10
5.4 Seconds of 10
5.41 Seconds of 10
5.42 Seconds of 10
5.43 Seconds of 10
5.44 Seconds of 10
5.45 Seconds of 10
5.46 Seconds of 10
5.47 Seconds of 10
5.48 Seconds of 10
5.49 Seconds of 10
5.5 Seconds of 10
5.51 Seconds of 10
5.52 Seconds of 10
5.53 Seconds of 10
5.54 Seconds of 10
5.55 Seconds of 10
5.56 Seconds of 10
5.57 Seconds of 10
5.58 Seconds of 10
5.59 Seconds of 10
5.6 Seconds of 10
5.61 Seconds of 10
5.62 Seconds of 10
5.63 Seconds of 10
5.64 Seconds of 10
5.65 Seconds of 10
5.66 Seconds of 10
5.67 Seconds of 10
5.68 Seconds of 10
5.69 Seconds of 10
5.7 Seconds of 10
5.71 Seconds of 10
5.72 Seconds of 10
5.73 Seconds of 10
5.74 Seconds of 10
5.75 Seconds of 10
5.76 Seconds of 10
5.77 Seconds of 10
5.78 Seconds of 10
5.79 Seconds of 10
5.8 Seconds of 10
5.81 Seconds of 10
5.82 Seconds of 10
5.83 Seconds of 10
5.84 Seconds of 10
5.85 Seconds of 10
5.86 Seconds of 10
5.87 Seconds of 10
5.88 Seconds of 10
5.89 Seconds of 10
5.9 Seconds of 10
5.91 Seconds of 10
5.92 Seconds of 10
5.93 Seconds of 10
5.94 Seconds of 10
5.95 Seconds of 10
5.96 Seconds of 10
5.97 Seconds of 10
5.98 Seconds of 10
5.99 Seconds of 10
6.0 Seconds of 10
6.01 Seconds of 10
6.02 Seconds of 10
6.03 Seconds of 10
6.04 Seconds of 10
6.05 Seconds of 10
6.06 Seconds of 10
6.07 Seconds of 10
6.08 Seconds of 10
6.09 Seconds of 10
6.1 Seconds of 10
6.11 Seconds of 10
6.12 Seconds of 10
6.13 Seconds of 10
6.14 Seconds of 10
6.15 Seconds of 10
6.16 Seconds of 10
6.17 Seconds of 10
6.18 Seconds of 10
6.19 Seconds of 10
6.2 Seconds of 10
6.21 Seconds of 10
6.22 Seconds of 10
6.23 Seconds of 10
6.24 Seconds of 10
6.25 Seconds of 10
6.26 Seconds of 10
6.27 Seconds of 10
6.28 Seconds of 10
6.29 Seconds of 10
6.3 Seconds of 10
6.31 Seconds of 10
6.32 Seconds of 10
6.33 Seconds of 10
6.34 Seconds of 10
6.35 Seconds of 10
6.36 Seconds of 10
6.37 Seconds of 10
6.38 Seconds of 10
6.39 Seconds of 10
6.4 Seconds of 10
6.41 Seconds of 10
6.42 Seconds of 10
6.43 Seconds of 10
6.44 Seconds of 10
6.45 Seconds of 10
6.46 Seconds of 10
6.47 Seconds of 10
6.48 Seconds of 10
6.49 Seconds of 10
6.5 Seconds of 10
6.51 Seconds of 10
6.52 Seconds of 10
6.53 Seconds of 10
6.54 Seconds of 10
6.55 Seconds of 10
6.56 Seconds of 10
6.57 Seconds of 10
6.58 Seconds of 10
6.59 Seconds of 10
6.6 Seconds of 10
6.61 Seconds of 10
6.62 Seconds of 10
6.63 Seconds of 10
6.64 Seconds of 10
6.65 Seconds of 10
6.66 Seconds of 10
6.67 Seconds of 10
6.68 Seconds of 10
6.69 Seconds of 10
6.7 Seconds of 10
6.71 Seconds of 10
6.72 Seconds of 10
6.73 Seconds of 10
6.74 Seconds of 10
6.75 Seconds of 10
6.76 Seconds of 10
6.77 Seconds of 10
6.78 Seconds of 10
6.79 Seconds of 10
6.8 Seconds of 10
6.81 Seconds of 10
6.82 Seconds of 10
6.83 Seconds of 10
6.84 Seconds of 10
6.85 Seconds of 10
6.86 Seconds of 10
6.87 Seconds of 10
6.88 Seconds of 10
6.89 Seconds of 10
6.9 Seconds of 10
6.91 Seconds of 10
6.92 Seconds of 10
6.93 Seconds of 10
6.94 Seconds of 10
6.95 Seconds of 10
6.96 Seconds of 10
6.97 Seconds of 10
6.98 Seconds of 10
6.99 Seconds of 10
7.0 Seconds of 10
7.01 Seconds of 10
7.02 Seconds of 10
7.03 Seconds of 10
7.04 Seconds of 10
7.05 Seconds of 10
7.06 Seconds of 10
7.07 Seconds of 10
7.08 Seconds of 10
7.09 Seconds of 10
7.1 Seconds of 10
7.11 Seconds of 10
7.12 Seconds of 10
7.13 Seconds of 10
7.14 Seconds of 10
7.15 Seconds of 10
7.16 Seconds of 10
7.17 Seconds of 10
7.18 Seconds of 10
7.19 Seconds of 10
7.2 Seconds of 10
7.21 Seconds of 10
7.22 Seconds of 10
7.23 Seconds of 10
7.24 Seconds of 10
7.25 Seconds of 10
7.26 Seconds of 10
7.27 Seconds of 10
7.28 Seconds of 10
7.29 Seconds of 10
7.3 Seconds of 10
7.31 Seconds of 10
7.32 Seconds of 10
7.33 Seconds of 10
7.34 Seconds of 10
7.35 Seconds of 10
7.36 Seconds of 10
7.37 Seconds of 10
7.38 Seconds of 10
7.39 Seconds of 10
7.4 Seconds of 10
7.41 Seconds of 10
7.42 Seconds of 10
7.43 Seconds of 10
7.44 Seconds of 10
7.45 Seconds of 10
7.46 Seconds of 10
7.47 Seconds of 10
7.48 Seconds of 10
7.49 Seconds of 10
7.5 Seconds of 10
7.51 Seconds of 10
7.52 Seconds of 10
7.53 Seconds of 10
7.54 Seconds of 10
7.55 Seconds of 10
7.56 Seconds of 10
7.57 Seconds of 10
7.58 Seconds of 10
7.59 Seconds of 10
7.6 Seconds of 10
7.61 Seconds of 10
7.62 Seconds of 10
7.63 Seconds of 10
7.64 Seconds of 10
7.65 Seconds of 10
7.66 Seconds of 10
7.67 Seconds of 10
7.68 Seconds of 10
7.69 Seconds of 10
7.7 Seconds of 10
7.71 Seconds of 10
7.72 Seconds of 10
7.73 Seconds of 10
7.74 Seconds of 10
7.75 Seconds of 10
7.76 Seconds of 10
7.77 Seconds of 10
7.78 Seconds of 10
7.79 Seconds of 10
7.8 Seconds of 10
7.81 Seconds of 10
7.82 Seconds of 10
7.83 Seconds of 10
7.84 Seconds of 10
7.85 Seconds of 10
7.86 Seconds of 10
7.87 Seconds of 10
7.88 Seconds of 10
7.89 Seconds of 10
7.9 Seconds of 10
7.91 Seconds of 10
7.92 Seconds of 10
7.93 Seconds of 10
7.94 Seconds of 10
7.95 Seconds of 10
7.96 Seconds of 10
7.97 Seconds of 10
7.98 Seconds of 10
7.99 Seconds of 10
8.0 Seconds of 10
8.01 Seconds of 10
8.02 Seconds of 10
8.03 Seconds of 10
8.04 Seconds of 10
8.05 Seconds of 10
8.06 Seconds of 10
8.07 Seconds of 10
8.08 Seconds of 10
8.09 Seconds of 10
8.1 Seconds of 10
8.11 Seconds of 10
8.12 Seconds of 10
8.13 Seconds of 10
8.14 Seconds of 10
8.15 Seconds of 10
8.16 Seconds of 10
8.17 Seconds of 10
8.18 Seconds of 10
8.19 Seconds of 10
8.2 Seconds of 10
8.21 Seconds of 10
8.22 Seconds of 10
8.23 Seconds of 10
8.24 Seconds of 10
8.25 Seconds of 10
8.26 Seconds of 10
8.27 Seconds of 10
8.28 Seconds of 10
8.29 Seconds of 10
8.3 Seconds of 10
8.31 Seconds of 10
8.32 Seconds of 10
8.33 Seconds of 10
8.34 Seconds of 10
8.35 Seconds of 10
8.36 Seconds of 10
8.37 Seconds of 10
8.38 Seconds of 10
8.39 Seconds of 10
8.4 Seconds of 10
8.41 Seconds of 10
8.42 Seconds of 10
8.43 Seconds of 10
8.44 Seconds of 10
8.45 Seconds of 10
8.46 Seconds of 10
8.47 Seconds of 10
8.48 Seconds of 10
8.49 Seconds of 10
8.5 Seconds of 10
8.51 Seconds of 10
8.52 Seconds of 10
8.53 Seconds of 10
8.54 Seconds of 10
8.55 Seconds of 10
8.56 Seconds of 10
8.57 Seconds of 10
8.58 Seconds of 10
8.59 Seconds of 10
8.6 Seconds of 10
8.61 Seconds of 10
8.62 Seconds of 10
8.63 Seconds of 10
8.64 Seconds of 10
8.65 Seconds of 10
8.66 Seconds of 10
8.67 Seconds of 10
8.68 Seconds of 10
8.69 Seconds of 10
8.7 Seconds of 10
8.71 Seconds of 10
8.72 Seconds of 10
8.73 Seconds of 10
8.74 Seconds of 10
8.75 Seconds of 10
8.76 Seconds of 10
8.77 Seconds of 10
8.78 Seconds of 10
8.79 Seconds of 10
8.8 Seconds of 10
8.81 Seconds of 10
8.82 Seconds of 10
8.83 Seconds of 10
8.84 Seconds of 10
8.85 Seconds of 10
8.86 Seconds of 10
8.87 Seconds of 10
8.88 Seconds of 10
8.89 Seconds of 10
8.9 Seconds of 10
8.91 Seconds of 10
8.92 Seconds of 10
8.93 Seconds of 10
8.94 Seconds of 10
8.95 Seconds of 10
8.96 Seconds of 10
8.97 Seconds of 10
8.98 Seconds of 10
8.99 Seconds of 10
9.0 Seconds of 10
9.01 Seconds of 10
9.02 Seconds of 10
9.03 Seconds of 10
9.04 Seconds of 10
9.05 Seconds of 10
9.06 Seconds of 10
9.07 Seconds of 10
9.08 Seconds of 10
9.09 Seconds of 10
9.1 Seconds of 10
9.11 Seconds of 10
9.12 Seconds of 10
9.13 Seconds of 10
9.14 Seconds of 10
9.15 Seconds of 10
9.16 Seconds of 10
9.17 Seconds of 10
9.18 Seconds of 10
9.19 Seconds of 10
9.2 Seconds of 10
9.21 Seconds of 10
9.22 Seconds of 10
9.23 Seconds of 10
9.24 Seconds of 10
9.25 Seconds of 10
9.26 Seconds of 10
9.27 Seconds of 10
9.28 Seconds of 10
9.29 Seconds of 10
9.3 Seconds of 10
9.31 Seconds of 10
9.32 Seconds of 10
9.33 Seconds of 10
9.34 Seconds of 10
9.35 Seconds of 10
9.36 Seconds of 10
9.37 Seconds of 10
9.38 Seconds of 10
9.39 Seconds of 10
9.4 Seconds of 10
9.41 Seconds of 10
9.42 Seconds of 10
9.43 Seconds of 10
9.44 Seconds of 10
9.45 Seconds of 10
9.46 Seconds of 10
9.47 Seconds of 10
9.48 Seconds of 10
9.49 Seconds of 10
9.5 Seconds of 10
9.51 Seconds of 10
9.52 Seconds of 10
9.53 Seconds of 10
9.54 Seconds of 10
9.55 Seconds of 10
9.56 Seconds of 10
9.57 Seconds of 10
9.58 Seconds of 10
9.59 Seconds of 10
9.6 Seconds of 10
9.61 Seconds of 10
9.62 Seconds of 10
9.63 Seconds of 10
9.64 Seconds of 10
9.65 Seconds of 10
9.66 Seconds of 10
9.67 Seconds of 10
9.68 Seconds of 10
9.69 Seconds of 10
9.7 Seconds of 10
9.71 Seconds of 10
9.72 Seconds of 10
9.73 Seconds of 10
9.74 Seconds of 10
9.75 Seconds of 10
9.76 Seconds of 10
9.77 Seconds of 10
9.78 Seconds of 10
9.79 Seconds of 10
9.8 Seconds of 10
9.81 Seconds of 10
9.82 Seconds of 10
9.83 Seconds of 10
9.84 Seconds of 10
9.85 Seconds of 10
9.86 Seconds of 10
9.87 Seconds of 10
9.88 Seconds of 10
9.89 Seconds of 10
9.9 Seconds of 10
9.91 Seconds of 10
9.92 Seconds of 10
9.93 Seconds of 10
9.94 Seconds of 10
9.95 Seconds of 10
9.96 Seconds of 10
9.97 Seconds of 10
9.98 Seconds of 10
9.99 Seconds of 10
total used time:  84
Data saved to Runtime_Data/AA10000_4_0.1_10_75.pkl

Used Modell:  AA
Number of Neurons:  10000
Running Time:  10
Input rate h: 0.1
Target Spiking Rate:  1
Homeostatic Constant:  1000
Alpha init:  0.05
