JobId=839794 JobName=name
   UserId=lfz080(4890) GroupId=levina(4024) MCS_label=N/A
   Priority=74985 Nice=0 Account=levina QOS=normal
   JobState=RUNNING Reason=None Dependency=(null)
   Requeue=1 Restarts=0 BatchFlag=1 Reboot=0 ExitCode=0:0
   RunTime=00:00:01 TimeLimit=3-00:00:00 TimeMin=N/A
   SubmitTime=2024-11-23T16:16:56 EligibleTime=2024-11-23T16:16:56
   AccrueTime=2024-11-23T16:16:56
   StartTime=2024-11-23T16:16:56 EndTime=2024-11-26T16:16:56 Deadline=N/A
   PreemptEligibleTime=2024-11-23T16:17:56 PreemptTime=None
   SuspendTime=None SecsPreSuspend=0 LastSchedEval=2024-11-23T16:16:56 Scheduler=Main
   Partition=2080-galvani AllocNode:Sid=galvani-slurmctl:1429436
   ReqNodeList=(null) ExcNodeList=(null)
   NodeList=galvani-cn110
   BatchHost=galvani-cn110
   NumNodes=1 NumCPUs=8 NumTasks=1 CPUs/Task=8 ReqB:S:C:T=0:0:*:*
   ReqTRES=cpu=8,mem=40G,node=1,billing=2,gres/gpu=1
   AllocTRES=cpu=8,mem=40G,node=1,billing=2,gres/gpu=1,gres/gpu:rtx2080ti=1
   Socks/Node=* NtasksPerN:B:S:C=0:0:*:* CoreSpec=*
   MinCPUsNode=8 MinMemoryNode=40G MinTmpDiskNode=0
   Features=(null) DelayBoot=00:00:00
   OverSubscribe=OK Contiguous=0 Licenses=(null) Network=(null)
   Command=/mnt/qb/home/levina/lfz080/Walka/Implementierung_Bachelorarbeit/script.sh
   WorkDir=/mnt/qb/home/levina/lfz080/Walka/Implementierung_Bachelorarbeit
   StdErr=/mnt/qb/home/levina/lfz080/Walka/Implementierung_Bachelorarbeit/slurm-839794.out
   StdIn=/dev/null
   StdOut=/mnt/qb/home/levina/lfz080/Walka/Implementierung_Bachelorarbeit/slurm-839794.out
   Power=
   TresPerNode=gres:gpu:1
   MailUser=walka37@gmail.com MailType=BEGIN,END,FAIL
   

START
1732375018.5870693
0.0 Seconds of 10
1.0 Seconds of 10
2.0 Seconds of 10
3.0 Seconds of 10
4.0 Seconds of 10
5.0 Seconds of 10
6.0 Seconds of 10
7.0 Seconds of 10
8.0 Seconds of 10
9.0 Seconds of 10
Traceback (most recent call last):
  File "/home/levina/lfz080/Walka/Implementierung_Bachelorarbeit/tests_subset.py", line 14, in <module>
    print("Es hat " + int(t1-t2) +  " Sekunden gebraucht")
TypeError: can only concatenate str (not "int") to str
srun: error: galvani-cn110: task 0: Exited with exit code 1
srun: Terminating StepId=839794.0
