JobId=839559 JobName=name
   UserId=lfz080(4890) GroupId=levina(4024) MCS_label=N/A
   Priority=74985 Nice=0 Account=levina QOS=normal
   JobState=RUNNING Reason=None Dependency=(null)
   Requeue=1 Restarts=0 BatchFlag=1 Reboot=0 ExitCode=0:0
   RunTime=00:00:01 TimeLimit=3-00:00:00 TimeMin=N/A
   SubmitTime=2024-11-23T12:49:17 EligibleTime=2024-11-23T12:49:17
   AccrueTime=2024-11-23T12:49:17
   StartTime=2024-11-23T12:49:17 EndTime=2024-11-26T12:49:17 Deadline=N/A
   PreemptEligibleTime=2024-11-23T12:50:17 PreemptTime=None
   SuspendTime=None SecsPreSuspend=0 LastSchedEval=2024-11-23T12:49:17 Scheduler=Main
   Partition=2080-galvani AllocNode:Sid=galvani-slurmctl:478326
   ReqNodeList=(null) ExcNodeList=(null)
   NodeList=galvani-cn105
   BatchHost=galvani-cn105
   NumNodes=1 NumCPUs=8 NumTasks=1 CPUs/Task=8 ReqB:S:C:T=0:0:*:*
   ReqTRES=cpu=8,mem=40G,node=1,billing=2,gres/gpu=1
   AllocTRES=cpu=8,mem=40G,node=1,billing=2,gres/gpu=1,gres/gpu:rtx2080ti=1
   Socks/Node=* NtasksPerN:B:S:C=0:0:*:* CoreSpec=*
   MinCPUsNode=8 MinMemoryNode=40G MinTmpDiskNode=0
   Features=(null) DelayBoot=00:00:00
   OverSubscribe=OK Contiguous=0 Licenses=(null) Network=(null)
   Command=/mnt/qb/home/levina/lfz080/Walka/Implementierung_Bachelorarbeit/script.sh
   WorkDir=/mnt/qb/home/levina/lfz080/Walka/Implementierung_Bachelorarbeit
   StdErr=/mnt/qb/home/levina/lfz080/Walka/Implementierung_Bachelorarbeit/slurm-839559.out
   StdIn=/dev/null
   StdOut=/mnt/qb/home/levina/lfz080/Walka/Implementierung_Bachelorarbeit/slurm-839559.out
   Power=
   TresPerNode=gres:gpu:1
   MailUser=walka37@gmail.com MailType=BEGIN,END,FAIL
   

lalal
auch das klappt du dumme nuss
Traceback (most recent call last):
  File "/home/levina/lfz080/Walka/Implementierung_Bachelorarbeit/tests.py", line 11, in <module>
    Global_act, Branching_global, Autocorrelation, Average_Activity, Average_Alpha, Avalanche_Distribution = BurnIn.Run_Model(cons.model, cons.N, cons.Seconds, h=cons.h)
  File "/home/levina/lfz080/Walka/Implementierung_Bachelorarbeit/Run_Model_BurnIn.py", line 131, in Run_Model
    Avalanche_Distribution.append(Avalanche_Tracker)
NameError: name 'glob_t' is not defined
srun: error: galvani-cn105: task 0: Exited with exit code 1
srun: Terminating StepId=839559.0
