JobId=839671 JobName=name
   UserId=lfz080(4890) GroupId=levina(4024) MCS_label=N/A
   Priority=74985 Nice=0 Account=levina QOS=normal
   JobState=RUNNING Reason=None Dependency=(null)
   Requeue=1 Restarts=0 BatchFlag=1 Reboot=0 ExitCode=0:0
   RunTime=00:00:01 TimeLimit=3-00:00:00 TimeMin=N/A
   SubmitTime=2024-11-23T14:44:13 EligibleTime=2024-11-23T14:44:13
   AccrueTime=2024-11-23T14:44:14
   StartTime=2024-11-23T14:44:14 EndTime=2024-11-26T14:44:14 Deadline=N/A
   PreemptEligibleTime=2024-11-23T14:45:14 PreemptTime=None
   SuspendTime=None SecsPreSuspend=0 LastSchedEval=2024-11-23T14:44:14 Scheduler=Main
   Partition=2080-galvani AllocNode:Sid=galvani-slurmctl:841820
   ReqNodeList=(null) ExcNodeList=(null)
   NodeList=galvani-cn119
   BatchHost=galvani-cn119
   NumNodes=1 NumCPUs=8 NumTasks=1 CPUs/Task=8 ReqB:S:C:T=0:0:*:*
   ReqTRES=cpu=8,mem=40G,node=1,billing=2,gres/gpu=1
   AllocTRES=cpu=8,mem=40G,node=1,billing=2,gres/gpu=1,gres/gpu:rtx2080ti=1
   Socks/Node=* NtasksPerN:B:S:C=0:0:*:* CoreSpec=*
   MinCPUsNode=8 MinMemoryNode=40G MinTmpDiskNode=0
   Features=(null) DelayBoot=00:00:00
   OverSubscribe=OK Contiguous=0 Licenses=(null) Network=(null)
   Command=/mnt/qb/home/levina/lfz080/Walka/Implementierung_Bachelorarbeit/script.sh
   WorkDir=/mnt/qb/home/levina/lfz080/Walka/Implementierung_Bachelorarbeit
   StdErr=/mnt/qb/home/levina/lfz080/Walka/Implementierung_Bachelorarbeit/slurm-839671.out
   StdIn=/dev/null
   StdOut=/mnt/qb/home/levina/lfz080/Walka/Implementierung_Bachelorarbeit/slurm-839671.out
   Power=
   TresPerNode=gres:gpu:1
   MailUser=walka37@gmail.com MailType=BEGIN,END,FAIL
   

bis hier geht1
bis hier Geht2
lalal
auch das klappt du dumme nuss
In der Funktion wird es ausgeführt....
Traceback (most recent call last):
  File "/home/levina/lfz080/Walka/Implementierung_Bachelorarbeit/tests.py", line 15, in <module>
    run()
  File "/home/levina/lfz080/Walka/Implementierung_Bachelorarbeit/tests.py", line 14, in run
    Global_act, Branching_global, Autocorrelation, Average_Activity, Average_Alpha, Avalanche_Distribution = BurnIn.Run_Model("AA", 1000, 10, h=0.1)
  File "/home/levina/lfz080/Walka/Implementierung_Bachelorarbeit/Run_Model_BurnIn.py", line 78, in Run_Model
    external_activated = funs.External_Input(N, state_value_new, h, cons.delta_t)
NameError: name 'funs' is not defined
srun: error: galvani-cn119: task 0: Exited with exit code 1
srun: Terminating StepId=839671.0
